[0.021s] Invoking command in '/home/awadh/yolobot/build/yolov8_msgs': CMAKE_PREFIX_PATH=/home/awadh/gazebo_ws/install/yolov8_msgs:/home/awadh/gazebo_ws/install/yolobot_recognition:/home/awadh/gazebo_ws/install/yolobot_gazebo:/home/awadh/gazebo_ws/install/yolobot_description:/home/awadh/gazebo_ws/install/yolobot_control:/home/awadh/gazebo_ws/install/my_robot_bringup:/home/awadh/gazebo_ws/install/my_robot_description:/home/awadh/yolobot/install/yolov8_msgs:/home/awadh/yolobot/install/yolobot_recognition:/home/awadh/yolobot/install/yolobot_gazebo:/home/awadh/yolobot/install/yolobot_description:/home/awadh/yolobot/install/yolobot_control:/home/awadh/test2_ws/install/pcl_object_detection:/home/awadh/zed_ws/install/zed_ros2:/home/awadh/zed_ws/install/zed_robot_integration:/home/awadh/zed_ws/install/zed_multi_camera:/home/awadh/zed_ws/install/zed_display_rviz2:/home/awadh/zed_ws/install/zed_depth_to_laserscan:/home/awadh/zed_ws/install/zed_wrapper:/home/awadh/zed_ws/install/zed_tutorial_video:/home/awadh/zed_ws/install/zed_tutorial_pos_tracking:/home/awadh/zed_ws/install/zed_tutorial_depth:/home/awadh/zed_ws/install/zed_topic_benchmark:/home/awadh/zed_ws/install/zed_topic_benchmark_component:/home/awadh/zed_ws/install/zed_topic_benchmark_interfaces:/home/awadh/zed_ws/install/zed_rgb_convert:/home/awadh/zed_ws/install/zed_aruco_localization:/home/awadh/zed_ws/install/zed_components:/home/awadh/zed_ws/install/rviz_plugin_zed_od:/home/awadh/zed_ws/install/zed_interfaces:/home/awadh/ouster_ws/install/ouster_ros:/home/awadh/ouster_ws/install/ouster_sensor_msgs:/home/awadh/ros2_ws/install/my_robot_bringup:/home/awadh/ros2_ws/install/turtlesim_project_cpp:/home/awadh/ros2_ws/install/my_cpp_pkg:/home/awadh/ros2_ws/install/my_robot_interfaces:/home/awadh/gazebo_ws/install/ultralytics_ros2:/home/awadh/ros2_ws/install/turtlesim_catch_them_all:/home/awadh/ros2_ws/install/my_py_pkg:/opt/ros/humble:/home/awadh/sick_tim_ws/install/sick_tim /usr/bin/cmake --build /home/awadh/yolobot/build/yolov8_msgs -- -j16 -l16
[0.073s] [  2%] Built target yolov8_msgs__cpp
[0.074s] [ 12%] Built target yolov8_msgs__rosidl_generator_c
[0.087s] [ 12%] Built target ament_cmake_python_copy_yolov8_msgs
[0.099s] [ 23%] Built target yolov8_msgs__rosidl_typesupport_c
[0.100s] [ 33%] Built target yolov8_msgs__rosidl_typesupport_cpp
[0.100s] [ 43%] Built target yolov8_msgs__rosidl_typesupport_introspection_cpp
[0.105s] [ 64%] Built target yolov8_msgs__rosidl_typesupport_introspection_c
[0.105s] [ 64%] Built target yolov8_msgs__rosidl_typesupport_fastrtps_c
[0.105s] [ 74%] Built target yolov8_msgs__rosidl_typesupport_fastrtps_cpp
[0.123s] [ 74%] Built target yolov8_msgs
[0.143s] [ 76%] Built target yolov8_msgs__py
[0.167s] [ 84%] Built target yolov8_msgs__rosidl_generator_py
[0.190s] [ 92%] Built target yolov8_msgs__rosidl_typesupport_introspection_c__pyext
[0.190s] [ 97%] Built target yolov8_msgs__rosidl_typesupport_fastrtps_c__pyext
[0.190s] [100%] Built target yolov8_msgs__rosidl_typesupport_c__pyext
[0.322s] running egg_info
[0.322s] writing yolov8_msgs.egg-info/PKG-INFO
[0.322s] writing dependency_links to yolov8_msgs.egg-info/dependency_links.txt
[0.322s] writing top-level names to yolov8_msgs.egg-info/top_level.txt
[0.325s] reading manifest file 'yolov8_msgs.egg-info/SOURCES.txt'
[0.325s] writing manifest file 'yolov8_msgs.egg-info/SOURCES.txt'
[0.353s] [100%] Built target ament_cmake_python_build_yolov8_msgs_egg
[0.364s] Invoked command in '/home/awadh/yolobot/build/yolov8_msgs' returned '0': CMAKE_PREFIX_PATH=/home/awadh/gazebo_ws/install/yolov8_msgs:/home/awadh/gazebo_ws/install/yolobot_recognition:/home/awadh/gazebo_ws/install/yolobot_gazebo:/home/awadh/gazebo_ws/install/yolobot_description:/home/awadh/gazebo_ws/install/yolobot_control:/home/awadh/gazebo_ws/install/my_robot_bringup:/home/awadh/gazebo_ws/install/my_robot_description:/home/awadh/yolobot/install/yolov8_msgs:/home/awadh/yolobot/install/yolobot_recognition:/home/awadh/yolobot/install/yolobot_gazebo:/home/awadh/yolobot/install/yolobot_description:/home/awadh/yolobot/install/yolobot_control:/home/awadh/test2_ws/install/pcl_object_detection:/home/awadh/zed_ws/install/zed_ros2:/home/awadh/zed_ws/install/zed_robot_integration:/home/awadh/zed_ws/install/zed_multi_camera:/home/awadh/zed_ws/install/zed_display_rviz2:/home/awadh/zed_ws/install/zed_depth_to_laserscan:/home/awadh/zed_ws/install/zed_wrapper:/home/awadh/zed_ws/install/zed_tutorial_video:/home/awadh/zed_ws/install/zed_tutorial_pos_tracking:/home/awadh/zed_ws/install/zed_tutorial_depth:/home/awadh/zed_ws/install/zed_topic_benchmark:/home/awadh/zed_ws/install/zed_topic_benchmark_component:/home/awadh/zed_ws/install/zed_topic_benchmark_interfaces:/home/awadh/zed_ws/install/zed_rgb_convert:/home/awadh/zed_ws/install/zed_aruco_localization:/home/awadh/zed_ws/install/zed_components:/home/awadh/zed_ws/install/rviz_plugin_zed_od:/home/awadh/zed_ws/install/zed_interfaces:/home/awadh/ouster_ws/install/ouster_ros:/home/awadh/ouster_ws/install/ouster_sensor_msgs:/home/awadh/ros2_ws/install/my_robot_bringup:/home/awadh/ros2_ws/install/turtlesim_project_cpp:/home/awadh/ros2_ws/install/my_cpp_pkg:/home/awadh/ros2_ws/install/my_robot_interfaces:/home/awadh/gazebo_ws/install/ultralytics_ros2:/home/awadh/ros2_ws/install/turtlesim_catch_them_all:/home/awadh/ros2_ws/install/my_py_pkg:/opt/ros/humble:/home/awadh/sick_tim_ws/install/sick_tim /usr/bin/cmake --build /home/awadh/yolobot/build/yolov8_msgs -- -j16 -l16
[0.456s] Invoking command in '/home/awadh/yolobot/build/yolov8_msgs': CMAKE_PREFIX_PATH=/home/awadh/gazebo_ws/install/yolov8_msgs:/home/awadh/gazebo_ws/install/yolobot_recognition:/home/awadh/gazebo_ws/install/yolobot_gazebo:/home/awadh/gazebo_ws/install/yolobot_description:/home/awadh/gazebo_ws/install/yolobot_control:/home/awadh/gazebo_ws/install/my_robot_bringup:/home/awadh/gazebo_ws/install/my_robot_description:/home/awadh/yolobot/install/yolov8_msgs:/home/awadh/yolobot/install/yolobot_recognition:/home/awadh/yolobot/install/yolobot_gazebo:/home/awadh/yolobot/install/yolobot_description:/home/awadh/yolobot/install/yolobot_control:/home/awadh/test2_ws/install/pcl_object_detection:/home/awadh/zed_ws/install/zed_ros2:/home/awadh/zed_ws/install/zed_robot_integration:/home/awadh/zed_ws/install/zed_multi_camera:/home/awadh/zed_ws/install/zed_display_rviz2:/home/awadh/zed_ws/install/zed_depth_to_laserscan:/home/awadh/zed_ws/install/zed_wrapper:/home/awadh/zed_ws/install/zed_tutorial_video:/home/awadh/zed_ws/install/zed_tutorial_pos_tracking:/home/awadh/zed_ws/install/zed_tutorial_depth:/home/awadh/zed_ws/install/zed_topic_benchmark:/home/awadh/zed_ws/install/zed_topic_benchmark_component:/home/awadh/zed_ws/install/zed_topic_benchmark_interfaces:/home/awadh/zed_ws/install/zed_rgb_convert:/home/awadh/zed_ws/install/zed_aruco_localization:/home/awadh/zed_ws/install/zed_components:/home/awadh/zed_ws/install/rviz_plugin_zed_od:/home/awadh/zed_ws/install/zed_interfaces:/home/awadh/ouster_ws/install/ouster_ros:/home/awadh/ouster_ws/install/ouster_sensor_msgs:/home/awadh/ros2_ws/install/my_robot_bringup:/home/awadh/ros2_ws/install/turtlesim_project_cpp:/home/awadh/ros2_ws/install/my_cpp_pkg:/home/awadh/ros2_ws/install/my_robot_interfaces:/home/awadh/gazebo_ws/install/ultralytics_ros2:/home/awadh/ros2_ws/install/turtlesim_catch_them_all:/home/awadh/ros2_ws/install/my_py_pkg:/opt/ros/humble:/home/awadh/sick_tim_ws/install/sick_tim /usr/bin/cmake --install /home/awadh/yolobot/build/yolov8_msgs
[0.472s] -- Install configuration: ""
[0.472s] -- Up-to-date: /home/awadh/yolobot/install/yolov8_msgs/share/ament_index/resource_index/rosidl_interfaces/yolov8_msgs
[0.472s] -- Up-to-date: /home/awadh/yolobot/install/yolov8_msgs/include/yolov8_msgs/yolov8_msgs
[0.472s] -- Up-to-date: /home/awadh/yolobot/install/yolov8_msgs/include/yolov8_msgs/yolov8_msgs/msg
[0.472s] -- Up-to-date: /home/awadh/yolobot/install/yolov8_msgs/include/yolov8_msgs/yolov8_msgs/msg/inference_result.h
[0.472s] -- Up-to-date: /home/awadh/yolobot/install/yolov8_msgs/include/yolov8_msgs/yolov8_msgs/msg/yolov8_inference.h
[0.472s] -- Up-to-date: /home/awadh/yolobot/install/yolov8_msgs/include/yolov8_msgs/yolov8_msgs/msg/detail
[0.472s] -- Up-to-date: /home/awadh/yolobot/install/yolov8_msgs/include/yolov8_msgs/yolov8_msgs/msg/detail/inference_result__struct.h
[0.473s] -- Up-to-date: /home/awadh/yolobot/install/yolov8_msgs/include/yolov8_msgs/yolov8_msgs/msg/detail/yolov8_inference__type_support.h
[0.473s] -- Up-to-date: /home/awadh/yolobot/install/yolov8_msgs/include/yolov8_msgs/yolov8_msgs/msg/detail/inference_result__functions.c
[0.473s] -- Up-to-date: /home/awadh/yolobot/install/yolov8_msgs/include/yolov8_msgs/yolov8_msgs/msg/detail/yolov8_inference__functions.c
[0.473s] -- Up-to-date: /home/awadh/yolobot/install/yolov8_msgs/include/yolov8_msgs/yolov8_msgs/msg/detail/yolov8_inference__functions.h
[0.473s] -- Up-to-date: /home/awadh/yolobot/install/yolov8_msgs/include/yolov8_msgs/yolov8_msgs/msg/detail/inference_result__type_support.h
[0.473s] -- Up-to-date: /home/awadh/yolobot/install/yolov8_msgs/include/yolov8_msgs/yolov8_msgs/msg/detail/inference_result__functions.h
[0.473s] -- Up-to-date: /home/awadh/yolobot/install/yolov8_msgs/include/yolov8_msgs/yolov8_msgs/msg/detail/yolov8_inference__struct.h
[0.473s] -- Up-to-date: /home/awadh/yolobot/install/yolov8_msgs/include/yolov8_msgs/yolov8_msgs/msg/rosidl_generator_c__visibility_control.h
[0.473s] -- Up-to-date: /home/awadh/yolobot/install/yolov8_msgs/share/yolov8_msgs/environment/library_path.sh
[0.473s] -- Up-to-date: /home/awadh/yolobot/install/yolov8_msgs/share/yolov8_msgs/environment/library_path.dsv
[0.473s] -- Up-to-date: /home/awadh/yolobot/install/yolov8_msgs/lib/libyolov8_msgs__rosidl_generator_c.so
[0.473s] -- Up-to-date: /home/awadh/yolobot/install/yolov8_msgs/include/yolov8_msgs/yolov8_msgs
[0.473s] -- Up-to-date: /home/awadh/yolobot/install/yolov8_msgs/include/yolov8_msgs/yolov8_msgs/msg
[0.473s] -- Up-to-date: /home/awadh/yolobot/install/yolov8_msgs/include/yolov8_msgs/yolov8_msgs/msg/detail
[0.473s] -- Up-to-date: /home/awadh/yolobot/install/yolov8_msgs/include/yolov8_msgs/yolov8_msgs/msg/detail/inference_result__rosidl_typesupport_fastrtps_c.h
[0.473s] -- Up-to-date: /home/awadh/yolobot/install/yolov8_msgs/include/yolov8_msgs/yolov8_msgs/msg/detail/yolov8_inference__rosidl_typesupport_fastrtps_c.h
[0.473s] -- Up-to-date: /home/awadh/yolobot/install/yolov8_msgs/include/yolov8_msgs/yolov8_msgs/msg/rosidl_typesupport_fastrtps_c__visibility_control.h
[0.473s] -- Up-to-date: /home/awadh/yolobot/install/yolov8_msgs/lib/libyolov8_msgs__rosidl_typesupport_fastrtps_c.so
[0.473s] -- Up-to-date: /home/awadh/yolobot/install/yolov8_msgs/include/yolov8_msgs/yolov8_msgs
[0.473s] -- Up-to-date: /home/awadh/yolobot/install/yolov8_msgs/include/yolov8_msgs/yolov8_msgs/msg
[0.473s] -- Up-to-date: /home/awadh/yolobot/install/yolov8_msgs/include/yolov8_msgs/yolov8_msgs/msg/yolov8_inference.hpp
[0.473s] -- Up-to-date: /home/awadh/yolobot/install/yolov8_msgs/include/yolov8_msgs/yolov8_msgs/msg/inference_result.hpp
[0.473s] -- Up-to-date: /home/awadh/yolobot/install/yolov8_msgs/include/yolov8_msgs/yolov8_msgs/msg/detail
[0.473s] -- Up-to-date: /home/awadh/yolobot/install/yolov8_msgs/include/yolov8_msgs/yolov8_msgs/msg/detail/inference_result__traits.hpp
[0.473s] -- Up-to-date: /home/awadh/yolobot/install/yolov8_msgs/include/yolov8_msgs/yolov8_msgs/msg/detail/yolov8_inference__struct.hpp
[0.474s] -- Up-to-date: /home/awadh/yolobot/install/yolov8_msgs/include/yolov8_msgs/yolov8_msgs/msg/detail/inference_result__builder.hpp
[0.474s] -- Up-to-date: /home/awadh/yolobot/install/yolov8_msgs/include/yolov8_msgs/yolov8_msgs/msg/detail/inference_result__struct.hpp
[0.474s] -- Up-to-date: /home/awadh/yolobot/install/yolov8_msgs/include/yolov8_msgs/yolov8_msgs/msg/detail/yolov8_inference__builder.hpp
[0.474s] -- Up-to-date: /home/awadh/yolobot/install/yolov8_msgs/include/yolov8_msgs/yolov8_msgs/msg/detail/yolov8_inference__traits.hpp
[0.474s] -- Up-to-date: /home/awadh/yolobot/install/yolov8_msgs/include/yolov8_msgs/yolov8_msgs
[0.474s] -- Up-to-date: /home/awadh/yolobot/install/yolov8_msgs/include/yolov8_msgs/yolov8_msgs/msg
[0.474s] -- Up-to-date: /home/awadh/yolobot/install/yolov8_msgs/include/yolov8_msgs/yolov8_msgs/msg/detail
[0.474s] -- Up-to-date: /home/awadh/yolobot/install/yolov8_msgs/include/yolov8_msgs/yolov8_msgs/msg/detail/inference_result__rosidl_typesupport_fastrtps_cpp.hpp
[0.474s] -- Up-to-date: /home/awadh/yolobot/install/yolov8_msgs/include/yolov8_msgs/yolov8_msgs/msg/detail/yolov8_inference__rosidl_typesupport_fastrtps_cpp.hpp
[0.474s] -- Up-to-date: /home/awadh/yolobot/install/yolov8_msgs/include/yolov8_msgs/yolov8_msgs/msg/detail/dds_fastrtps
[0.474s] -- Up-to-date: /home/awadh/yolobot/install/yolov8_msgs/include/yolov8_msgs/yolov8_msgs/msg/rosidl_typesupport_fastrtps_cpp__visibility_control.h
[0.474s] -- Up-to-date: /home/awadh/yolobot/install/yolov8_msgs/lib/libyolov8_msgs__rosidl_typesupport_fastrtps_cpp.so
[0.474s] -- Up-to-date: /home/awadh/yolobot/install/yolov8_msgs/include/yolov8_msgs/yolov8_msgs
[0.474s] -- Up-to-date: /home/awadh/yolobot/install/yolov8_msgs/include/yolov8_msgs/yolov8_msgs/msg
[0.474s] -- Up-to-date: /home/awadh/yolobot/install/yolov8_msgs/include/yolov8_msgs/yolov8_msgs/msg/rosidl_typesupport_introspection_c__visibility_control.h
[0.474s] -- Up-to-date: /home/awadh/yolobot/install/yolov8_msgs/include/yolov8_msgs/yolov8_msgs/msg/detail
[0.474s] -- Up-to-date: /home/awadh/yolobot/install/yolov8_msgs/include/yolov8_msgs/yolov8_msgs/msg/detail/yolov8_inference__rosidl_typesupport_introspection_c.h
[0.474s] -- Up-to-date: /home/awadh/yolobot/install/yolov8_msgs/include/yolov8_msgs/yolov8_msgs/msg/detail/inference_result__type_support.c
[0.474s] -- Up-to-date: /home/awadh/yolobot/install/yolov8_msgs/include/yolov8_msgs/yolov8_msgs/msg/detail/yolov8_inference__type_support.c
[0.474s] -- Up-to-date: /home/awadh/yolobot/install/yolov8_msgs/include/yolov8_msgs/yolov8_msgs/msg/detail/inference_result__rosidl_typesupport_introspection_c.h
[0.474s] -- Up-to-date: /home/awadh/yolobot/install/yolov8_msgs/lib/libyolov8_msgs__rosidl_typesupport_introspection_c.so
[0.474s] -- Up-to-date: /home/awadh/yolobot/install/yolov8_msgs/lib/libyolov8_msgs__rosidl_typesupport_c.so
[0.474s] -- Up-to-date: /home/awadh/yolobot/install/yolov8_msgs/include/yolov8_msgs/yolov8_msgs
[0.474s] -- Up-to-date: /home/awadh/yolobot/install/yolov8_msgs/include/yolov8_msgs/yolov8_msgs/msg
[0.474s] -- Up-to-date: /home/awadh/yolobot/install/yolov8_msgs/include/yolov8_msgs/yolov8_msgs/msg/detail
[0.474s] -- Up-to-date: /home/awadh/yolobot/install/yolov8_msgs/include/yolov8_msgs/yolov8_msgs/msg/detail/inference_result__rosidl_typesupport_introspection_cpp.hpp
[0.474s] -- Up-to-date: /home/awadh/yolobot/install/yolov8_msgs/include/yolov8_msgs/yolov8_msgs/msg/detail/inference_result__type_support.cpp
[0.475s] -- Up-to-date: /home/awadh/yolobot/install/yolov8_msgs/include/yolov8_msgs/yolov8_msgs/msg/detail/yolov8_inference__type_support.cpp
[0.475s] -- Up-to-date: /home/awadh/yolobot/install/yolov8_msgs/include/yolov8_msgs/yolov8_msgs/msg/detail/yolov8_inference__rosidl_typesupport_introspection_cpp.hpp
[0.475s] -- Up-to-date: /home/awadh/yolobot/install/yolov8_msgs/lib/libyolov8_msgs__rosidl_typesupport_introspection_cpp.so
[0.475s] -- Up-to-date: /home/awadh/yolobot/install/yolov8_msgs/lib/libyolov8_msgs__rosidl_typesupport_cpp.so
[0.475s] -- Up-to-date: /home/awadh/yolobot/install/yolov8_msgs/share/yolov8_msgs/environment/pythonpath.sh
[0.475s] -- Up-to-date: /home/awadh/yolobot/install/yolov8_msgs/share/yolov8_msgs/environment/pythonpath.dsv
[0.475s] -- Up-to-date: /home/awadh/yolobot/install/yolov8_msgs/local/lib/python3.10/dist-packages/yolov8_msgs-0.0.0-py3.10.egg-info
[0.475s] -- Installing: /home/awadh/yolobot/install/yolov8_msgs/local/lib/python3.10/dist-packages/yolov8_msgs-0.0.0-py3.10.egg-info/dependency_links.txt
[0.475s] -- Installing: /home/awadh/yolobot/install/yolov8_msgs/local/lib/python3.10/dist-packages/yolov8_msgs-0.0.0-py3.10.egg-info/SOURCES.txt
[0.475s] -- Installing: /home/awadh/yolobot/install/yolov8_msgs/local/lib/python3.10/dist-packages/yolov8_msgs-0.0.0-py3.10.egg-info/top_level.txt
[0.475s] -- Installing: /home/awadh/yolobot/install/yolov8_msgs/local/lib/python3.10/dist-packages/yolov8_msgs-0.0.0-py3.10.egg-info/PKG-INFO
[0.475s] -- Up-to-date: /home/awadh/yolobot/install/yolov8_msgs/local/lib/python3.10/dist-packages/yolov8_msgs
[0.475s] -- Up-to-date: /home/awadh/yolobot/install/yolov8_msgs/local/lib/python3.10/dist-packages/yolov8_msgs/libyolov8_msgs__rosidl_generator_py.so
[0.475s] -- Up-to-date: /home/awadh/yolobot/install/yolov8_msgs/local/lib/python3.10/dist-packages/yolov8_msgs/_yolov8_msgs_s.ep.rosidl_typesupport_introspection_c.c
[0.475s] -- Up-to-date: /home/awadh/yolobot/install/yolov8_msgs/local/lib/python3.10/dist-packages/yolov8_msgs/yolov8_msgs_s__rosidl_typesupport_introspection_c.cpython-310-x86_64-linux-gnu.so
[0.475s] -- Up-to-date: /home/awadh/yolobot/install/yolov8_msgs/local/lib/python3.10/dist-packages/yolov8_msgs/yolov8_msgs_s__rosidl_typesupport_c.cpython-310-x86_64-linux-gnu.so
[0.475s] -- Up-to-date: /home/awadh/yolobot/install/yolov8_msgs/local/lib/python3.10/dist-packages/yolov8_msgs/msg
[0.475s] -- Up-to-date: /home/awadh/yolobot/install/yolov8_msgs/local/lib/python3.10/dist-packages/yolov8_msgs/msg/_inference_result.py
[0.475s] -- Up-to-date: /home/awadh/yolobot/install/yolov8_msgs/local/lib/python3.10/dist-packages/yolov8_msgs/msg/_yolov8_inference_s.c
[0.475s] -- Up-to-date: /home/awadh/yolobot/install/yolov8_msgs/local/lib/python3.10/dist-packages/yolov8_msgs/msg/_inference_result_s.c
[0.475s] -- Up-to-date: /home/awadh/yolobot/install/yolov8_msgs/local/lib/python3.10/dist-packages/yolov8_msgs/msg/__init__.py
[0.475s] -- Up-to-date: /home/awadh/yolobot/install/yolov8_msgs/local/lib/python3.10/dist-packages/yolov8_msgs/msg/_yolov8_inference.py
[0.475s] -- Up-to-date: /home/awadh/yolobot/install/yolov8_msgs/local/lib/python3.10/dist-packages/yolov8_msgs/_yolov8_msgs_s.ep.rosidl_typesupport_fastrtps_c.c
[0.475s] -- Up-to-date: /home/awadh/yolobot/install/yolov8_msgs/local/lib/python3.10/dist-packages/yolov8_msgs/__init__.py
[0.475s] -- Up-to-date: /home/awadh/yolobot/install/yolov8_msgs/local/lib/python3.10/dist-packages/yolov8_msgs/yolov8_msgs_s__rosidl_typesupport_fastrtps_c.cpython-310-x86_64-linux-gnu.so
[0.475s] -- Up-to-date: /home/awadh/yolobot/install/yolov8_msgs/local/lib/python3.10/dist-packages/yolov8_msgs/_yolov8_msgs_s.ep.rosidl_typesupport_c.c
[0.499s] Listing '/home/awadh/yolobot/install/yolov8_msgs/local/lib/python3.10/dist-packages/yolov8_msgs'...
[0.499s] Listing '/home/awadh/yolobot/install/yolov8_msgs/local/lib/python3.10/dist-packages/yolov8_msgs/msg'...
[0.502s] -- Up-to-date: /home/awadh/yolobot/install/yolov8_msgs/local/lib/python3.10/dist-packages/yolov8_msgs/yolov8_msgs_s__rosidl_typesupport_fastrtps_c.cpython-310-x86_64-linux-gnu.so
[0.502s] -- Up-to-date: /home/awadh/yolobot/install/yolov8_msgs/local/lib/python3.10/dist-packages/yolov8_msgs/yolov8_msgs_s__rosidl_typesupport_introspection_c.cpython-310-x86_64-linux-gnu.so
[0.502s] -- Up-to-date: /home/awadh/yolobot/install/yolov8_msgs/local/lib/python3.10/dist-packages/yolov8_msgs/yolov8_msgs_s__rosidl_typesupport_c.cpython-310-x86_64-linux-gnu.so
[0.502s] -- Up-to-date: /home/awadh/yolobot/install/yolov8_msgs/lib/libyolov8_msgs__rosidl_generator_py.so
[0.502s] -- Up-to-date: /home/awadh/yolobot/install/yolov8_msgs/share/yolov8_msgs/msg/InferenceResult.idl
[0.502s] -- Up-to-date: /home/awadh/yolobot/install/yolov8_msgs/share/yolov8_msgs/msg/Yolov8Inference.idl
[0.502s] -- Up-to-date: /home/awadh/yolobot/install/yolov8_msgs/share/yolov8_msgs/msg/InferenceResult.msg
[0.502s] -- Up-to-date: /home/awadh/yolobot/install/yolov8_msgs/share/yolov8_msgs/msg/Yolov8Inference.msg
[0.502s] -- Up-to-date: /home/awadh/yolobot/install/yolov8_msgs/share/ament_index/resource_index/package_run_dependencies/yolov8_msgs
[0.503s] -- Up-to-date: /home/awadh/yolobot/install/yolov8_msgs/share/ament_index/resource_index/parent_prefix_path/yolov8_msgs
[0.503s] -- Up-to-date: /home/awadh/yolobot/install/yolov8_msgs/share/yolov8_msgs/environment/ament_prefix_path.sh
[0.503s] -- Up-to-date: /home/awadh/yolobot/install/yolov8_msgs/share/yolov8_msgs/environment/ament_prefix_path.dsv
[0.503s] -- Up-to-date: /home/awadh/yolobot/install/yolov8_msgs/share/yolov8_msgs/environment/path.sh
[0.503s] -- Up-to-date: /home/awadh/yolobot/install/yolov8_msgs/share/yolov8_msgs/environment/path.dsv
[0.503s] -- Up-to-date: /home/awadh/yolobot/install/yolov8_msgs/share/yolov8_msgs/local_setup.bash
[0.503s] -- Up-to-date: /home/awadh/yolobot/install/yolov8_msgs/share/yolov8_msgs/local_setup.sh
[0.503s] -- Up-to-date: /home/awadh/yolobot/install/yolov8_msgs/share/yolov8_msgs/local_setup.zsh
[0.503s] -- Up-to-date: /home/awadh/yolobot/install/yolov8_msgs/share/yolov8_msgs/local_setup.dsv
[0.503s] -- Installing: /home/awadh/yolobot/install/yolov8_msgs/share/yolov8_msgs/package.dsv
[0.503s] -- Up-to-date: /home/awadh/yolobot/install/yolov8_msgs/share/ament_index/resource_index/packages/yolov8_msgs
[0.503s] -- Up-to-date: /home/awadh/yolobot/install/yolov8_msgs/share/yolov8_msgs/cmake/export_yolov8_msgs__rosidl_generator_cExport.cmake
[0.503s] -- Up-to-date: /home/awadh/yolobot/install/yolov8_msgs/share/yolov8_msgs/cmake/export_yolov8_msgs__rosidl_generator_cExport-noconfig.cmake
[0.503s] -- Up-to-date: /home/awadh/yolobot/install/yolov8_msgs/share/yolov8_msgs/cmake/export_yolov8_msgs__rosidl_typesupport_fastrtps_cExport.cmake
[0.503s] -- Up-to-date: /home/awadh/yolobot/install/yolov8_msgs/share/yolov8_msgs/cmake/export_yolov8_msgs__rosidl_typesupport_fastrtps_cExport-noconfig.cmake
[0.503s] -- Up-to-date: /home/awadh/yolobot/install/yolov8_msgs/share/yolov8_msgs/cmake/export_yolov8_msgs__rosidl_generator_cppExport.cmake
[0.503s] -- Up-to-date: /home/awadh/yolobot/install/yolov8_msgs/share/yolov8_msgs/cmake/export_yolov8_msgs__rosidl_typesupport_fastrtps_cppExport.cmake
[0.503s] -- Up-to-date: /home/awadh/yolobot/install/yolov8_msgs/share/yolov8_msgs/cmake/export_yolov8_msgs__rosidl_typesupport_fastrtps_cppExport-noconfig.cmake
[0.504s] -- Up-to-date: /home/awadh/yolobot/install/yolov8_msgs/share/yolov8_msgs/cmake/yolov8_msgs__rosidl_typesupport_introspection_cExport.cmake
[0.504s] -- Up-to-date: /home/awadh/yolobot/install/yolov8_msgs/share/yolov8_msgs/cmake/yolov8_msgs__rosidl_typesupport_introspection_cExport-noconfig.cmake
[0.504s] -- Up-to-date: /home/awadh/yolobot/install/yolov8_msgs/share/yolov8_msgs/cmake/yolov8_msgs__rosidl_typesupport_cExport.cmake
[0.504s] -- Up-to-date: /home/awadh/yolobot/install/yolov8_msgs/share/yolov8_msgs/cmake/yolov8_msgs__rosidl_typesupport_cExport-noconfig.cmake
[0.504s] -- Up-to-date: /home/awadh/yolobot/install/yolov8_msgs/share/yolov8_msgs/cmake/yolov8_msgs__rosidl_typesupport_introspection_cppExport.cmake
[0.504s] -- Up-to-date: /home/awadh/yolobot/install/yolov8_msgs/share/yolov8_msgs/cmake/yolov8_msgs__rosidl_typesupport_introspection_cppExport-noconfig.cmake
[0.504s] -- Up-to-date: /home/awadh/yolobot/install/yolov8_msgs/share/yolov8_msgs/cmake/yolov8_msgs__rosidl_typesupport_cppExport.cmake
[0.504s] -- Up-to-date: /home/awadh/yolobot/install/yolov8_msgs/share/yolov8_msgs/cmake/yolov8_msgs__rosidl_typesupport_cppExport-noconfig.cmake
[0.504s] -- Up-to-date: /home/awadh/yolobot/install/yolov8_msgs/share/yolov8_msgs/cmake/export_yolov8_msgs__rosidl_generator_pyExport.cmake
[0.505s] -- Up-to-date: /home/awadh/yolobot/install/yolov8_msgs/share/yolov8_msgs/cmake/export_yolov8_msgs__rosidl_generator_pyExport-noconfig.cmake
[0.505s] -- Up-to-date: /home/awadh/yolobot/install/yolov8_msgs/share/yolov8_msgs/cmake/rosidl_cmake-extras.cmake
[0.505s] -- Up-to-date: /home/awadh/yolobot/install/yolov8_msgs/share/yolov8_msgs/cmake/ament_cmake_export_dependencies-extras.cmake
[0.505s] -- Up-to-date: /home/awadh/yolobot/install/yolov8_msgs/share/yolov8_msgs/cmake/ament_cmake_export_include_directories-extras.cmake
[0.505s] -- Up-to-date: /home/awadh/yolobot/install/yolov8_msgs/share/yolov8_msgs/cmake/ament_cmake_export_libraries-extras.cmake
[0.505s] -- Up-to-date: /home/awadh/yolobot/install/yolov8_msgs/share/yolov8_msgs/cmake/ament_cmake_export_targets-extras.cmake
[0.505s] -- Up-to-date: /home/awadh/yolobot/install/yolov8_msgs/share/yolov8_msgs/cmake/rosidl_cmake_export_typesupport_targets-extras.cmake
[0.505s] -- Up-to-date: /home/awadh/yolobot/install/yolov8_msgs/share/yolov8_msgs/cmake/rosidl_cmake_export_typesupport_libraries-extras.cmake
[0.505s] -- Up-to-date: /home/awadh/yolobot/install/yolov8_msgs/share/yolov8_msgs/cmake/yolov8_msgsConfig.cmake
[0.505s] -- Up-to-date: /home/awadh/yolobot/install/yolov8_msgs/share/yolov8_msgs/cmake/yolov8_msgsConfig-version.cmake
[0.505s] -- Up-to-date: /home/awadh/yolobot/install/yolov8_msgs/share/yolov8_msgs/package.xml
[0.507s] Invoked command in '/home/awadh/yolobot/build/yolov8_msgs' returned '0': CMAKE_PREFIX_PATH=/home/awadh/gazebo_ws/install/yolov8_msgs:/home/awadh/gazebo_ws/install/yolobot_recognition:/home/awadh/gazebo_ws/install/yolobot_gazebo:/home/awadh/gazebo_ws/install/yolobot_description:/home/awadh/gazebo_ws/install/yolobot_control:/home/awadh/gazebo_ws/install/my_robot_bringup:/home/awadh/gazebo_ws/install/my_robot_description:/home/awadh/yolobot/install/yolov8_msgs:/home/awadh/yolobot/install/yolobot_recognition:/home/awadh/yolobot/install/yolobot_gazebo:/home/awadh/yolobot/install/yolobot_description:/home/awadh/yolobot/install/yolobot_control:/home/awadh/test2_ws/install/pcl_object_detection:/home/awadh/zed_ws/install/zed_ros2:/home/awadh/zed_ws/install/zed_robot_integration:/home/awadh/zed_ws/install/zed_multi_camera:/home/awadh/zed_ws/install/zed_display_rviz2:/home/awadh/zed_ws/install/zed_depth_to_laserscan:/home/awadh/zed_ws/install/zed_wrapper:/home/awadh/zed_ws/install/zed_tutorial_video:/home/awadh/zed_ws/install/zed_tutorial_pos_tracking:/home/awadh/zed_ws/install/zed_tutorial_depth:/home/awadh/zed_ws/install/zed_topic_benchmark:/home/awadh/zed_ws/install/zed_topic_benchmark_component:/home/awadh/zed_ws/install/zed_topic_benchmark_interfaces:/home/awadh/zed_ws/install/zed_rgb_convert:/home/awadh/zed_ws/install/zed_aruco_localization:/home/awadh/zed_ws/install/zed_components:/home/awadh/zed_ws/install/rviz_plugin_zed_od:/home/awadh/zed_ws/install/zed_interfaces:/home/awadh/ouster_ws/install/ouster_ros:/home/awadh/ouster_ws/install/ouster_sensor_msgs:/home/awadh/ros2_ws/install/my_robot_bringup:/home/awadh/ros2_ws/install/turtlesim_project_cpp:/home/awadh/ros2_ws/install/my_cpp_pkg:/home/awadh/ros2_ws/install/my_robot_interfaces:/home/awadh/gazebo_ws/install/ultralytics_ros2:/home/awadh/ros2_ws/install/turtlesim_catch_them_all:/home/awadh/ros2_ws/install/my_py_pkg:/opt/ros/humble:/home/awadh/sick_tim_ws/install/sick_tim /usr/bin/cmake --install /home/awadh/yolobot/build/yolov8_msgs
