-- Found ament_cmake_auto: 1.3.9 (/opt/ros/humble/share/ament_cmake_auto/cmake)
-- Override CMake install command with custom implementation using symlinks instead of copying resources
-- Found rosidl_generator_c: 3.1.5 (/opt/ros/humble/share/rosidl_generator_c/cmake)
-- Found rosidl_adapter: 3.1.5 (/opt/ros/humble/share/rosidl_adapter/cmake)
-- Found rosidl_generator_cpp: 3.1.5 (/opt/ros/humble/share/rosidl_generator_cpp/cmake)
-- Using all available rosidl_typesupport_c: rosidl_typesupport_fastrtps_c;rosidl_typesupport_introspection_c
-- Using all available rosidl_typesupport_cpp: rosidl_typesupport_fastrtps_cpp;rosidl_typesupport_introspection_cpp
-- Found ament_lint_auto: 0.12.11 (/opt/ros/humble/share/ament_lint_auto/cmake)
-- Found ament_cmake_ros: 0.10.0 (/opt/ros/humble/share/ament_cmake_ros/cmake)
-- Using all available rosidl_typesupport_c: rosidl_typesupport_fastrtps_c;rosidl_typesupport_introspection_c
-- Using all available rosidl_typesupport_cpp: rosidl_typesupport_fastrtps_cpp;rosidl_typesupport_introspection_cpp
-- Found python_cmake_module: 0.10.0 (/opt/ros/humble/share/python_cmake_module/cmake)
-- Using PYTHON_EXECUTABLE: /usr/bin/python3
-- Using PYTHON_INCLUDE_DIRS: /usr/include/python3.10
-- Using PYTHON_LIBRARIES: /usr/lib/x86_64-linux-gnu/libpython3.10.so
-- Added test 'copyright' to check source files copyright and LICENSE
-- Added test 'lint_cmake' to check CMake code style
-- Added test 'xmllint' to check XML markup files
-- Configuring done
-- Generating done
-- Build files have been written to: /home/awadh/zed_ws/build/zed_topic_benchmark_interfaces
[35m[1mConsolidate compiler generated dependencies of target zed_topic_benchmark_interfaces__rosidl_generator_c[0m
failed to create symbolic link '/home/awadh/zed_ws/build/zed_topic_benchmark_interfaces/ament_cmake_python/zed_topic_benchmark_interfaces/zed_topic_benchmark_interfaces' because existing path cannot be removed: Is a directory
[  3%] Built target zed_topic_benchmark_interfaces__cpp
gmake[2]: *** [CMakeFiles/ament_cmake_python_symlink_zed_topic_benchmark_interfaces.dir/build.make:70: CMakeFiles/ament_cmake_python_symlink_zed_topic_benchmark_interfaces] Error 1
gmake[1]: *** [CMakeFiles/Makefile2:448: CMakeFiles/ament_cmake_python_symlink_zed_topic_benchmark_interfaces.dir/all] Error 2
gmake[1]: *** Waiting for unfinished jobs....
[  6%] [32mBuilding C object CMakeFiles/zed_topic_benchmark_interfaces__rosidl_generator_c.dir/rosidl_generator_c/zed_topic_benchmark_interfaces/msg/detail/benchmark_stats_stamped__functions.c.o[0m
[  9%] [32m[1mLinking C shared library libzed_topic_benchmark_interfaces__rosidl_generator_c.so[0m
[ 12%] Built target zed_topic_benchmark_interfaces__rosidl_generator_c
gmake: *** [Makefile:146: all] Error 2
