running egg_info
writing ../../build/depth_estimation/depth_estimation.egg-info/PKG-INFO
writing dependency_links to ../../build/depth_estimation/depth_estimation.egg-info/dependency_links.txt
writing entry points to ../../build/depth_estimation/depth_estimation.egg-info/entry_points.txt
writing requirements to ../../build/depth_estimation/depth_estimation.egg-info/requires.txt
writing top-level names to ../../build/depth_estimation/depth_estimation.egg-info/top_level.txt
reading manifest file '../../build/depth_estimation/depth_estimation.egg-info/SOURCES.txt'
writing manifest file '../../build/depth_estimation/depth_estimation.egg-info/SOURCES.txt'
running build
running build_py
copying depth_estimation/rviz_depth.py -> /home/awadh/depth_ws/build/depth_estimation/build/lib/depth_estimation
running install
running install_lib
copying /home/awadh/depth_ws/build/depth_estimation/build/lib/depth_estimation/rviz_depth.py -> /home/awadh/depth_ws/install/depth_estimation/lib/python3.10/site-packages/depth_estimation
byte-compiling /home/awadh/depth_ws/install/depth_estimation/lib/python3.10/site-packages/depth_estimation/rviz_depth.py to rviz_depth.cpython-310.pyc
running install_data
running install_egg_info
  File "/home/awadh/depth_ws/install/depth_estimation/lib/python3.10/site-packages/depth_estimation/rviz_depth.py", line 73
    depth_msg.data = f'Average Depth for {class_label}: {avg_depth:.2f} meters')
                                                                               ^
SyntaxError: unmatched ')'

removing '/home/awadh/depth_ws/install/depth_estimation/lib/python3.10/site-packages/depth_estimation-0.0.0-py3.10.egg-info' (and everything under it)
Copying ../../build/depth_estimation/depth_estimation.egg-info to /home/awadh/depth_ws/install/depth_estimation/lib/python3.10/site-packages/depth_estimation-0.0.0-py3.10.egg-info
running install_scripts
writing list of installed files to '/home/awadh/depth_ws/build/depth_estimation/install.log'
