[0.487s] Invoking command in '/home/awadh/depth_ws/src/depth_estimation': PYTHONPATH=/home/awadh/depth_ws/build/depth_estimation/prefix_override:/home/awadh/depth_ws/install/depth_estimation/lib/python3.10/site-packages:${PYTHONPATH} /usr/bin/python3 -W ignore:setup.py install is deprecated setup.py egg_info --egg-base ../../build/depth_estimation build --build-base /home/awadh/depth_ws/build/depth_estimation/build install --record /home/awadh/depth_ws/build/depth_estimation/install.log --single-version-externally-managed install_data
[0.666s] running egg_info
[0.666s] writing ../../build/depth_estimation/depth_estimation.egg-info/PKG-INFO
[0.666s] writing dependency_links to ../../build/depth_estimation/depth_estimation.egg-info/dependency_links.txt
[0.666s] writing entry points to ../../build/depth_estimation/depth_estimation.egg-info/entry_points.txt
[0.666s] writing requirements to ../../build/depth_estimation/depth_estimation.egg-info/requires.txt
[0.667s] writing top-level names to ../../build/depth_estimation/depth_estimation.egg-info/top_level.txt
[0.667s] reading manifest file '../../build/depth_estimation/depth_estimation.egg-info/SOURCES.txt'
[0.668s] writing manifest file '../../build/depth_estimation/depth_estimation.egg-info/SOURCES.txt'
[0.668s] running build
[0.668s] running build_py
[0.668s] copying depth_estimation/rviz_depth.py -> /home/awadh/depth_ws/build/depth_estimation/build/lib/depth_estimation
[0.668s] running install
[0.668s] running install_lib
[0.669s] copying /home/awadh/depth_ws/build/depth_estimation/build/lib/depth_estimation/rviz_depth.py -> /home/awadh/depth_ws/install/depth_estimation/lib/python3.10/site-packages/depth_estimation
[0.669s] byte-compiling /home/awadh/depth_ws/install/depth_estimation/lib/python3.10/site-packages/depth_estimation/rviz_depth.py to rviz_depth.cpython-310.pyc
[0.670s] running install_data
[0.670s] running install_egg_info
[0.670s]   File "/home/awadh/depth_ws/install/depth_estimation/lib/python3.10/site-packages/depth_estimation/rviz_depth.py", line 73
[0.670s]     depth_msg.data = f'Average Depth for {class_label}: {avg_depth:.2f} meters')
[0.670s]                                                                                ^
[0.670s] SyntaxError: unmatched ')'
[0.670s] 
[0.671s] removing '/home/awadh/depth_ws/install/depth_estimation/lib/python3.10/site-packages/depth_estimation-0.0.0-py3.10.egg-info' (and everything under it)
[0.671s] Copying ../../build/depth_estimation/depth_estimation.egg-info to /home/awadh/depth_ws/install/depth_estimation/lib/python3.10/site-packages/depth_estimation-0.0.0-py3.10.egg-info
[0.671s] running install_scripts
[0.685s] writing list of installed files to '/home/awadh/depth_ws/build/depth_estimation/install.log'
[0.701s] Invoked command in '/home/awadh/depth_ws/src/depth_estimation' returned '0': PYTHONPATH=/home/awadh/depth_ws/build/depth_estimation/prefix_override:/home/awadh/depth_ws/install/depth_estimation/lib/python3.10/site-packages:${PYTHONPATH} /usr/bin/python3 -W ignore:setup.py install is deprecated setup.py egg_info --egg-base ../../build/depth_estimation build --build-base /home/awadh/depth_ws/build/depth_estimation/build install --record /home/awadh/depth_ws/build/depth_estimation/install.log --single-version-externally-managed install_data
