-- The C compiler identification is GNU 11.4.0
-- The CXX compiler identification is GNU 11.4.0
-- Detecting C compiler ABI info
-- Detecting C compiler ABI info - done
-- Check for working C compiler: /usr/bin/cc - skipped
-- Detecting C compile features
-- Detecting C compile features - done
-- Detecting CXX compiler ABI info
-- Detecting CXX compiler ABI info - done
-- Check for working CXX compiler: /usr/bin/c++ - skipped
-- Detecting CXX compile features
-- Detecting CXX compile features - done
-- Found OpenCV: /usr (found version "4.5.4") 
-- Looking for sgemm_
-- Looking for sgemm_ - not found
-- Looking for pthread.h
-- Looking for pthread.h - found
-- Performing Test CMAKE_HAVE_LIBC_PTHREAD
-- Performing Test CMAKE_HAVE_LIBC_PTHREAD - Success
-- Found Threads: TRUE  
-- Looking for sgemm_
-- Looking for sgemm_ - found
-- Found BLAS: /usr/lib/x86_64-linux-gnu/libopenblas.so  
-- Found CUDA: /usr/local/cuda (found suitable version "12.3", minimum required is "12") 
-- Found CUDA: /usr/local/cuda (found version "12.3") 
-- Found ament_cmake_auto: 1.3.9 (/opt/ros/humble/share/ament_cmake_auto/cmake)
-- Found Python3: /usr/bin/python3 (found version "3.10.12") found components: Interpreter 
-- Found rosidl_generator_c: 3.1.5 (/opt/ros/humble/share/rosidl_generator_c/cmake)
-- Found rosidl_adapter: 3.1.5 (/opt/ros/humble/share/rosidl_adapter/cmake)
-- Found rosidl_generator_cpp: 3.1.5 (/opt/ros/humble/share/rosidl_generator_cpp/cmake)
-- Using all available rosidl_typesupport_c: rosidl_typesupport_fastrtps_c;rosidl_typesupport_introspection_c
-- Using all available rosidl_typesupport_cpp: rosidl_typesupport_fastrtps_cpp;rosidl_typesupport_introspection_cpp
-- Found rmw_implementation_cmake: 6.1.2 (/opt/ros/humble/share/rmw_implementation_cmake/cmake)
-- Found rmw_cyclonedds_cpp: 1.3.4 (/opt/ros/humble/share/rmw_cyclonedds_cpp/cmake)
-- Using RMW implementation 'rmw_cyclonedds_cpp' as default
[33mCMake Warning at CMakeLists.txt:112 (find_package):
  By not providing "Findzed_components.cmake" in CMAKE_MODULE_PATH this
  project has asked CMake to find a package configuration file provided by
  "zed_components", but CMake did not find one.

  Could not find a package configuration file provided by "zed_components"
  with any of the following names:

    zed_componentsConfig.cmake
    zed_components-config.cmake

  Add the installation prefix of "zed_components" to CMAKE_PREFIX_PATH or set
  "zed_components_DIR" to a directory containing one of the above files.  If
  "zed_components" provides a separate development package or SDK, be sure it
  has been installed.

[0m
-- Found ament_lint_auto: 0.12.11 (/opt/ros/humble/share/ament_lint_auto/cmake)
[31mCMake Error at /opt/ros/humble/share/ament_cmake_target_dependencies/cmake/ament_target_dependencies.cmake:77 (message):
  ament_target_dependencies() the passed package name 'zed_components' was
  not found before
Call Stack (most recent call first):
  CMakeLists.txt:183 (ament_target_dependencies)

[0m
-- Configuring incomplete, errors occurred!
See also "/home/awadh/zed_ws/build/zed_rgb_convert/CMakeFiles/CMakeOutput.log".
See also "/home/awadh/zed_ws/build/zed_rgb_convert/CMakeFiles/CMakeError.log".
