[0.014s] Invoking command in '/home/awadh/ouster_ws/build/ouster_ros': CMAKE_PREFIX_PATH=/home/awadh/ouster_ws/install/ouster_sensor_msgs:/home/awadh/gazebo_ws/install/my_robo_bringup:/home/awadh/gazebo_ws/install/my_robo_description:/home/awadh/zed_ws/install/zed_ros2:/home/awadh/zed_ws/install/zed_robot_integration:/home/awadh/zed_ws/install/zed_multi_camera:/home/awadh/zed_ws/install/zed_display_rviz2:/home/awadh/zed_ws/install/zed_depth_to_laserscan:/home/awadh/zed_ws/install/zed_wrapper:/home/awadh/zed_ws/install/zed_tutorial_video:/home/awadh/zed_ws/install/zed_tutorial_pos_tracking:/home/awadh/zed_ws/install/zed_tutorial_depth:/home/awadh/zed_ws/install/zed_topic_benchmark:/home/awadh/zed_ws/install/zed_topic_benchmark_component:/home/awadh/zed_ws/install/zed_topic_benchmark_interfaces:/home/awadh/zed_ws/install/zed_rgb_convert:/home/awadh/zed_ws/install/zed_aruco_localization:/home/awadh/zed_ws/install/zed_components:/home/awadh/zed_ws/install/rviz_plugin_zed_od:/home/awadh/zed_ws/install/zed_interfaces:/home/awadh/ouster_ws/install/ouster_ros:/home/awadh/ros2_ws/install/my_robot_bringup:/home/awadh/ros2_ws/install/turtlesim_project_cpp:/home/awadh/ros2_ws/install/my_cpp_pkg:/home/awadh/ros2_ws/install/my_robot_interfaces:/home/awadh/ros2_ws/install/turtlesim_catch_them_all:/home/awadh/ros2_ws/install/my_py_pkg:/opt/ros/humble:/home/awadh/sick_tim_ws/install/sick_tim LD_LIBRARY_PATH=/home/awadh/ouster_ws/install/ouster_sensor_msgs/lib:/home/awadh/zed_ws/install/zed_topic_benchmark_component/lib:/home/awadh/zed_ws/install/zed_topic_benchmark_interfaces/lib:/home/awadh/zed_ws/install/zed_rgb_convert/lib:/home/awadh/zed_ws/install/zed_aruco_localization/lib:/home/awadh/zed_ws/install/zed_components/lib:/home/awadh/zed_ws/install/rviz_plugin_zed_od/lib:/home/awadh/zed_ws/install/zed_interfaces/lib:/home/awadh/ouster_ws/install/ouster_ros/lib:/home/awadh/ros2_ws/install/my_robot_interfaces/lib:/home/awadh/sick_tim_ws/install/sick_tim/lib:/usr/lib/x86_64-linux-gnu/gazebo-11/plugins:/opt/ros/humble/opt/rviz_ogre_vendor/lib:/opt/ros/humble/lib/x86_64-linux-gnu:/opt/ros/humble/lib:/usr/share/gazebo/../../lib/x86_64-linux-gnu/gazebo-11/plugins /usr/bin/cmake --build /home/awadh/ouster_ws/build/ouster_ros -- -j16 -l16
[0.069s] [34m[1mGenerating build info header[0m
[0.072s] [  3%] Built target gtest_main
[0.072s] [  7%] Built target gtest
[0.073s] [ 11%] Built target os_sensor
[0.073s] [ 15%] Built target os_replay
[0.073s] [ 18%] Built target os_image
[0.073s] [ 22%] Built target os_driver
[0.073s] [ 26%] Built target os_cloud
[0.090s] [ 26%] Built target ouster_generate_header
[0.118s] [ 54%] Built target ouster_client
[0.158s] [ 58%] Built target ouster_ros_library
[0.187s] [ 64%] Built target os_replay_component
[0.188s] [ 69%] Built target os_sensor_component
[0.189s] [ 75%] Built target os_cloud_component
[0.189s] [ 81%] Built target os_image_component
[0.190s] [ 88%] Built target os_driver_component
[0.193s] [100%] Built target ouster_ros_test
[0.202s] Invoked command in '/home/awadh/ouster_ws/build/ouster_ros' returned '0': CMAKE_PREFIX_PATH=/home/awadh/ouster_ws/install/ouster_sensor_msgs:/home/awadh/gazebo_ws/install/my_robo_bringup:/home/awadh/gazebo_ws/install/my_robo_description:/home/awadh/zed_ws/install/zed_ros2:/home/awadh/zed_ws/install/zed_robot_integration:/home/awadh/zed_ws/install/zed_multi_camera:/home/awadh/zed_ws/install/zed_display_rviz2:/home/awadh/zed_ws/install/zed_depth_to_laserscan:/home/awadh/zed_ws/install/zed_wrapper:/home/awadh/zed_ws/install/zed_tutorial_video:/home/awadh/zed_ws/install/zed_tutorial_pos_tracking:/home/awadh/zed_ws/install/zed_tutorial_depth:/home/awadh/zed_ws/install/zed_topic_benchmark:/home/awadh/zed_ws/install/zed_topic_benchmark_component:/home/awadh/zed_ws/install/zed_topic_benchmark_interfaces:/home/awadh/zed_ws/install/zed_rgb_convert:/home/awadh/zed_ws/install/zed_aruco_localization:/home/awadh/zed_ws/install/zed_components:/home/awadh/zed_ws/install/rviz_plugin_zed_od:/home/awadh/zed_ws/install/zed_interfaces:/home/awadh/ouster_ws/install/ouster_ros:/home/awadh/ros2_ws/install/my_robot_bringup:/home/awadh/ros2_ws/install/turtlesim_project_cpp:/home/awadh/ros2_ws/install/my_cpp_pkg:/home/awadh/ros2_ws/install/my_robot_interfaces:/home/awadh/ros2_ws/install/turtlesim_catch_them_all:/home/awadh/ros2_ws/install/my_py_pkg:/opt/ros/humble:/home/awadh/sick_tim_ws/install/sick_tim LD_LIBRARY_PATH=/home/awadh/ouster_ws/install/ouster_sensor_msgs/lib:/home/awadh/zed_ws/install/zed_topic_benchmark_component/lib:/home/awadh/zed_ws/install/zed_topic_benchmark_interfaces/lib:/home/awadh/zed_ws/install/zed_rgb_convert/lib:/home/awadh/zed_ws/install/zed_aruco_localization/lib:/home/awadh/zed_ws/install/zed_components/lib:/home/awadh/zed_ws/install/rviz_plugin_zed_od/lib:/home/awadh/zed_ws/install/zed_interfaces/lib:/home/awadh/ouster_ws/install/ouster_ros/lib:/home/awadh/ros2_ws/install/my_robot_interfaces/lib:/home/awadh/sick_tim_ws/install/sick_tim/lib:/usr/lib/x86_64-linux-gnu/gazebo-11/plugins:/opt/ros/humble/opt/rviz_ogre_vendor/lib:/opt/ros/humble/lib/x86_64-linux-gnu:/opt/ros/humble/lib:/usr/share/gazebo/../../lib/x86_64-linux-gnu/gazebo-11/plugins /usr/bin/cmake --build /home/awadh/ouster_ws/build/ouster_ros -- -j16 -l16
[0.361s] Invoking command in '/home/awadh/ouster_ws/build/ouster_ros': CMAKE_PREFIX_PATH=/home/awadh/ouster_ws/install/ouster_sensor_msgs:/home/awadh/gazebo_ws/install/my_robo_bringup:/home/awadh/gazebo_ws/install/my_robo_description:/home/awadh/zed_ws/install/zed_ros2:/home/awadh/zed_ws/install/zed_robot_integration:/home/awadh/zed_ws/install/zed_multi_camera:/home/awadh/zed_ws/install/zed_display_rviz2:/home/awadh/zed_ws/install/zed_depth_to_laserscan:/home/awadh/zed_ws/install/zed_wrapper:/home/awadh/zed_ws/install/zed_tutorial_video:/home/awadh/zed_ws/install/zed_tutorial_pos_tracking:/home/awadh/zed_ws/install/zed_tutorial_depth:/home/awadh/zed_ws/install/zed_topic_benchmark:/home/awadh/zed_ws/install/zed_topic_benchmark_component:/home/awadh/zed_ws/install/zed_topic_benchmark_interfaces:/home/awadh/zed_ws/install/zed_rgb_convert:/home/awadh/zed_ws/install/zed_aruco_localization:/home/awadh/zed_ws/install/zed_components:/home/awadh/zed_ws/install/rviz_plugin_zed_od:/home/awadh/zed_ws/install/zed_interfaces:/home/awadh/ouster_ws/install/ouster_ros:/home/awadh/ros2_ws/install/my_robot_bringup:/home/awadh/ros2_ws/install/turtlesim_project_cpp:/home/awadh/ros2_ws/install/my_cpp_pkg:/home/awadh/ros2_ws/install/my_robot_interfaces:/home/awadh/ros2_ws/install/turtlesim_catch_them_all:/home/awadh/ros2_ws/install/my_py_pkg:/opt/ros/humble:/home/awadh/sick_tim_ws/install/sick_tim LD_LIBRARY_PATH=/home/awadh/ouster_ws/install/ouster_sensor_msgs/lib:/home/awadh/zed_ws/install/zed_topic_benchmark_component/lib:/home/awadh/zed_ws/install/zed_topic_benchmark_interfaces/lib:/home/awadh/zed_ws/install/zed_rgb_convert/lib:/home/awadh/zed_ws/install/zed_aruco_localization/lib:/home/awadh/zed_ws/install/zed_components/lib:/home/awadh/zed_ws/install/rviz_plugin_zed_od/lib:/home/awadh/zed_ws/install/zed_interfaces/lib:/home/awadh/ouster_ws/install/ouster_ros/lib:/home/awadh/ros2_ws/install/my_robot_interfaces/lib:/home/awadh/sick_tim_ws/install/sick_tim/lib:/usr/lib/x86_64-linux-gnu/gazebo-11/plugins:/opt/ros/humble/opt/rviz_ogre_vendor/lib:/opt/ros/humble/lib/x86_64-linux-gnu:/opt/ros/humble/lib:/usr/share/gazebo/../../lib/x86_64-linux-gnu/gazebo-11/plugins /usr/bin/cmake --install /home/awadh/ouster_ws/build/ouster_ros
[0.382s] -- Install configuration: "Release"
[0.383s] -- Execute custom install script
[0.383s] -- Up-to-date symlink: /home/awadh/ouster_ws/install/ouster_ros/include/ouster/impl/build.h
[0.384s] -- Up-to-date symlink: /home/awadh/ouster_ws/install/ouster_ros/include/ouster/buffered_udp_source.h
[0.384s] -- Up-to-date symlink: /home/awadh/ouster_ws/install/ouster_ros/include/ouster/client.h
[0.385s] -- Up-to-date symlink: /home/awadh/ouster_ws/install/ouster_ros/include/ouster/defaults.h
[0.385s] -- Up-to-date symlink: /home/awadh/ouster_ws/install/ouster_ros/include/ouster/image_processing.h
[0.385s] -- Up-to-date symlink: /home/awadh/ouster_ws/install/ouster_ros/include/ouster/impl/cartesian.h
[0.385s] -- Up-to-date symlink: /home/awadh/ouster_ws/install/ouster_ros/include/ouster/impl/lidar_scan_impl.h
[0.386s] -- Up-to-date symlink: /home/awadh/ouster_ws/install/ouster_ros/include/ouster/impl/packet_writer.h
[0.386s] -- Up-to-date symlink: /home/awadh/ouster_ws/install/ouster_ros/include/ouster/impl/profile_extension.h
[0.386s] -- Up-to-date symlink: /home/awadh/ouster_ws/install/ouster_ros/include/ouster/lidar_scan.h
[0.386s] -- Up-to-date symlink: /home/awadh/ouster_ws/install/ouster_ros/include/ouster/sensor_http.h
[0.386s] -- Up-to-date symlink: /home/awadh/ouster_ws/install/ouster_ros/include/ouster/types.h
[0.387s] -- Up-to-date symlink: /home/awadh/ouster_ws/install/ouster_ros/include/ouster/util.h
[0.387s] -- Up-to-date symlink: /home/awadh/ouster_ws/install/ouster_ros/include/ouster/version.h
[0.388s] -- Up-to-date symlink: /home/awadh/ouster_ws/install/ouster_ros/include/optional-lite/nonstd/optional.hpp
[0.388s] -- Up-to-date symlink: /home/awadh/ouster_ws/install/ouster_ros/lib/cmake/OusterSDK/OusterSDKConfig.cmake
[0.388s] -- Up-to-date symlink: /home/awadh/ouster_ws/install/ouster_ros/lib/cmake/OusterSDK/OusterSDKConfigVersion.cmake
[0.388s] -- Up-to-date symlink: /home/awadh/ouster_ws/install/ouster_ros/share/LICENSE
[0.389s] -- Up-to-date symlink: /home/awadh/ouster_ws/install/ouster_ros/share/LICENSE-bin
[0.389s] -- Up-to-date symlink: /home/awadh/ouster_ws/install/ouster_ros/lib/ouster_ros/os_sensor
[0.389s] -- Up-to-date symlink: /home/awadh/ouster_ws/install/ouster_ros/lib/ouster_ros/os_replay
[0.390s] -- Up-to-date symlink: /home/awadh/ouster_ws/install/ouster_ros/lib/ouster_ros/os_cloud
[0.390s] -- Up-to-date symlink: /home/awadh/ouster_ws/install/ouster_ros/lib/ouster_ros/os_image
[0.390s] -- Up-to-date symlink: /home/awadh/ouster_ws/install/ouster_ros/lib/ouster_ros/os_driver
[0.391s] -- Up-to-date symlink: /home/awadh/ouster_ws/install/ouster_ros/lib/libouster_ros_library.so
[0.391s] -- Up-to-date symlink: /home/awadh/ouster_ws/install/ouster_ros/lib/libos_sensor_component.so
[0.391s] -- Up-to-date symlink: /home/awadh/ouster_ws/install/ouster_ros/lib/libos_replay_component.so
[0.392s] -- Up-to-date symlink: /home/awadh/ouster_ws/install/ouster_ros/lib/libos_cloud_component.so
[0.392s] -- Up-to-date symlink: /home/awadh/ouster_ws/install/ouster_ros/lib/libos_image_component.so
[0.392s] -- Up-to-date symlink: /home/awadh/ouster_ws/install/ouster_ros/lib/libos_driver_component.so
[0.393s] -- Up-to-date symlink: /home/awadh/ouster_ws/install/ouster_ros/include/ouster_ros/include/ouster_ros/common_point_types.h
[0.393s] -- Up-to-date symlink: /home/awadh/ouster_ws/install/ouster_ros/include/ouster_ros/include/ouster_ros/os_point.h
[0.393s] -- Up-to-date symlink: /home/awadh/ouster_ws/install/ouster_ros/include/ouster_ros/include/ouster_ros/os_processing_node_base.h
[0.393s] -- Up-to-date symlink: /home/awadh/ouster_ws/install/ouster_ros/include/ouster_ros/include/ouster_ros/os_ros.h
[0.394s] -- Up-to-date symlink: /home/awadh/ouster_ws/install/ouster_ros/include/ouster_ros/include/ouster_ros/os_sensor_node_base.h
[0.394s] -- Up-to-date symlink: /home/awadh/ouster_ws/install/ouster_ros/include/ouster_ros/include/ouster_ros/sensor_point_types.h
[0.394s] -- Up-to-date symlink: /home/awadh/ouster_ws/install/ouster_ros/include/ouster_ros/include/ouster_ros/visibility_control.h
[0.395s] -- Up-to-date symlink: /home/awadh/ouster_ws/install/ouster_ros/include/ouster_ros/include/optional-lite/nonstd/optional.hpp
[0.395s] -- Up-to-date symlink: /home/awadh/ouster_ws/install/ouster_ros/include/ouster_ros/include/ouster/buffered_udp_source.h
[0.395s] -- Up-to-date symlink: /home/awadh/ouster_ws/install/ouster_ros/include/ouster_ros/include/ouster/client.h
[0.395s] -- Up-to-date symlink: /home/awadh/ouster_ws/install/ouster_ros/include/ouster_ros/include/ouster/defaults.h
[0.395s] -- Up-to-date symlink: /home/awadh/ouster_ws/install/ouster_ros/include/ouster_ros/include/ouster/image_processing.h
[0.395s] -- Up-to-date symlink: /home/awadh/ouster_ws/install/ouster_ros/include/ouster_ros/include/ouster/impl/cartesian.h
[0.395s] -- Up-to-date symlink: /home/awadh/ouster_ws/install/ouster_ros/include/ouster_ros/include/ouster/impl/lidar_scan_impl.h
[0.395s] -- Up-to-date symlink: /home/awadh/ouster_ws/install/ouster_ros/include/ouster_ros/include/ouster/impl/packet_writer.h
[0.396s] -- Up-to-date symlink: /home/awadh/ouster_ws/install/ouster_ros/include/ouster_ros/include/ouster/impl/profile_extension.h
[0.396s] -- Up-to-date symlink: /home/awadh/ouster_ws/install/ouster_ros/include/ouster_ros/include/ouster/lidar_scan.h
[0.396s] -- Up-to-date symlink: /home/awadh/ouster_ws/install/ouster_ros/include/ouster_ros/include/ouster/sensor_http.h
[0.396s] -- Up-to-date symlink: /home/awadh/ouster_ws/install/ouster_ros/include/ouster_ros/include/ouster/types.h
[0.396s] -- Up-to-date symlink: /home/awadh/ouster_ws/install/ouster_ros/include/ouster_ros/include/ouster/util.h
[0.396s] -- Up-to-date symlink: /home/awadh/ouster_ws/install/ouster_ros/include/ouster_ros/include/ouster/version.h
[0.397s] -- Up-to-date symlink: /home/awadh/ouster_ws/install/ouster_ros/include/ouster_ros/optional-lite/nonstd/optional.hpp
[0.397s] -- Up-to-date symlink: /home/awadh/ouster_ws/install/ouster_ros/share/ouster_ros/LICENSE
[0.397s] -- Up-to-date symlink: /home/awadh/ouster_ws/install/ouster_ros/share/ouster_ros/launch/driver.launch.py
[0.397s] -- Up-to-date symlink: /home/awadh/ouster_ws/install/ouster_ros/share/ouster_ros/launch/driver_launch.py
[0.397s] -- Up-to-date symlink: /home/awadh/ouster_ws/install/ouster_ros/share/ouster_ros/launch/record.composite.launch.xml
[0.397s] -- Up-to-date symlink: /home/awadh/ouster_ws/install/ouster_ros/share/ouster_ros/launch/record.launch.xml
[0.397s] -- Up-to-date symlink: /home/awadh/ouster_ws/install/ouster_ros/share/ouster_ros/launch/replay.composite.launch.xml
[0.398s] -- Up-to-date symlink: /home/awadh/ouster_ws/install/ouster_ros/share/ouster_ros/launch/replay.launch.xml
[0.398s] -- Up-to-date symlink: /home/awadh/ouster_ws/install/ouster_ros/share/ouster_ros/launch/rviz.launch.py
[0.398s] -- Up-to-date symlink: /home/awadh/ouster_ws/install/ouster_ros/share/ouster_ros/launch/rviz.launch.xml
[0.398s] -- Up-to-date symlink: /home/awadh/ouster_ws/install/ouster_ros/share/ouster_ros/launch/sensor.composite.launch.py
[0.398s] -- Up-to-date symlink: /home/awadh/ouster_ws/install/ouster_ros/share/ouster_ros/launch/sensor.composite.launch.xml
[0.398s] -- Up-to-date symlink: /home/awadh/ouster_ws/install/ouster_ros/share/ouster_ros/launch/sensor.independent.launch.py
[0.398s] -- Up-to-date symlink: /home/awadh/ouster_ws/install/ouster_ros/share/ouster_ros/launch/sensor.independent.launch.xml
[0.398s] -- Up-to-date symlink: /home/awadh/ouster_ws/install/ouster_ros/share/ouster_ros/launch/sensor.launch.xml
[0.399s] -- Up-to-date symlink: /home/awadh/ouster_ws/install/ouster_ros/share/ouster_ros/launch/sensor_mtp.launch.xml
[0.399s] -- Up-to-date symlink: /home/awadh/ouster_ws/install/ouster_ros/share/ouster_ros/config/community_driver.rviz
[0.399s] -- Up-to-date symlink: /home/awadh/ouster_ws/install/ouster_ros/share/ouster_ros/config/community_driver_config.yaml
[0.399s] -- Up-to-date symlink: /home/awadh/ouster_ws/install/ouster_ros/share/ouster_ros/config/driver_params.yaml
[0.399s] -- Up-to-date symlink: /home/awadh/ouster_ws/install/ouster_ros/share/ouster_ros/config/metadata-qos-override.yaml
[0.399s] -- Up-to-date symlink: /home/awadh/ouster_ws/install/ouster_ros/share/ouster_ros/config/os_sensor_cloud_image_params.yaml
[0.400s] -- Up-to-date symlink: /home/awadh/ouster_ws/install/ouster_ros/share/ouster_ros/config/viz-reliable.rviz
[0.400s] -- Up-to-date symlink: /home/awadh/ouster_ws/install/ouster_ros/share/ouster_ros/config/viz.rviz
[0.400s] -- Up-to-date symlink: /home/awadh/ouster_ws/install/ouster_ros/share/ouster_ros/environment/library_path.sh
[0.400s] -- Up-to-date symlink: /home/awadh/ouster_ws/install/ouster_ros/share/ouster_ros/environment/library_path.dsv
[0.400s] -- Up-to-date symlink: /home/awadh/ouster_ws/install/ouster_ros/share/ament_index/resource_index/package_run_dependencies/ouster_ros
[0.400s] -- Up-to-date symlink: /home/awadh/ouster_ws/install/ouster_ros/share/ament_index/resource_index/parent_prefix_path/ouster_ros
[0.401s] -- Up-to-date symlink: /home/awadh/ouster_ws/install/ouster_ros/share/ouster_ros/environment/ament_prefix_path.sh
[0.401s] -- Up-to-date symlink: /home/awadh/ouster_ws/install/ouster_ros/share/ouster_ros/environment/ament_prefix_path.dsv
[0.401s] -- Up-to-date symlink: /home/awadh/ouster_ws/install/ouster_ros/share/ouster_ros/environment/path.sh
[0.401s] -- Up-to-date symlink: /home/awadh/ouster_ws/install/ouster_ros/share/ouster_ros/environment/path.dsv
[0.401s] -- Up-to-date symlink: /home/awadh/ouster_ws/install/ouster_ros/share/ouster_ros/local_setup.bash
[0.401s] -- Up-to-date symlink: /home/awadh/ouster_ws/install/ouster_ros/share/ouster_ros/local_setup.sh
[0.402s] -- Up-to-date symlink: /home/awadh/ouster_ws/install/ouster_ros/share/ouster_ros/local_setup.zsh
[0.402s] -- Up-to-date symlink: /home/awadh/ouster_ws/install/ouster_ros/share/ouster_ros/local_setup.dsv
[0.402s] -- Symlinking: /home/awadh/ouster_ws/install/ouster_ros/share/ouster_ros/package.dsv
[0.408s] -- Up-to-date symlink: /home/awadh/ouster_ws/install/ouster_ros/share/ament_index/resource_index/packages/ouster_ros
[0.409s] -- Up-to-date symlink: /home/awadh/ouster_ws/install/ouster_ros/share/ament_index/resource_index/rclcpp_components/ouster_ros
[0.409s] -- Up-to-date symlink: /home/awadh/ouster_ws/install/ouster_ros/share/ouster_ros/cmake/ament_cmake_export_include_directories-extras.cmake
[0.409s] -- Up-to-date symlink: /home/awadh/ouster_ws/install/ouster_ros/share/ouster_ros/cmake/ament_cmake_export_dependencies-extras.cmake
[0.409s] -- Up-to-date symlink: /home/awadh/ouster_ws/install/ouster_ros/share/ouster_ros/cmake/ament_cmake_export_libraries-extras.cmake
[0.409s] -- Up-to-date symlink: /home/awadh/ouster_ws/install/ouster_ros/share/ouster_ros/cmake/ouster_rosConfig.cmake
[0.409s] -- Up-to-date symlink: /home/awadh/ouster_ws/install/ouster_ros/share/ouster_ros/cmake/ouster_rosConfig-version.cmake
[0.409s] -- Up-to-date symlink: /home/awadh/ouster_ws/install/ouster_ros/share/ouster_ros/package.xml
[0.411s] Invoked command in '/home/awadh/ouster_ws/build/ouster_ros' returned '0': CMAKE_PREFIX_PATH=/home/awadh/ouster_ws/install/ouster_sensor_msgs:/home/awadh/gazebo_ws/install/my_robo_bringup:/home/awadh/gazebo_ws/install/my_robo_description:/home/awadh/zed_ws/install/zed_ros2:/home/awadh/zed_ws/install/zed_robot_integration:/home/awadh/zed_ws/install/zed_multi_camera:/home/awadh/zed_ws/install/zed_display_rviz2:/home/awadh/zed_ws/install/zed_depth_to_laserscan:/home/awadh/zed_ws/install/zed_wrapper:/home/awadh/zed_ws/install/zed_tutorial_video:/home/awadh/zed_ws/install/zed_tutorial_pos_tracking:/home/awadh/zed_ws/install/zed_tutorial_depth:/home/awadh/zed_ws/install/zed_topic_benchmark:/home/awadh/zed_ws/install/zed_topic_benchmark_component:/home/awadh/zed_ws/install/zed_topic_benchmark_interfaces:/home/awadh/zed_ws/install/zed_rgb_convert:/home/awadh/zed_ws/install/zed_aruco_localization:/home/awadh/zed_ws/install/zed_components:/home/awadh/zed_ws/install/rviz_plugin_zed_od:/home/awadh/zed_ws/install/zed_interfaces:/home/awadh/ouster_ws/install/ouster_ros:/home/awadh/ros2_ws/install/my_robot_bringup:/home/awadh/ros2_ws/install/turtlesim_project_cpp:/home/awadh/ros2_ws/install/my_cpp_pkg:/home/awadh/ros2_ws/install/my_robot_interfaces:/home/awadh/ros2_ws/install/turtlesim_catch_them_all:/home/awadh/ros2_ws/install/my_py_pkg:/opt/ros/humble:/home/awadh/sick_tim_ws/install/sick_tim LD_LIBRARY_PATH=/home/awadh/ouster_ws/install/ouster_sensor_msgs/lib:/home/awadh/zed_ws/install/zed_topic_benchmark_component/lib:/home/awadh/zed_ws/install/zed_topic_benchmark_interfaces/lib:/home/awadh/zed_ws/install/zed_rgb_convert/lib:/home/awadh/zed_ws/install/zed_aruco_localization/lib:/home/awadh/zed_ws/install/zed_components/lib:/home/awadh/zed_ws/install/rviz_plugin_zed_od/lib:/home/awadh/zed_ws/install/zed_interfaces/lib:/home/awadh/ouster_ws/install/ouster_ros/lib:/home/awadh/ros2_ws/install/my_robot_interfaces/lib:/home/awadh/sick_tim_ws/install/sick_tim/lib:/usr/lib/x86_64-linux-gnu/gazebo-11/plugins:/opt/ros/humble/opt/rviz_ogre_vendor/lib:/opt/ros/humble/lib/x86_64-linux-gnu:/opt/ros/humble/lib:/usr/share/gazebo/../../lib/x86_64-linux-gnu/gazebo-11/plugins /usr/bin/cmake --install /home/awadh/ouster_ws/build/ouster_ros
