[33mCMake Warning at CMakeLists.txt:52 (find_package):
  By not providing "Findzed_components.cmake" in CMAKE_MODULE_PATH this
  project has asked CMake to find a package configuration file provided by
  "zed_components", but CMake did not find one.

  Could not find a package configuration file provided by "zed_components"
  with any of the following names:

    zed_componentsConfig.cmake
    zed_components-config.cmake

  Add the installation prefix of "zed_components" to CMAKE_PREFIX_PATH or set
  "zed_components_DIR" to a directory containing one of the above files.  If
  "zed_components" provides a separate development package or SDK, be sure it
  has been installed.

[0m
[33mCMake Warning at CMakeLists.txt:53 (find_package):
  By not providing "Findzed_wrapper.cmake" in CMAKE_MODULE_PATH this project
  has asked CMake to find a package configuration file provided by
  "zed_wrapper", but CMake did not find one.

  Could not find a package configuration file provided by "zed_wrapper" with
  any of the following names:

    zed_wrapperConfig.cmake
    zed_wrapper-config.cmake

  Add the installation prefix of "zed_wrapper" to CMAKE_PREFIX_PATH or set
  "zed_wrapper_DIR" to a directory containing one of the above files.  If
  "zed_wrapper" provides a separate development package or SDK, be sure it
  has been installed.

[0m
