-- The C compiler identification is GNU 11.4.0
-- The CXX compiler identification is GNU 11.4.0
-- Detecting C compiler ABI info
-- Detecting C compiler ABI info - done
-- Check for working C compiler: /usr/bin/cc - skipped
-- Detecting C compile features
-- Detecting C compile features - done
-- Detecting CXX compiler ABI info
-- Detecting CXX compiler ABI info - done
-- Check for working CXX compiler: /usr/bin/c++ - skipped
-- Detecting CXX compile features
-- Detecting CXX compile features - done
-- Found ament_cmake_auto: 1.3.9 (/opt/ros/humble/share/ament_cmake_auto/cmake)
-- Found Python3: /usr/bin/python3 (found version "3.10.12") found components: Interpreter 
-- Found rosidl_generator_c: 3.1.5 (/opt/ros/humble/share/rosidl_generator_c/cmake)
-- Found rosidl_adapter: 3.1.5 (/opt/ros/humble/share/rosidl_adapter/cmake)
-- Found rosidl_generator_cpp: 3.1.5 (/opt/ros/humble/share/rosidl_generator_cpp/cmake)
-- Using all available rosidl_typesupport_c: rosidl_typesupport_fastrtps_c;rosidl_typesupport_introspection_c
-- Using all available rosidl_typesupport_cpp: rosidl_typesupport_fastrtps_cpp;rosidl_typesupport_introspection_cpp
-- Found rmw_implementation_cmake: 6.1.2 (/opt/ros/humble/share/rmw_implementation_cmake/cmake)
-- Found rmw_cyclonedds_cpp: 1.3.4 (/opt/ros/humble/share/rmw_cyclonedds_cpp/cmake)
-- Using RMW implementation 'rmw_cyclonedds_cpp' as default
-- Looking for pthread.h
-- Looking for pthread.h - found
-- Performing Test CMAKE_HAVE_LIBC_PTHREAD
-- Performing Test CMAKE_HAVE_LIBC_PTHREAD - Success
-- Found Threads: TRUE  
-- Found eigen3_cmake_module: 0.1.1 (/opt/ros/humble/share/eigen3_cmake_module/cmake)
-- Found Eigen3: TRUE (found version "3.4.0") 
-- Ensuring Eigen3 include directory is part of orocos-kdl CMake target
[33mCMake Warning at CMakeLists.txt:52 (find_package):
  By not providing "Findzed_components.cmake" in CMAKE_MODULE_PATH this
  project has asked CMake to find a package configuration file provided by
  "zed_components", but CMake did not find one.

  Could not find a package configuration file provided by "zed_components"
  with any of the following names:

    zed_componentsConfig.cmake
    zed_components-config.cmake

  Add the installation prefix of "zed_components" to CMAKE_PREFIX_PATH or set
  "zed_components_DIR" to a directory containing one of the above files.  If
  "zed_components" provides a separate development package or SDK, be sure it
  has been installed.

[0m
[33mCMake Warning at CMakeLists.txt:53 (find_package):
  By not providing "Findzed_wrapper.cmake" in CMAKE_MODULE_PATH this project
  has asked CMake to find a package configuration file provided by
  "zed_wrapper", but CMake did not find one.

  Could not find a package configuration file provided by "zed_wrapper" with
  any of the following names:

    zed_wrapperConfig.cmake
    zed_wrapper-config.cmake

  Add the installation prefix of "zed_wrapper" to CMAKE_PREFIX_PATH or set
  "zed_wrapper_DIR" to a directory containing one of the above files.  If
  "zed_wrapper" provides a separate development package or SDK, be sure it
  has been installed.

[0m
-- Found ament_lint_auto: 0.12.11 (/opt/ros/humble/share/ament_lint_auto/cmake)
-- Added test 'copyright' to check source files copyright and LICENSE
-- Added test 'flake8' to check Python code syntax and style conventions
-- Added test 'lint_cmake' to check CMake code style
-- Added test 'pep257' to check Python code against some of the docstring style conventions in PEP 257
-- Added test 'xmllint' to check XML markup files
-- Configuring done
-- Generating done
-- Build files have been written to: /home/awadh/zed_ws/build/zed_depth_to_laserscan
