/home/awadh/depth_ws/install/depth_estimation/lib/python3.10/site-packages/depth_estimation/extract_obj.py
/home/awadh/depth_ws/install/depth_estimation/lib/python3.10/site-packages/depth_estimation/gazebo_depth.py
/home/awadh/depth_ws/install/depth_estimation/lib/python3.10/site-packages/depth_estimation/__init__.py
/home/awadh/depth_ws/install/depth_estimation/lib/python3.10/site-packages/depth_estimation/rviz_depth.py
/home/awadh/depth_ws/install/depth_estimation/lib/python3.10/site-packages/depth_estimation/depth.py
/home/awadh/depth_ws/install/depth_estimation/lib/python3.10/site-packages/depth_estimation/depth_info.py
/home/awadh/depth_ws/install/depth_estimation/lib/python3.10/site-packages/depth_estimation/__pycache__/extract_obj.cpython-310.pyc
/home/awadh/depth_ws/install/depth_estimation/lib/python3.10/site-packages/depth_estimation/__pycache__/gazebo_depth.cpython-310.pyc
/home/awadh/depth_ws/install/depth_estimation/lib/python3.10/site-packages/depth_estimation/__pycache__/__init__.cpython-310.pyc
/home/awadh/depth_ws/install/depth_estimation/lib/python3.10/site-packages/depth_estimation/__pycache__/rviz_depth.cpython-310.pyc
/home/awadh/depth_ws/install/depth_estimation/lib/python3.10/site-packages/depth_estimation/__pycache__/depth.cpython-310.pyc
/home/awadh/depth_ws/install/depth_estimation/lib/python3.10/site-packages/depth_estimation/__pycache__/depth_info.cpython-310.pyc
/home/awadh/depth_ws/install/depth_estimation/share/ament_index/resource_index/packages/depth_estimation
/home/awadh/depth_ws/install/depth_estimation/share/depth_estimation/package.xml
/home/awadh/depth_ws/install/depth_estimation/lib/python3.10/site-packages/depth_estimation-0.0.0-py3.10.egg-info/dependency_links.txt
/home/awadh/depth_ws/install/depth_estimation/lib/python3.10/site-packages/depth_estimation-0.0.0-py3.10.egg-info/requires.txt
/home/awadh/depth_ws/install/depth_estimation/lib/python3.10/site-packages/depth_estimation-0.0.0-py3.10.egg-info/SOURCES.txt
/home/awadh/depth_ws/install/depth_estimation/lib/python3.10/site-packages/depth_estimation-0.0.0-py3.10.egg-info/top_level.txt
/home/awadh/depth_ws/install/depth_estimation/lib/python3.10/site-packages/depth_estimation-0.0.0-py3.10.egg-info/PKG-INFO
/home/awadh/depth_ws/install/depth_estimation/lib/python3.10/site-packages/depth_estimation-0.0.0-py3.10.egg-info/zip-safe
/home/awadh/depth_ws/install/depth_estimation/lib/python3.10/site-packages/depth_estimation-0.0.0-py3.10.egg-info/entry_points.txt
