-- Install configuration: ""
-- Installing: /home/awadh/zed_ws/install/zed_depth_to_laserscan/share/zed_depth_to_laserscan/launch
-- Installing: /home/awadh/zed_ws/install/zed_depth_to_laserscan/share/zed_depth_to_laserscan/launch/zed_depth_to_laserscan.launch.py
-- Installing: /home/awadh/zed_ws/install/zed_depth_to_laserscan/share/zed_depth_to_laserscan/config
-- Installing: /home/awadh/zed_ws/install/zed_depth_to_laserscan/share/zed_depth_to_laserscan/config/zed_depth_to_laserscan.yaml
-- Installing: /home/awadh/zed_ws/install/zed_depth_to_laserscan/share/zed_depth_to_laserscan/rviz2
-- Installing: /home/awadh/zed_ws/install/zed_depth_to_laserscan/share/zed_depth_to_laserscan/rviz2/zed_depth_to_laserscan.rviz
-- Installing: /home/awadh/zed_ws/install/zed_depth_to_laserscan/share/ament_index/resource_index/package_run_dependencies/zed_depth_to_laserscan
-- Installing: /home/awadh/zed_ws/install/zed_depth_to_laserscan/share/ament_index/resource_index/parent_prefix_path/zed_depth_to_laserscan
-- Installing: /home/awadh/zed_ws/install/zed_depth_to_laserscan/share/zed_depth_to_laserscan/environment/ament_prefix_path.sh
-- Installing: /home/awadh/zed_ws/install/zed_depth_to_laserscan/share/zed_depth_to_laserscan/environment/ament_prefix_path.dsv
-- Installing: /home/awadh/zed_ws/install/zed_depth_to_laserscan/share/zed_depth_to_laserscan/environment/path.sh
-- Installing: /home/awadh/zed_ws/install/zed_depth_to_laserscan/share/zed_depth_to_laserscan/environment/path.dsv
-- Installing: /home/awadh/zed_ws/install/zed_depth_to_laserscan/share/zed_depth_to_laserscan/local_setup.bash
-- Installing: /home/awadh/zed_ws/install/zed_depth_to_laserscan/share/zed_depth_to_laserscan/local_setup.sh
-- Installing: /home/awadh/zed_ws/install/zed_depth_to_laserscan/share/zed_depth_to_laserscan/local_setup.zsh
-- Installing: /home/awadh/zed_ws/install/zed_depth_to_laserscan/share/zed_depth_to_laserscan/local_setup.dsv
-- Installing: /home/awadh/zed_ws/install/zed_depth_to_laserscan/share/zed_depth_to_laserscan/package.dsv
-- Installing: /home/awadh/zed_ws/install/zed_depth_to_laserscan/share/ament_index/resource_index/packages/zed_depth_to_laserscan
-- Installing: /home/awadh/zed_ws/install/zed_depth_to_laserscan/share/zed_depth_to_laserscan/cmake/zed_depth_to_laserscanConfig.cmake
-- Installing: /home/awadh/zed_ws/install/zed_depth_to_laserscan/share/zed_depth_to_laserscan/cmake/zed_depth_to_laserscanConfig-version.cmake
-- Installing: /home/awadh/zed_ws/install/zed_depth_to_laserscan/share/zed_depth_to_laserscan/package.xml
