[ 50%] [32mBuilding CXX object CMakeFiles/zed_tutorial_depth.dir/src/zed_depth_sub_tutorial.cpp.o[0m
[100%] [32m[1mLinking CXX executable zed_tutorial_depth[0m
[100%] Built target zed_tutorial_depth
-- Install configuration: "Release"
-- Execute custom install script
-- Up-to-date symlink: /home/awadh/zed_ws/install/zed_tutorial_depth/lib/zed_tutorial_depth/zed_tutorial_depth
-- Up-to-date symlink: /home/awadh/zed_ws/install/zed_tutorial_depth/share/ament_index/resource_index/package_run_dependencies/zed_tutorial_depth
-- Up-to-date symlink: /home/awadh/zed_ws/install/zed_tutorial_depth/share/ament_index/resource_index/parent_prefix_path/zed_tutorial_depth
-- Up-to-date symlink: /home/awadh/zed_ws/install/zed_tutorial_depth/share/zed_tutorial_depth/environment/ament_prefix_path.sh
-- Up-to-date symlink: /home/awadh/zed_ws/install/zed_tutorial_depth/share/zed_tutorial_depth/environment/ament_prefix_path.dsv
-- Up-to-date symlink: /home/awadh/zed_ws/install/zed_tutorial_depth/share/zed_tutorial_depth/environment/path.sh
-- Up-to-date symlink: /home/awadh/zed_ws/install/zed_tutorial_depth/share/zed_tutorial_depth/environment/path.dsv
-- Up-to-date symlink: /home/awadh/zed_ws/install/zed_tutorial_depth/share/zed_tutorial_depth/local_setup.bash
-- Up-to-date symlink: /home/awadh/zed_ws/install/zed_tutorial_depth/share/zed_tutorial_depth/local_setup.sh
-- Up-to-date symlink: /home/awadh/zed_ws/install/zed_tutorial_depth/share/zed_tutorial_depth/local_setup.zsh
-- Up-to-date symlink: /home/awadh/zed_ws/install/zed_tutorial_depth/share/zed_tutorial_depth/local_setup.dsv
-- Symlinking: /home/awadh/zed_ws/install/zed_tutorial_depth/share/zed_tutorial_depth/package.dsv
-- Up-to-date symlink: /home/awadh/zed_ws/install/zed_tutorial_depth/share/ament_index/resource_index/packages/zed_tutorial_depth
-- Up-to-date symlink: /home/awadh/zed_ws/install/zed_tutorial_depth/share/zed_tutorial_depth/cmake/zed_tutorial_depthConfig.cmake
-- Up-to-date symlink: /home/awadh/zed_ws/install/zed_tutorial_depth/share/zed_tutorial_depth/cmake/zed_tutorial_depthConfig-version.cmake
-- Up-to-date symlink: /home/awadh/zed_ws/install/zed_tutorial_depth/share/zed_tutorial_depth/package.xml
