[0.510s] Invoking command in '/home/awadh/depth_ws/src/depth_estimation': PYTHONPATH=/home/awadh/depth_ws/build/depth_estimation/prefix_override:/home/awadh/depth_ws/install/depth_estimation/lib/python3.10/site-packages:${PYTHONPATH} /usr/bin/python3 -W ignore:setup.py install is deprecated setup.py egg_info --egg-base ../../build/depth_estimation build --build-base /home/awadh/depth_ws/build/depth_estimation/build install --record /home/awadh/depth_ws/build/depth_estimation/install.log --single-version-externally-managed install_data
[0.694s] running egg_info
[0.695s] writing ../../build/depth_estimation/depth_estimation.egg-info/PKG-INFO
[0.695s] writing dependency_links to ../../build/depth_estimation/depth_estimation.egg-info/dependency_links.txt
[0.695s] writing entry points to ../../build/depth_estimation/depth_estimation.egg-info/entry_points.txt
[0.695s] writing requirements to ../../build/depth_estimation/depth_estimation.egg-info/requires.txt
[0.695s] writing top-level names to ../../build/depth_estimation/depth_estimation.egg-info/top_level.txt
[0.696s] reading manifest file '../../build/depth_estimation/depth_estimation.egg-info/SOURCES.txt'
[0.697s] writing manifest file '../../build/depth_estimation/depth_estimation.egg-info/SOURCES.txt'
[0.697s] running build
[0.697s] running build_py
[0.697s] copying depth_estimation/rviz_depth.py -> /home/awadh/depth_ws/build/depth_estimation/build/lib/depth_estimation
[0.697s] running install
[0.697s] running install_lib
[0.698s] copying /home/awadh/depth_ws/build/depth_estimation/build/lib/depth_estimation/rviz_depth.py -> /home/awadh/depth_ws/install/depth_estimation/lib/python3.10/site-packages/depth_estimation
[0.698s] byte-compiling /home/awadh/depth_ws/install/depth_estimation/lib/python3.10/site-packages/depth_estimation/rviz_depth.py to rviz_depth.cpython-310.pyc
[0.698s] running install_data
[0.698s] running install_egg_info
[0.699s] removing '/home/awadh/depth_ws/install/depth_estimation/lib/python3.10/site-packages/depth_estimation-0.0.0-py3.10.egg-info' (and everything under it)
[0.700s] Copying ../../build/depth_estimation/depth_estimation.egg-info to /home/awadh/depth_ws/install/depth_estimation/lib/python3.10/site-packages/depth_estimation-0.0.0-py3.10.egg-info
[0.700s] running install_scripts
[0.714s] writing list of installed files to '/home/awadh/depth_ws/build/depth_estimation/install.log'
[0.729s] Invoked command in '/home/awadh/depth_ws/src/depth_estimation' returned '0': PYTHONPATH=/home/awadh/depth_ws/build/depth_estimation/prefix_override:/home/awadh/depth_ws/install/depth_estimation/lib/python3.10/site-packages:${PYTHONPATH} /usr/bin/python3 -W ignore:setup.py install is deprecated setup.py egg_info --egg-base ../../build/depth_estimation build --build-base /home/awadh/depth_ws/build/depth_estimation/build install --record /home/awadh/depth_ws/build/depth_estimation/install.log --single-version-externally-managed install_data
