[0.769s] Invoking command in '/home/awadh/depth_ws/src/depth_estimation': PYTHONPATH=/home/awadh/depth_ws/build/depth_estimation/prefix_override:/home/awadh/depth_ws/install/depth_estimation/lib/python3.10/site-packages:${PYTHONPATH} /usr/bin/python3 -W ignore:setup.py install is deprecated setup.py egg_info --egg-base ../../build/depth_estimation build --build-base /home/awadh/depth_ws/build/depth_estimation/build install --record /home/awadh/depth_ws/build/depth_estimation/install.log --single-version-externally-managed install_data
[1.052s] running egg_info
[1.052s] writing ../../build/depth_estimation/depth_estimation.egg-info/PKG-INFO
[1.052s] writing dependency_links to ../../build/depth_estimation/depth_estimation.egg-info/dependency_links.txt
[1.053s] writing entry points to ../../build/depth_estimation/depth_estimation.egg-info/entry_points.txt
[1.053s] writing requirements to ../../build/depth_estimation/depth_estimation.egg-info/requires.txt
[1.053s] writing top-level names to ../../build/depth_estimation/depth_estimation.egg-info/top_level.txt
[1.055s] reading manifest file '../../build/depth_estimation/depth_estimation.egg-info/SOURCES.txt'
[1.055s] writing manifest file '../../build/depth_estimation/depth_estimation.egg-info/SOURCES.txt'
[1.056s] running build
[1.056s] running build_py
[1.056s] running install
[1.056s] running install_lib
[1.057s] running install_data
[1.058s] running install_egg_info
[1.059s] removing '/home/awadh/depth_ws/install/depth_estimation/lib/python3.10/site-packages/depth_estimation-0.0.0-py3.10.egg-info' (and everything under it)
[1.059s] Copying ../../build/depth_estimation/depth_estimation.egg-info to /home/awadh/depth_ws/install/depth_estimation/lib/python3.10/site-packages/depth_estimation-0.0.0-py3.10.egg-info
[1.060s] running install_scripts
[1.081s] writing list of installed files to '/home/awadh/depth_ws/build/depth_estimation/install.log'
[1.107s] Invoked command in '/home/awadh/depth_ws/src/depth_estimation' returned '0': PYTHONPATH=/home/awadh/depth_ws/build/depth_estimation/prefix_override:/home/awadh/depth_ws/install/depth_estimation/lib/python3.10/site-packages:${PYTHONPATH} /usr/bin/python3 -W ignore:setup.py install is deprecated setup.py egg_info --egg-base ../../build/depth_estimation build --build-base /home/awadh/depth_ws/build/depth_estimation/build install --record /home/awadh/depth_ws/build/depth_estimation/install.log --single-version-externally-managed install_data
