running egg_info
creating ../../build/depth_estimation/depth_estimation.egg-info
writing ../../build/depth_estimation/depth_estimation.egg-info/PKG-INFO
writing dependency_links to ../../build/depth_estimation/depth_estimation.egg-info/dependency_links.txt
writing entry points to ../../build/depth_estimation/depth_estimation.egg-info/entry_points.txt
writing requirements to ../../build/depth_estimation/depth_estimation.egg-info/requires.txt
writing top-level names to ../../build/depth_estimation/depth_estimation.egg-info/top_level.txt
writing manifest file '../../build/depth_estimation/depth_estimation.egg-info/SOURCES.txt'
reading manifest file '../../build/depth_estimation/depth_estimation.egg-info/SOURCES.txt'
writing manifest file '../../build/depth_estimation/depth_estimation.egg-info/SOURCES.txt'
running build
running build_py
creating /home/awadh/depth_ws/build/depth_estimation/build
creating /home/awadh/depth_ws/build/depth_estimation/build/lib
creating /home/awadh/depth_ws/build/depth_estimation/build/lib/depth_estimation
copying depth_estimation/__init__.py -> /home/awadh/depth_ws/build/depth_estimation/build/lib/depth_estimation
running install
running install_lib
creating /home/awadh/depth_ws/install/depth_estimation/lib/python3.10/site-packages/depth_estimation
copying /home/awadh/depth_ws/build/depth_estimation/build/lib/depth_estimation/__init__.py -> /home/awadh/depth_ws/install/depth_estimation/lib/python3.10/site-packages/depth_estimation
byte-compiling /home/awadh/depth_ws/install/depth_estimation/lib/python3.10/site-packages/depth_estimation/__init__.py to __init__.cpython-310.pyc
running install_data
creating /home/awadh/depth_ws/install/depth_estimation/share/ament_index
creating /home/awadh/depth_ws/install/depth_estimation/share/ament_index/resource_index
creating /home/awadh/depth_ws/install/depth_estimation/share/ament_index/resource_index/packages
copying resource/depth_estimation -> /home/awadh/depth_ws/install/depth_estimation/share/ament_index/resource_index/packages
copying package.xml -> /home/awadh/depth_ws/install/depth_estimation/share/depth_estimation
running install_egg_info
Copying ../../build/depth_estimation/depth_estimation.egg-info to /home/awadh/depth_ws/install/depth_estimation/lib/python3.10/site-packages/depth_estimation-0.0.0-py3.10.egg-info
running install_scripts
writing list of installed files to '/home/awadh/depth_ws/build/depth_estimation/install.log'
