[0.511s] Invoking command in '/home/awadh/depth_ws/src/depth_estimation': PYTHONPATH=/home/awadh/depth_ws/build/depth_estimation/prefix_override:/home/awadh/depth_ws/install/depth_estimation/lib/python3.10/site-packages:${PYTHONPATH} /usr/bin/python3 -W ignore:setup.py install is deprecated setup.py egg_info --egg-base ../../build/depth_estimation build --build-base /home/awadh/depth_ws/build/depth_estimation/build install --record /home/awadh/depth_ws/build/depth_estimation/install.log --single-version-externally-managed install_data
[0.684s] running egg_info
[0.684s] creating ../../build/depth_estimation/depth_estimation.egg-info
[0.684s] writing ../../build/depth_estimation/depth_estimation.egg-info/PKG-INFO
[0.684s] writing dependency_links to ../../build/depth_estimation/depth_estimation.egg-info/dependency_links.txt
[0.684s] writing entry points to ../../build/depth_estimation/depth_estimation.egg-info/entry_points.txt
[0.684s] writing requirements to ../../build/depth_estimation/depth_estimation.egg-info/requires.txt
[0.684s] writing top-level names to ../../build/depth_estimation/depth_estimation.egg-info/top_level.txt
[0.684s] writing manifest file '../../build/depth_estimation/depth_estimation.egg-info/SOURCES.txt'
[0.685s] reading manifest file '../../build/depth_estimation/depth_estimation.egg-info/SOURCES.txt'
[0.686s] writing manifest file '../../build/depth_estimation/depth_estimation.egg-info/SOURCES.txt'
[0.686s] running build
[0.686s] running build_py
[0.686s] creating /home/awadh/depth_ws/build/depth_estimation/build
[0.686s] creating /home/awadh/depth_ws/build/depth_estimation/build/lib
[0.686s] creating /home/awadh/depth_ws/build/depth_estimation/build/lib/depth_estimation
[0.686s] copying depth_estimation/__init__.py -> /home/awadh/depth_ws/build/depth_estimation/build/lib/depth_estimation
[0.686s] running install
[0.686s] running install_lib
[0.686s] creating /home/awadh/depth_ws/install/depth_estimation/lib/python3.10/site-packages/depth_estimation
[0.686s] copying /home/awadh/depth_ws/build/depth_estimation/build/lib/depth_estimation/__init__.py -> /home/awadh/depth_ws/install/depth_estimation/lib/python3.10/site-packages/depth_estimation
[0.687s] byte-compiling /home/awadh/depth_ws/install/depth_estimation/lib/python3.10/site-packages/depth_estimation/__init__.py to __init__.cpython-310.pyc
[0.687s] running install_data
[0.687s] creating /home/awadh/depth_ws/install/depth_estimation/share/ament_index
[0.687s] creating /home/awadh/depth_ws/install/depth_estimation/share/ament_index/resource_index
[0.687s] creating /home/awadh/depth_ws/install/depth_estimation/share/ament_index/resource_index/packages
[0.687s] copying resource/depth_estimation -> /home/awadh/depth_ws/install/depth_estimation/share/ament_index/resource_index/packages
[0.687s] copying package.xml -> /home/awadh/depth_ws/install/depth_estimation/share/depth_estimation
[0.687s] running install_egg_info
[0.688s] Copying ../../build/depth_estimation/depth_estimation.egg-info to /home/awadh/depth_ws/install/depth_estimation/lib/python3.10/site-packages/depth_estimation-0.0.0-py3.10.egg-info
[0.688s] running install_scripts
[0.701s] writing list of installed files to '/home/awadh/depth_ws/build/depth_estimation/install.log'
[0.715s] Invoked command in '/home/awadh/depth_ws/src/depth_estimation' returned '0': PYTHONPATH=/home/awadh/depth_ws/build/depth_estimation/prefix_override:/home/awadh/depth_ws/install/depth_estimation/lib/python3.10/site-packages:${PYTHONPATH} /usr/bin/python3 -W ignore:setup.py install is deprecated setup.py egg_info --egg-base ../../build/depth_estimation build --build-base /home/awadh/depth_ws/build/depth_estimation/build install --record /home/awadh/depth_ws/build/depth_estimation/install.log --single-version-externally-managed install_data
