[0.505s] Invoking command in '/home/awadh/depth_ws/src/depth_estimation': PYTHONPATH=/home/awadh/depth_ws/build/depth_estimation/prefix_override:/home/awadh/depth_ws/install/depth_estimation/lib/python3.10/site-packages:${PYTHONPATH} /usr/bin/python3 -W ignore:setup.py install is deprecated setup.py egg_info --egg-base ../../build/depth_estimation build --build-base /home/awadh/depth_ws/build/depth_estimation/build install --record /home/awadh/depth_ws/build/depth_estimation/install.log --single-version-externally-managed install_data
[0.688s] running egg_info
[0.688s] writing ../../build/depth_estimation/depth_estimation.egg-info/PKG-INFO
[0.688s] writing dependency_links to ../../build/depth_estimation/depth_estimation.egg-info/dependency_links.txt
[0.688s] writing entry points to ../../build/depth_estimation/depth_estimation.egg-info/entry_points.txt
[0.688s] writing requirements to ../../build/depth_estimation/depth_estimation.egg-info/requires.txt
[0.688s] writing top-level names to ../../build/depth_estimation/depth_estimation.egg-info/top_level.txt
[0.689s] reading manifest file '../../build/depth_estimation/depth_estimation.egg-info/SOURCES.txt'
[0.690s] writing manifest file '../../build/depth_estimation/depth_estimation.egg-info/SOURCES.txt'
[0.690s] running build
[0.690s] running build_py
[0.690s] running install
[0.690s] running install_lib
[0.691s] running install_data
[0.691s] running install_egg_info
[0.692s] removing '/home/awadh/depth_ws/install/depth_estimation/lib/python3.10/site-packages/depth_estimation-0.0.0-py3.10.egg-info' (and everything under it)
[0.692s] Copying ../../build/depth_estimation/depth_estimation.egg-info to /home/awadh/depth_ws/install/depth_estimation/lib/python3.10/site-packages/depth_estimation-0.0.0-py3.10.egg-info
[0.693s] running install_scripts
[0.708s] writing list of installed files to '/home/awadh/depth_ws/build/depth_estimation/install.log'
[0.723s] Invoked command in '/home/awadh/depth_ws/src/depth_estimation' returned '0': PYTHONPATH=/home/awadh/depth_ws/build/depth_estimation/prefix_override:/home/awadh/depth_ws/install/depth_estimation/lib/python3.10/site-packages:${PYTHONPATH} /usr/bin/python3 -W ignore:setup.py install is deprecated setup.py egg_info --egg-base ../../build/depth_estimation build --build-base /home/awadh/depth_ws/build/depth_estimation/build install --record /home/awadh/depth_ws/build/depth_estimation/install.log --single-version-externally-managed install_data
