[  0%] [34m[1mGenerating C code for ROS interfaces[0m
[  0%] [34m[1mGenerating C++ code for ROS interfaces[0m
[  0%] Built target ament_cmake_python_symlink_zed_interfaces
running egg_info
creating zed_interfaces.egg-info
writing zed_interfaces.egg-info/PKG-INFO
writing dependency_links to zed_interfaces.egg-info/dependency_links.txt
writing top-level names to zed_interfaces.egg-info/top_level.txt
writing manifest file 'zed_interfaces.egg-info/SOURCES.txt'
reading manifest file 'zed_interfaces.egg-info/SOURCES.txt'
writing manifest file 'zed_interfaces.egg-info/SOURCES.txt'
[  0%] Built target ament_cmake_python_build_zed_interfaces_egg
[  0%] Built target zed_interfaces__cpp
[  1%] [34m[1mGenerating C++ type support for eProsima Fast-RTPS[0m
[  1%] [34m[1mGenerating C++ introspection for ROS interfaces[0m
[  2%] [34m[1mGenerating C++ type support dispatch for ROS interfaces[0m
[  4%] [32mBuilding C object CMakeFiles/zed_interfaces__rosidl_generator_c.dir/rosidl_generator_c/zed_interfaces/msg/detail/keypoint3_d__functions.c.o[0m
[  6%] [32mBuilding C object CMakeFiles/zed_interfaces__rosidl_generator_c.dir/rosidl_generator_c/zed_interfaces/msg/detail/keypoint2_di__functions.c.o[0m
[  4%] [32mBuilding C object CMakeFiles/zed_interfaces__rosidl_generator_c.dir/rosidl_generator_c/zed_interfaces/msg/detail/objects_stamped__functions.c.o[0m
[  6%] [32mBuilding C object CMakeFiles/zed_interfaces__rosidl_generator_c.dir/rosidl_generator_c/zed_interfaces/msg/detail/bounding_box2_df__functions.c.o[0m
[  6%] [32mBuilding C object CMakeFiles/zed_interfaces__rosidl_generator_c.dir/rosidl_generator_c/zed_interfaces/msg/detail/keypoint2_df__functions.c.o[0m
[  6%] [32mBuilding C object CMakeFiles/zed_interfaces__rosidl_generator_c.dir/rosidl_generator_c/zed_interfaces/msg/detail/bounding_box3_d__functions.c.o[0m
[  6%] [32mBuilding C object CMakeFiles/zed_interfaces__rosidl_generator_c.dir/rosidl_generator_c/zed_interfaces/msg/detail/bounding_box2_di__functions.c.o[0m
[  8%] [32mBuilding C object CMakeFiles/zed_interfaces__rosidl_generator_c.dir/rosidl_generator_c/zed_interfaces/msg/detail/skeleton3_d__functions.c.o[0m
[  8%] [32mBuilding C object CMakeFiles/zed_interfaces__rosidl_generator_c.dir/rosidl_generator_c/zed_interfaces/msg/detail/object__functions.c.o[0m
[  8%] [32mBuilding C object CMakeFiles/zed_interfaces__rosidl_generator_c.dir/rosidl_generator_c/zed_interfaces/msg/detail/skeleton2_d__functions.c.o[0m
[  9%] [32mBuilding C object CMakeFiles/zed_interfaces__rosidl_generator_c.dir/rosidl_generator_c/zed_interfaces/msg/detail/depth_info_stamped__functions.c.o[0m
[  9%] [32mBuilding C object CMakeFiles/zed_interfaces__rosidl_generator_c.dir/rosidl_generator_c/zed_interfaces/msg/detail/plane_stamped__functions.c.o[0m
[ 10%] [32mBuilding C object CMakeFiles/zed_interfaces__rosidl_generator_c.dir/rosidl_generator_c/zed_interfaces/msg/detail/pos_track_status__functions.c.o[0m
[ 10%] [32mBuilding C object CMakeFiles/zed_interfaces__rosidl_generator_c.dir/rosidl_generator_c/zed_interfaces/msg/detail/gnss_fusion_status__functions.c.o[0m
[ 11%] [32mBuilding C object CMakeFiles/zed_interfaces__rosidl_generator_c.dir/rosidl_generator_c/zed_interfaces/msg/detail/heartbeat__functions.c.o[0m
[ 11%] [32mBuilding C object CMakeFiles/zed_interfaces__rosidl_generator_c.dir/rosidl_generator_c/zed_interfaces/msg/detail/mag_heading_status__functions.c.o[0m
[ 12%] [32mBuilding C object CMakeFiles/zed_interfaces__rosidl_generator_c.dir/rosidl_generator_c/zed_interfaces/srv/detail/set_pose__functions.c.o[0m
[ 13%] [32mBuilding C object CMakeFiles/zed_interfaces__rosidl_generator_c.dir/rosidl_generator_c/zed_interfaces/srv/detail/start_svo_rec__functions.c.o[0m
[ 13%] [32mBuilding C object CMakeFiles/zed_interfaces__rosidl_generator_c.dir/rosidl_generator_c/zed_interfaces/srv/detail/set_roi__functions.c.o[0m
[ 14%] [32m[1mLinking C shared library libzed_interfaces__rosidl_generator_c.so[0m
[ 14%] Built target zed_interfaces__rosidl_generator_c
[ 17%] [34m[1mGenerating C type support dispatch for ROS interfaces[0m
[ 17%] [34m[1mGenerating C type support for eProsima Fast-RTPS[0m
[ 17%] [34m[1mGenerating C introspection for ROS interfaces[0m
[ 19%] [32mBuilding CXX object CMakeFiles/zed_interfaces__rosidl_typesupport_cpp.dir/rosidl_typesupport_cpp/zed_interfaces/msg/object__type_support.cpp.o[0m
[ 19%] [32mBuilding CXX object CMakeFiles/zed_interfaces__rosidl_typesupport_cpp.dir/rosidl_typesupport_cpp/zed_interfaces/msg/keypoint2_di__type_support.cpp.o[0m
[ 19%] [32mBuilding CXX object CMakeFiles/zed_interfaces__rosidl_typesupport_cpp.dir/rosidl_typesupport_cpp/zed_interfaces/msg/objects_stamped__type_support.cpp.o[0m
[ 19%] [32mBuilding CXX object CMakeFiles/zed_interfaces__rosidl_typesupport_cpp.dir/rosidl_typesupport_cpp/zed_interfaces/msg/keypoint2_df__type_support.cpp.o[0m
[ 20%] [32mBuilding CXX object CMakeFiles/zed_interfaces__rosidl_typesupport_cpp.dir/rosidl_typesupport_cpp/zed_interfaces/msg/keypoint3_d__type_support.cpp.o[0m
[ 22%] [32mBuilding CXX object CMakeFiles/zed_interfaces__rosidl_typesupport_cpp.dir/rosidl_typesupport_cpp/zed_interfaces/msg/skeleton2_d__type_support.cpp.o[0m
[ 22%] [32mBuilding CXX object CMakeFiles/zed_interfaces__rosidl_typesupport_cpp.dir/rosidl_typesupport_cpp/zed_interfaces/msg/bounding_box2_df__type_support.cpp.o[0m
[ 22%] [32mBuilding CXX object CMakeFiles/zed_interfaces__rosidl_typesupport_cpp.dir/rosidl_typesupport_cpp/zed_interfaces/msg/bounding_box3_d__type_support.cpp.o[0m
[ 22%] [32mBuilding CXX object CMakeFiles/zed_interfaces__rosidl_typesupport_cpp.dir/rosidl_typesupport_cpp/zed_interfaces/msg/bounding_box2_di__type_support.cpp.o[0m
[ 23%] [32mBuilding CXX object CMakeFiles/zed_interfaces__rosidl_typesupport_cpp.dir/rosidl_typesupport_cpp/zed_interfaces/msg/skeleton3_d__type_support.cpp.o[0m
[ 23%] [32mBuilding CXX object CMakeFiles/zed_interfaces__rosidl_typesupport_cpp.dir/rosidl_typesupport_cpp/zed_interfaces/msg/depth_info_stamped__type_support.cpp.o[0m
[ 24%] [32mBuilding CXX object CMakeFiles/zed_interfaces__rosidl_typesupport_cpp.dir/rosidl_typesupport_cpp/zed_interfaces/msg/plane_stamped__type_support.cpp.o[0m
[ 24%] [32mBuilding CXX object CMakeFiles/zed_interfaces__rosidl_typesupport_cpp.dir/rosidl_typesupport_cpp/zed_interfaces/msg/pos_track_status__type_support.cpp.o[0m
[ 24%] [32mBuilding CXX object CMakeFiles/zed_interfaces__rosidl_typesupport_cpp.dir/rosidl_typesupport_cpp/zed_interfaces/msg/heartbeat__type_support.cpp.o[0m
[ 25%] [32mBuilding CXX object CMakeFiles/zed_interfaces__rosidl_typesupport_cpp.dir/rosidl_typesupport_cpp/zed_interfaces/msg/gnss_fusion_status__type_support.cpp.o[0m
[ 26%] [32mBuilding CXX object CMakeFiles/zed_interfaces__rosidl_typesupport_cpp.dir/rosidl_typesupport_cpp/zed_interfaces/msg/mag_heading_status__type_support.cpp.o[0m
[ 27%] [32mBuilding CXX object CMakeFiles/zed_interfaces__rosidl_typesupport_cpp.dir/rosidl_typesupport_cpp/zed_interfaces/srv/set_pose__type_support.cpp.o[0m
[ 27%] [32mBuilding CXX object CMakeFiles/zed_interfaces__rosidl_typesupport_cpp.dir/rosidl_typesupport_cpp/zed_interfaces/srv/start_svo_rec__type_support.cpp.o[0m
[ 28%] [32mBuilding CXX object CMakeFiles/zed_interfaces__rosidl_typesupport_cpp.dir/rosidl_typesupport_cpp/zed_interfaces/srv/set_roi__type_support.cpp.o[0m
[ 29%] [32mBuilding CXX object CMakeFiles/zed_interfaces__rosidl_typesupport_introspection_cpp.dir/rosidl_typesupport_introspection_cpp/zed_interfaces/msg/detail/objects_stamped__type_support.cpp.o[0m
[ 29%] [32mBuilding CXX object CMakeFiles/zed_interfaces__rosidl_typesupport_introspection_cpp.dir/rosidl_typesupport_introspection_cpp/zed_interfaces/msg/detail/object__type_support.cpp.o[0m
[ 30%] [32mBuilding CXX object CMakeFiles/zed_interfaces__rosidl_typesupport_introspection_cpp.dir/rosidl_typesupport_introspection_cpp/zed_interfaces/msg/detail/keypoint2_di__type_support.cpp.o[0m
[ 30%] [32mBuilding CXX object CMakeFiles/zed_interfaces__rosidl_typesupport_introspection_cpp.dir/rosidl_typesupport_introspection_cpp/zed_interfaces/msg/detail/keypoint2_df__type_support.cpp.o[0m
[ 31%] [32mBuilding CXX object CMakeFiles/zed_interfaces__rosidl_typesupport_introspection_cpp.dir/rosidl_typesupport_introspection_cpp/zed_interfaces/msg/detail/keypoint3_d__type_support.cpp.o[0m
[ 32%] [32mBuilding CXX object CMakeFiles/zed_interfaces__rosidl_typesupport_introspection_cpp.dir/rosidl_typesupport_introspection_cpp/zed_interfaces/msg/detail/bounding_box2_di__type_support.cpp.o[0m
[ 32%] [32mBuilding CXX object CMakeFiles/zed_interfaces__rosidl_typesupport_introspection_cpp.dir/rosidl_typesupport_introspection_cpp/zed_interfaces/msg/detail/bounding_box2_df__type_support.cpp.o[0m
[ 33%] [32mBuilding CXX object CMakeFiles/zed_interfaces__rosidl_typesupport_introspection_cpp.dir/rosidl_typesupport_introspection_cpp/zed_interfaces/msg/detail/bounding_box3_d__type_support.cpp.o[0m
[ 33%] [32mBuilding CXX object CMakeFiles/zed_interfaces__rosidl_typesupport_introspection_cpp.dir/rosidl_typesupport_introspection_cpp/zed_interfaces/msg/detail/skeleton2_d__type_support.cpp.o[0m
[ 34%] [32mBuilding CXX object CMakeFiles/zed_interfaces__rosidl_typesupport_introspection_cpp.dir/rosidl_typesupport_introspection_cpp/zed_interfaces/msg/detail/skeleton3_d__type_support.cpp.o[0m
[ 34%] [32m[1mLinking CXX shared library libzed_interfaces__rosidl_typesupport_cpp.so[0m
[ 34%] [32mBuilding CXX object CMakeFiles/zed_interfaces__rosidl_typesupport_fastrtps_cpp.dir/rosidl_typesupport_fastrtps_cpp/zed_interfaces/msg/detail/dds_fastrtps/objects_stamped__type_support.cpp.o[0m
[ 35%] [32mBuilding CXX object CMakeFiles/zed_interfaces__rosidl_typesupport_fastrtps_cpp.dir/rosidl_typesupport_fastrtps_cpp/zed_interfaces/msg/detail/dds_fastrtps/object__type_support.cpp.o[0m
[ 35%] Built target zed_interfaces__rosidl_typesupport_cpp
[ 35%] [32mBuilding CXX object CMakeFiles/zed_interfaces__rosidl_typesupport_introspection_cpp.dir/rosidl_typesupport_introspection_cpp/zed_interfaces/msg/detail/depth_info_stamped__type_support.cpp.o[0m
[ 36%] [32mBuilding CXX object CMakeFiles/zed_interfaces__rosidl_typesupport_introspection_cpp.dir/rosidl_typesupport_introspection_cpp/zed_interfaces/msg/detail/plane_stamped__type_support.cpp.o[0m
[ 36%] [32mBuilding CXX object CMakeFiles/zed_interfaces__rosidl_typesupport_c.dir/rosidl_typesupport_c/zed_interfaces/msg/object__type_support.cpp.o[0m
[ 37%] [32mBuilding CXX object CMakeFiles/zed_interfaces__rosidl_typesupport_c.dir/rosidl_typesupport_c/zed_interfaces/msg/objects_stamped__type_support.cpp.o[0m
[ 37%] [32mBuilding CXX object CMakeFiles/zed_interfaces__rosidl_typesupport_c.dir/rosidl_typesupport_c/zed_interfaces/msg/keypoint2_di__type_support.cpp.o[0m
[ 38%] [32mBuilding CXX object CMakeFiles/zed_interfaces__rosidl_typesupport_c.dir/rosidl_typesupport_c/zed_interfaces/msg/keypoint2_df__type_support.cpp.o[0m
[ 39%] [32mBuilding CXX object CMakeFiles/zed_interfaces__rosidl_typesupport_c.dir/rosidl_typesupport_c/zed_interfaces/msg/keypoint3_d__type_support.cpp.o[0m
[ 40%] [32mBuilding CXX object CMakeFiles/zed_interfaces__rosidl_typesupport_fastrtps_cpp.dir/rosidl_typesupport_fastrtps_cpp/zed_interfaces/msg/detail/dds_fastrtps/keypoint2_di__type_support.cpp.o[0m
[ 40%] [32mBuilding CXX object CMakeFiles/zed_interfaces__rosidl_typesupport_introspection_cpp.dir/rosidl_typesupport_introspection_cpp/zed_interfaces/msg/detail/gnss_fusion_status__type_support.cpp.o[0m
[ 41%] [32mBuilding CXX object CMakeFiles/zed_interfaces__rosidl_typesupport_introspection_cpp.dir/rosidl_typesupport_introspection_cpp/zed_interfaces/msg/detail/pos_track_status__type_support.cpp.o[0m
[ 41%] [32mBuilding CXX object CMakeFiles/zed_interfaces__rosidl_typesupport_c.dir/rosidl_typesupport_c/zed_interfaces/msg/bounding_box2_di__type_support.cpp.o[0m
[ 42%] [32mBuilding CXX object CMakeFiles/zed_interfaces__rosidl_typesupport_introspection_cpp.dir/rosidl_typesupport_introspection_cpp/zed_interfaces/msg/detail/heartbeat__type_support.cpp.o[0m
[ 42%] [32mBuilding CXX object CMakeFiles/zed_interfaces__rosidl_typesupport_fastrtps_cpp.dir/rosidl_typesupport_fastrtps_cpp/zed_interfaces/msg/detail/dds_fastrtps/keypoint2_df__type_support.cpp.o[0m
[ 43%] [32mBuilding CXX object CMakeFiles/zed_interfaces__rosidl_typesupport_fastrtps_cpp.dir/rosidl_typesupport_fastrtps_cpp/zed_interfaces/msg/detail/dds_fastrtps/keypoint3_d__type_support.cpp.o[0m
[ 43%] [32mBuilding CXX object CMakeFiles/zed_interfaces__rosidl_typesupport_introspection_cpp.dir/rosidl_typesupport_introspection_cpp/zed_interfaces/msg/detail/mag_heading_status__type_support.cpp.o[0m
[ 44%] [32mBuilding CXX object CMakeFiles/zed_interfaces__rosidl_typesupport_c.dir/rosidl_typesupport_c/zed_interfaces/msg/bounding_box3_d__type_support.cpp.o[0m
[ 44%] [32mBuilding CXX object CMakeFiles/zed_interfaces__rosidl_typesupport_introspection_cpp.dir/rosidl_typesupport_introspection_cpp/zed_interfaces/srv/detail/set_pose__type_support.cpp.o[0m
[ 45%] [32mBuilding CXX object CMakeFiles/zed_interfaces__rosidl_typesupport_c.dir/rosidl_typesupport_c/zed_interfaces/msg/bounding_box2_df__type_support.cpp.o[0m
[ 46%] [32mBuilding CXX object CMakeFiles/zed_interfaces__rosidl_typesupport_c.dir/rosidl_typesupport_c/zed_interfaces/msg/skeleton2_d__type_support.cpp.o[0m
[ 46%] [32mBuilding CXX object CMakeFiles/zed_interfaces__rosidl_typesupport_c.dir/rosidl_typesupport_c/zed_interfaces/msg/skeleton3_d__type_support.cpp.o[0m
[ 47%] [32mBuilding CXX object CMakeFiles/zed_interfaces__rosidl_typesupport_c.dir/rosidl_typesupport_c/zed_interfaces/msg/depth_info_stamped__type_support.cpp.o[0m
[ 48%] [32mBuilding CXX object CMakeFiles/zed_interfaces__rosidl_typesupport_c.dir/rosidl_typesupport_c/zed_interfaces/msg/plane_stamped__type_support.cpp.o[0m
[ 48%] [32mBuilding CXX object CMakeFiles/zed_interfaces__rosidl_typesupport_c.dir/rosidl_typesupport_c/zed_interfaces/msg/pos_track_status__type_support.cpp.o[0m
[ 48%] [32mBuilding CXX object CMakeFiles/zed_interfaces__rosidl_typesupport_fastrtps_cpp.dir/rosidl_typesupport_fastrtps_cpp/zed_interfaces/msg/detail/dds_fastrtps/bounding_box2_di__type_support.cpp.o[0m
[ 49%] [32mBuilding CXX object CMakeFiles/zed_interfaces__rosidl_typesupport_fastrtps_cpp.dir/rosidl_typesupport_fastrtps_cpp/zed_interfaces/msg/detail/dds_fastrtps/bounding_box2_df__type_support.cpp.o[0m
[ 49%] [32mBuilding CXX object CMakeFiles/zed_interfaces__rosidl_typesupport_introspection_cpp.dir/rosidl_typesupport_introspection_cpp/zed_interfaces/srv/detail/start_svo_rec__type_support.cpp.o[0m
[ 50%] [32mBuilding CXX object CMakeFiles/zed_interfaces__rosidl_typesupport_c.dir/rosidl_typesupport_c/zed_interfaces/msg/gnss_fusion_status__type_support.cpp.o[0m
[ 50%] [32mBuilding CXX object CMakeFiles/zed_interfaces__rosidl_typesupport_c.dir/rosidl_typesupport_c/zed_interfaces/msg/heartbeat__type_support.cpp.o[0m
[ 51%] [32mBuilding CXX object CMakeFiles/zed_interfaces__rosidl_typesupport_fastrtps_cpp.dir/rosidl_typesupport_fastrtps_cpp/zed_interfaces/msg/detail/dds_fastrtps/bounding_box3_d__type_support.cpp.o[0m
[ 52%] [32mBuilding CXX object CMakeFiles/zed_interfaces__rosidl_typesupport_c.dir/rosidl_typesupport_c/zed_interfaces/msg/mag_heading_status__type_support.cpp.o[0m
[ 52%] [32mBuilding CXX object CMakeFiles/zed_interfaces__rosidl_typesupport_fastrtps_c.dir/rosidl_typesupport_fastrtps_c/zed_interfaces/msg/detail/object__type_support_c.cpp.o[0m
[ 53%] [32mBuilding C object CMakeFiles/zed_interfaces__rosidl_typesupport_introspection_c.dir/rosidl_typesupport_introspection_c/zed_interfaces/msg/detail/object__type_support.c.o[0m
[ 53%] [32mBuilding C object CMakeFiles/zed_interfaces__rosidl_typesupport_introspection_c.dir/rosidl_typesupport_introspection_c/zed_interfaces/msg/detail/objects_stamped__type_support.c.o[0m
[ 53%] [32mBuilding CXX object CMakeFiles/zed_interfaces__rosidl_typesupport_c.dir/rosidl_typesupport_c/zed_interfaces/srv/set_pose__type_support.cpp.o[0m
[ 54%] [32mBuilding CXX object CMakeFiles/zed_interfaces__rosidl_typesupport_c.dir/rosidl_typesupport_c/zed_interfaces/srv/start_svo_rec__type_support.cpp.o[0m
[ 55%] [32mBuilding CXX object CMakeFiles/zed_interfaces__rosidl_typesupport_introspection_cpp.dir/rosidl_typesupport_introspection_cpp/zed_interfaces/srv/detail/set_roi__type_support.cpp.o[0m
[ 56%] [32mBuilding C object CMakeFiles/zed_interfaces__rosidl_typesupport_introspection_c.dir/rosidl_typesupport_introspection_c/zed_interfaces/msg/detail/keypoint2_di__type_support.c.o[0m
[ 57%] [32mBuilding CXX object CMakeFiles/zed_interfaces__rosidl_typesupport_c.dir/rosidl_typesupport_c/zed_interfaces/srv/set_roi__type_support.cpp.o[0m
[ 57%] [32mBuilding CXX object CMakeFiles/zed_interfaces__rosidl_typesupport_fastrtps_cpp.dir/rosidl_typesupport_fastrtps_cpp/zed_interfaces/msg/detail/dds_fastrtps/skeleton2_d__type_support.cpp.o[0m
[ 57%] [32mBuilding C object CMakeFiles/zed_interfaces__rosidl_typesupport_introspection_c.dir/rosidl_typesupport_introspection_c/zed_interfaces/msg/detail/keypoint2_df__type_support.c.o[0m
[ 58%] [32mBuilding C object CMakeFiles/zed_interfaces__rosidl_typesupport_introspection_c.dir/rosidl_typesupport_introspection_c/zed_interfaces/msg/detail/keypoint3_d__type_support.c.o[0m
[ 59%] [32mBuilding CXX object CMakeFiles/zed_interfaces__rosidl_typesupport_fastrtps_cpp.dir/rosidl_typesupport_fastrtps_cpp/zed_interfaces/msg/detail/dds_fastrtps/skeleton3_d__type_support.cpp.o[0m
[ 59%] [32m[1mLinking CXX shared library libzed_interfaces__rosidl_typesupport_c.so[0m
[ 59%] [32mBuilding CXX object CMakeFiles/zed_interfaces__rosidl_typesupport_fastrtps_cpp.dir/rosidl_typesupport_fastrtps_cpp/zed_interfaces/msg/detail/dds_fastrtps/depth_info_stamped__type_support.cpp.o[0m
[ 59%] [32mBuilding C object CMakeFiles/zed_interfaces__rosidl_typesupport_introspection_c.dir/rosidl_typesupport_introspection_c/zed_interfaces/msg/detail/bounding_box2_di__type_support.c.o[0m
[ 60%] [32mBuilding CXX object CMakeFiles/zed_interfaces__rosidl_typesupport_fastrtps_cpp.dir/rosidl_typesupport_fastrtps_cpp/zed_interfaces/msg/detail/dds_fastrtps/plane_stamped__type_support.cpp.o[0m
[ 61%] [32mBuilding C object CMakeFiles/zed_interfaces__rosidl_typesupport_introspection_c.dir/rosidl_typesupport_introspection_c/zed_interfaces/msg/detail/bounding_box2_df__type_support.c.o[0m
[ 61%] [32mBuilding C object CMakeFiles/zed_interfaces__rosidl_typesupport_introspection_c.dir/rosidl_typesupport_introspection_c/zed_interfaces/msg/detail/skeleton2_d__type_support.c.o[0m
[ 62%] [32mBuilding C object CMakeFiles/zed_interfaces__rosidl_typesupport_introspection_c.dir/rosidl_typesupport_introspection_c/zed_interfaces/msg/detail/bounding_box3_d__type_support.c.o[0m
[ 63%] [32mBuilding C object CMakeFiles/zed_interfaces__rosidl_typesupport_introspection_c.dir/rosidl_typesupport_introspection_c/zed_interfaces/msg/detail/skeleton3_d__type_support.c.o[0m
[ 63%] Built target zed_interfaces__rosidl_typesupport_c
[ 63%] [32mBuilding CXX object CMakeFiles/zed_interfaces__rosidl_typesupport_fastrtps_cpp.dir/rosidl_typesupport_fastrtps_cpp/zed_interfaces/msg/detail/dds_fastrtps/pos_track_status__type_support.cpp.o[0m
[ 63%] [32mBuilding C object CMakeFiles/zed_interfaces__rosidl_typesupport_introspection_c.dir/rosidl_typesupport_introspection_c/zed_interfaces/msg/detail/depth_info_stamped__type_support.c.o[0m
[ 64%] [32mBuilding C object CMakeFiles/zed_interfaces__rosidl_typesupport_introspection_c.dir/rosidl_typesupport_introspection_c/zed_interfaces/msg/detail/plane_stamped__type_support.c.o[0m
[ 65%] [32mBuilding CXX object CMakeFiles/zed_interfaces__rosidl_typesupport_fastrtps_c.dir/rosidl_typesupport_fastrtps_c/zed_interfaces/msg/detail/objects_stamped__type_support_c.cpp.o[0m
[ 66%] [32mBuilding CXX object CMakeFiles/zed_interfaces__rosidl_typesupport_fastrtps_cpp.dir/rosidl_typesupport_fastrtps_cpp/zed_interfaces/msg/detail/dds_fastrtps/gnss_fusion_status__type_support.cpp.o[0m
[ 67%] [32mBuilding CXX object CMakeFiles/zed_interfaces__rosidl_typesupport_fastrtps_cpp.dir/rosidl_typesupport_fastrtps_cpp/zed_interfaces/msg/detail/dds_fastrtps/heartbeat__type_support.cpp.o[0m
[ 67%] [32mBuilding C object CMakeFiles/zed_interfaces__rosidl_typesupport_introspection_c.dir/rosidl_typesupport_introspection_c/zed_interfaces/msg/detail/pos_track_status__type_support.c.o[0m
[ 67%] [32mBuilding CXX object CMakeFiles/zed_interfaces__rosidl_typesupport_fastrtps_cpp.dir/rosidl_typesupport_fastrtps_cpp/zed_interfaces/msg/detail/dds_fastrtps/mag_heading_status__type_support.cpp.o[0m
[ 68%] [32mBuilding CXX object CMakeFiles/zed_interfaces__rosidl_typesupport_fastrtps_cpp.dir/rosidl_typesupport_fastrtps_cpp/zed_interfaces/srv/detail/dds_fastrtps/set_pose__type_support.cpp.o[0m
[ 69%] [32mBuilding CXX object CMakeFiles/zed_interfaces__rosidl_typesupport_fastrtps_c.dir/rosidl_typesupport_fastrtps_c/zed_interfaces/msg/detail/keypoint2_di__type_support_c.cpp.o[0m
[ 70%] [32mBuilding C object CMakeFiles/zed_interfaces__rosidl_typesupport_introspection_c.dir/rosidl_typesupport_introspection_c/zed_interfaces/msg/detail/gnss_fusion_status__type_support.c.o[0m
[ 70%] [32mBuilding CXX object CMakeFiles/zed_interfaces__rosidl_typesupport_fastrtps_cpp.dir/rosidl_typesupport_fastrtps_cpp/zed_interfaces/srv/detail/dds_fastrtps/start_svo_rec__type_support.cpp.o[0m
[ 71%] [32mBuilding C object CMakeFiles/zed_interfaces__rosidl_typesupport_introspection_c.dir/rosidl_typesupport_introspection_c/zed_interfaces/msg/detail/heartbeat__type_support.c.o[0m
[ 71%] [32mBuilding C object CMakeFiles/zed_interfaces__rosidl_typesupport_introspection_c.dir/rosidl_typesupport_introspection_c/zed_interfaces/msg/detail/mag_heading_status__type_support.c.o[0m
[ 72%] [32mBuilding C object CMakeFiles/zed_interfaces__rosidl_typesupport_introspection_c.dir/rosidl_typesupport_introspection_c/zed_interfaces/srv/detail/set_pose__type_support.c.o[0m
[ 73%] [32m[1mLinking CXX shared library libzed_interfaces__rosidl_typesupport_introspection_cpp.so[0m
[ 74%] [32mBuilding CXX object CMakeFiles/zed_interfaces__rosidl_typesupport_fastrtps_cpp.dir/rosidl_typesupport_fastrtps_cpp/zed_interfaces/srv/detail/dds_fastrtps/set_roi__type_support.cpp.o[0m
[ 74%] [32mBuilding CXX object CMakeFiles/zed_interfaces__rosidl_typesupport_fastrtps_c.dir/rosidl_typesupport_fastrtps_c/zed_interfaces/msg/detail/keypoint2_df__type_support_c.cpp.o[0m
[ 74%] [32mBuilding C object CMakeFiles/zed_interfaces__rosidl_typesupport_introspection_c.dir/rosidl_typesupport_introspection_c/zed_interfaces/srv/detail/start_svo_rec__type_support.c.o[0m
[ 75%] [32mBuilding C object CMakeFiles/zed_interfaces__rosidl_typesupport_introspection_c.dir/rosidl_typesupport_introspection_c/zed_interfaces/srv/detail/set_roi__type_support.c.o[0m
[ 75%] [32mBuilding CXX object CMakeFiles/zed_interfaces__rosidl_typesupport_fastrtps_c.dir/rosidl_typesupport_fastrtps_c/zed_interfaces/msg/detail/bounding_box2_di__type_support_c.cpp.o[0m
[ 76%] [32mBuilding CXX object CMakeFiles/zed_interfaces__rosidl_typesupport_fastrtps_c.dir/rosidl_typesupport_fastrtps_c/zed_interfaces/msg/detail/keypoint3_d__type_support_c.cpp.o[0m
[ 77%] [32mBuilding CXX object CMakeFiles/zed_interfaces__rosidl_typesupport_fastrtps_c.dir/rosidl_typesupport_fastrtps_c/zed_interfaces/msg/detail/bounding_box2_df__type_support_c.cpp.o[0m
[ 77%] Built target zed_interfaces__rosidl_typesupport_introspection_cpp
[ 77%] [32m[1mLinking C shared library libzed_interfaces__rosidl_typesupport_introspection_c.so[0m
[ 78%] [32mBuilding CXX object CMakeFiles/zed_interfaces__rosidl_typesupport_fastrtps_c.dir/rosidl_typesupport_fastrtps_c/zed_interfaces/msg/detail/skeleton2_d__type_support_c.cpp.o[0m
[ 78%] [32mBuilding CXX object CMakeFiles/zed_interfaces__rosidl_typesupport_fastrtps_c.dir/rosidl_typesupport_fastrtps_c/zed_interfaces/msg/detail/bounding_box3_d__type_support_c.cpp.o[0m
[ 79%] [32mBuilding CXX object CMakeFiles/zed_interfaces__rosidl_typesupport_fastrtps_c.dir/rosidl_typesupport_fastrtps_c/zed_interfaces/msg/detail/skeleton3_d__type_support_c.cpp.o[0m
[ 80%] [32mBuilding CXX object CMakeFiles/zed_interfaces__rosidl_typesupport_fastrtps_c.dir/rosidl_typesupport_fastrtps_c/zed_interfaces/msg/detail/plane_stamped__type_support_c.cpp.o[0m
[ 80%] [32mBuilding CXX object CMakeFiles/zed_interfaces__rosidl_typesupport_fastrtps_c.dir/rosidl_typesupport_fastrtps_c/zed_interfaces/msg/detail/depth_info_stamped__type_support_c.cpp.o[0m
[ 80%] Built target zed_interfaces__rosidl_typesupport_introspection_c
[ 80%] [32mBuilding CXX object CMakeFiles/zed_interfaces__rosidl_typesupport_fastrtps_c.dir/rosidl_typesupport_fastrtps_c/zed_interfaces/msg/detail/pos_track_status__type_support_c.cpp.o[0m
[ 81%] [32mBuilding CXX object CMakeFiles/zed_interfaces__rosidl_typesupport_fastrtps_c.dir/rosidl_typesupport_fastrtps_c/zed_interfaces/msg/detail/gnss_fusion_status__type_support_c.cpp.o[0m
[ 82%] [32mBuilding CXX object CMakeFiles/zed_interfaces__rosidl_typesupport_fastrtps_c.dir/rosidl_typesupport_fastrtps_c/zed_interfaces/msg/detail/mag_heading_status__type_support_c.cpp.o[0m
[ 82%] [32mBuilding CXX object CMakeFiles/zed_interfaces__rosidl_typesupport_fastrtps_c.dir/rosidl_typesupport_fastrtps_c/zed_interfaces/msg/detail/heartbeat__type_support_c.cpp.o[0m
[ 83%] [32mBuilding CXX object CMakeFiles/zed_interfaces__rosidl_typesupport_fastrtps_c.dir/rosidl_typesupport_fastrtps_c/zed_interfaces/srv/detail/set_pose__type_support_c.cpp.o[0m
[ 83%] [32mBuilding CXX object CMakeFiles/zed_interfaces__rosidl_typesupport_fastrtps_c.dir/rosidl_typesupport_fastrtps_c/zed_interfaces/srv/detail/start_svo_rec__type_support_c.cpp.o[0m
[ 84%] [32mBuilding CXX object CMakeFiles/zed_interfaces__rosidl_typesupport_fastrtps_c.dir/rosidl_typesupport_fastrtps_c/zed_interfaces/srv/detail/set_roi__type_support_c.cpp.o[0m
[ 84%] [32m[1mLinking CXX shared library libzed_interfaces__rosidl_typesupport_fastrtps_cpp.so[0m
[ 84%] Built target zed_interfaces__rosidl_typesupport_fastrtps_cpp
[ 84%] [32m[1mLinking CXX shared library libzed_interfaces__rosidl_typesupport_fastrtps_c.so[0m
[ 84%] Built target zed_interfaces__rosidl_typesupport_fastrtps_c
[ 84%] Built target zed_interfaces
[ 85%] [34m[1mGenerating Python code for ROS interfaces[0m
[ 85%] Built target zed_interfaces__py
[ 87%] [32mBuilding C object CMakeFiles/zed_interfaces__rosidl_generator_py.dir/rosidl_generator_py/zed_interfaces/msg/_bounding_box2_di_s.c.o[0m
[ 88%] [32mBuilding C object CMakeFiles/zed_interfaces__rosidl_generator_py.dir/rosidl_generator_py/zed_interfaces/msg/_objects_stamped_s.c.o[0m
[ 87%] [32mBuilding C object CMakeFiles/zed_interfaces__rosidl_generator_py.dir/rosidl_generator_py/zed_interfaces/msg/_skeleton3_d_s.c.o[0m
[ 88%] [32mBuilding C object CMakeFiles/zed_interfaces__rosidl_generator_py.dir/rosidl_generator_py/zed_interfaces/msg/_bounding_box2_df_s.c.o[0m
[ 88%] [32mBuilding C object CMakeFiles/zed_interfaces__rosidl_generator_py.dir/rosidl_generator_py/zed_interfaces/msg/_skeleton2_d_s.c.o[0m
[ 88%] [32mBuilding C object CMakeFiles/zed_interfaces__rosidl_generator_py.dir/rosidl_generator_py/zed_interfaces/msg/_object_s.c.o[0m
[ 89%] [32mBuilding C object CMakeFiles/zed_interfaces__rosidl_generator_py.dir/rosidl_generator_py/zed_interfaces/msg/_bounding_box3_d_s.c.o[0m
[ 93%] [32mBuilding C object CMakeFiles/zed_interfaces__rosidl_generator_py.dir/rosidl_generator_py/zed_interfaces/msg/_keypoint3_d_s.c.o[0m
[ 93%] [32mBuilding C object CMakeFiles/zed_interfaces__rosidl_generator_py.dir/rosidl_generator_py/zed_interfaces/msg/_keypoint2_df_s.c.o[0m
[ 93%] [32mBuilding C object CMakeFiles/zed_interfaces__rosidl_generator_py.dir/rosidl_generator_py/zed_interfaces/msg/_heartbeat_s.c.o[0m
[ 93%] [32mBuilding C object CMakeFiles/zed_interfaces__rosidl_generator_py.dir/rosidl_generator_py/zed_interfaces/msg/_plane_stamped_s.c.o[0m
[ 93%] [32mBuilding C object CMakeFiles/zed_interfaces__rosidl_generator_py.dir/rosidl_generator_py/zed_interfaces/msg/_gnss_fusion_status_s.c.o[0m
[ 90%] [32mBuilding C object CMakeFiles/zed_interfaces__rosidl_generator_py.dir/rosidl_generator_py/zed_interfaces/msg/_keypoint2_di_s.c.o[0m
[ 93%] [32mBuilding C object CMakeFiles/zed_interfaces__rosidl_generator_py.dir/rosidl_generator_py/zed_interfaces/msg/_depth_info_stamped_s.c.o[0m
[ 93%] [32mBuilding C object CMakeFiles/zed_interfaces__rosidl_generator_py.dir/rosidl_generator_py/zed_interfaces/msg/_pos_track_status_s.c.o[0m
[ 94%] [32mBuilding C object CMakeFiles/zed_interfaces__rosidl_generator_py.dir/rosidl_generator_py/zed_interfaces/msg/_mag_heading_status_s.c.o[0m
[ 94%] [32mBuilding C object CMakeFiles/zed_interfaces__rosidl_generator_py.dir/rosidl_generator_py/zed_interfaces/srv/_set_pose_s.c.o[0m
[ 96%] [32mBuilding C object CMakeFiles/zed_interfaces__rosidl_generator_py.dir/rosidl_generator_py/zed_interfaces/srv/_start_svo_rec_s.c.o[0m
[ 96%] [32mBuilding C object CMakeFiles/zed_interfaces__rosidl_generator_py.dir/rosidl_generator_py/zed_interfaces/srv/_set_roi_s.c.o[0m
[ 96%] [32m[1mLinking C shared library rosidl_generator_py/zed_interfaces/libzed_interfaces__rosidl_generator_py.so[0m
[ 96%] Built target zed_interfaces__rosidl_generator_py
[ 99%] [32mBuilding C object CMakeFiles/zed_interfaces__rosidl_typesupport_introspection_c__pyext.dir/rosidl_generator_py/zed_interfaces/_zed_interfaces_s.ep.rosidl_typesupport_introspection_c.c.o[0m
[ 99%] [32mBuilding C object CMakeFiles/zed_interfaces__rosidl_typesupport_fastrtps_c__pyext.dir/rosidl_generator_py/zed_interfaces/_zed_interfaces_s.ep.rosidl_typesupport_fastrtps_c.c.o[0m
[ 99%] [32mBuilding C object CMakeFiles/zed_interfaces__rosidl_typesupport_c__pyext.dir/rosidl_generator_py/zed_interfaces/_zed_interfaces_s.ep.rosidl_typesupport_c.c.o[0m
[100%] [32m[1mLinking C shared library rosidl_generator_py/zed_interfaces/zed_interfaces_s__rosidl_typesupport_introspection_c.cpython-310-x86_64-linux-gnu.so[0m
[100%] [32m[1mLinking C shared library rosidl_generator_py/zed_interfaces/zed_interfaces_s__rosidl_typesupport_c.cpython-310-x86_64-linux-gnu.so[0m
[100%] [32m[1mLinking C shared library rosidl_generator_py/zed_interfaces/zed_interfaces_s__rosidl_typesupport_fastrtps_c.cpython-310-x86_64-linux-gnu.so[0m
[100%] Built target zed_interfaces__rosidl_typesupport_fastrtps_c__pyext
[100%] Built target zed_interfaces__rosidl_typesupport_introspection_c__pyext
[100%] Built target zed_interfaces__rosidl_typesupport_c__pyext
-- Install configuration: "Release"
-- Execute custom install script
-- Symlinking: /home/awadh/zed_ws/install/zed_interfaces/share/ament_index/resource_index/rosidl_interfaces/zed_interfaces
-- Symlinking: /home/awadh/zed_ws/install/zed_interfaces/include/zed_interfaces/zed_interfaces/msg/bounding_box2_df.h
-- Symlinking: /home/awadh/zed_ws/install/zed_interfaces/include/zed_interfaces/zed_interfaces/msg/bounding_box2_di.h
-- Symlinking: /home/awadh/zed_ws/install/zed_interfaces/include/zed_interfaces/zed_interfaces/msg/bounding_box3_d.h
-- Symlinking: /home/awadh/zed_ws/install/zed_interfaces/include/zed_interfaces/zed_interfaces/msg/depth_info_stamped.h
-- Symlinking: /home/awadh/zed_ws/install/zed_interfaces/include/zed_interfaces/zed_interfaces/msg/detail/bounding_box2_df__functions.h
-- Symlinking: /home/awadh/zed_ws/install/zed_interfaces/include/zed_interfaces/zed_interfaces/msg/detail/bounding_box2_df__struct.h
-- Symlinking: /home/awadh/zed_ws/install/zed_interfaces/include/zed_interfaces/zed_interfaces/msg/detail/bounding_box2_df__type_support.h
-- Symlinking: /home/awadh/zed_ws/install/zed_interfaces/include/zed_interfaces/zed_interfaces/msg/detail/bounding_box2_di__functions.h
-- Symlinking: /home/awadh/zed_ws/install/zed_interfaces/include/zed_interfaces/zed_interfaces/msg/detail/bounding_box2_di__struct.h
-- Symlinking: /home/awadh/zed_ws/install/zed_interfaces/include/zed_interfaces/zed_interfaces/msg/detail/bounding_box2_di__type_support.h
-- Symlinking: /home/awadh/zed_ws/install/zed_interfaces/include/zed_interfaces/zed_interfaces/msg/detail/bounding_box3_d__functions.h
-- Symlinking: /home/awadh/zed_ws/install/zed_interfaces/include/zed_interfaces/zed_interfaces/msg/detail/bounding_box3_d__struct.h
-- Symlinking: /home/awadh/zed_ws/install/zed_interfaces/include/zed_interfaces/zed_interfaces/msg/detail/bounding_box3_d__type_support.h
-- Symlinking: /home/awadh/zed_ws/install/zed_interfaces/include/zed_interfaces/zed_interfaces/msg/detail/depth_info_stamped__functions.h
-- Symlinking: /home/awadh/zed_ws/install/zed_interfaces/include/zed_interfaces/zed_interfaces/msg/detail/depth_info_stamped__struct.h
-- Symlinking: /home/awadh/zed_ws/install/zed_interfaces/include/zed_interfaces/zed_interfaces/msg/detail/depth_info_stamped__type_support.h
-- Symlinking: /home/awadh/zed_ws/install/zed_interfaces/include/zed_interfaces/zed_interfaces/msg/detail/gnss_fusion_status__functions.h
-- Symlinking: /home/awadh/zed_ws/install/zed_interfaces/include/zed_interfaces/zed_interfaces/msg/detail/gnss_fusion_status__struct.h
-- Symlinking: /home/awadh/zed_ws/install/zed_interfaces/include/zed_interfaces/zed_interfaces/msg/detail/gnss_fusion_status__type_support.h
-- Symlinking: /home/awadh/zed_ws/install/zed_interfaces/include/zed_interfaces/zed_interfaces/msg/detail/heartbeat__functions.h
-- Symlinking: /home/awadh/zed_ws/install/zed_interfaces/include/zed_interfaces/zed_interfaces/msg/detail/heartbeat__struct.h
-- Symlinking: /home/awadh/zed_ws/install/zed_interfaces/include/zed_interfaces/zed_interfaces/msg/detail/heartbeat__type_support.h
-- Symlinking: /home/awadh/zed_ws/install/zed_interfaces/include/zed_interfaces/zed_interfaces/msg/detail/keypoint2_df__functions.h
-- Symlinking: /home/awadh/zed_ws/install/zed_interfaces/include/zed_interfaces/zed_interfaces/msg/detail/keypoint2_df__struct.h
-- Symlinking: /home/awadh/zed_ws/install/zed_interfaces/include/zed_interfaces/zed_interfaces/msg/detail/keypoint2_df__type_support.h
-- Symlinking: /home/awadh/zed_ws/install/zed_interfaces/include/zed_interfaces/zed_interfaces/msg/detail/keypoint2_di__functions.h
-- Symlinking: /home/awadh/zed_ws/install/zed_interfaces/include/zed_interfaces/zed_interfaces/msg/detail/keypoint2_di__struct.h
-- Symlinking: /home/awadh/zed_ws/install/zed_interfaces/include/zed_interfaces/zed_interfaces/msg/detail/keypoint2_di__type_support.h
-- Symlinking: /home/awadh/zed_ws/install/zed_interfaces/include/zed_interfaces/zed_interfaces/msg/detail/keypoint3_d__functions.h
-- Symlinking: /home/awadh/zed_ws/install/zed_interfaces/include/zed_interfaces/zed_interfaces/msg/detail/keypoint3_d__struct.h
-- Symlinking: /home/awadh/zed_ws/install/zed_interfaces/include/zed_interfaces/zed_interfaces/msg/detail/keypoint3_d__type_support.h
-- Symlinking: /home/awadh/zed_ws/install/zed_interfaces/include/zed_interfaces/zed_interfaces/msg/detail/mag_heading_status__functions.h
-- Symlinking: /home/awadh/zed_ws/install/zed_interfaces/include/zed_interfaces/zed_interfaces/msg/detail/mag_heading_status__struct.h
-- Symlinking: /home/awadh/zed_ws/install/zed_interfaces/include/zed_interfaces/zed_interfaces/msg/detail/mag_heading_status__type_support.h
-- Symlinking: /home/awadh/zed_ws/install/zed_interfaces/include/zed_interfaces/zed_interfaces/msg/detail/object__functions.h
-- Symlinking: /home/awadh/zed_ws/install/zed_interfaces/include/zed_interfaces/zed_interfaces/msg/detail/object__struct.h
-- Symlinking: /home/awadh/zed_ws/install/zed_interfaces/include/zed_interfaces/zed_interfaces/msg/detail/object__type_support.h
-- Symlinking: /home/awadh/zed_ws/install/zed_interfaces/include/zed_interfaces/zed_interfaces/msg/detail/objects_stamped__functions.h
-- Symlinking: /home/awadh/zed_ws/install/zed_interfaces/include/zed_interfaces/zed_interfaces/msg/detail/objects_stamped__struct.h
-- Symlinking: /home/awadh/zed_ws/install/zed_interfaces/include/zed_interfaces/zed_interfaces/msg/detail/objects_stamped__type_support.h
-- Symlinking: /home/awadh/zed_ws/install/zed_interfaces/include/zed_interfaces/zed_interfaces/msg/detail/plane_stamped__functions.h
-- Symlinking: /home/awadh/zed_ws/install/zed_interfaces/include/zed_interfaces/zed_interfaces/msg/detail/plane_stamped__struct.h
-- Symlinking: /home/awadh/zed_ws/install/zed_interfaces/include/zed_interfaces/zed_interfaces/msg/detail/plane_stamped__type_support.h
-- Symlinking: /home/awadh/zed_ws/install/zed_interfaces/include/zed_interfaces/zed_interfaces/msg/detail/pos_track_status__functions.h
-- Symlinking: /home/awadh/zed_ws/install/zed_interfaces/include/zed_interfaces/zed_interfaces/msg/detail/pos_track_status__struct.h
-- Symlinking: /home/awadh/zed_ws/install/zed_interfaces/include/zed_interfaces/zed_interfaces/msg/detail/pos_track_status__type_support.h
-- Symlinking: /home/awadh/zed_ws/install/zed_interfaces/include/zed_interfaces/zed_interfaces/msg/detail/skeleton2_d__functions.h
-- Symlinking: /home/awadh/zed_ws/install/zed_interfaces/include/zed_interfaces/zed_interfaces/msg/detail/skeleton2_d__struct.h
-- Symlinking: /home/awadh/zed_ws/install/zed_interfaces/include/zed_interfaces/zed_interfaces/msg/detail/skeleton2_d__type_support.h
-- Symlinking: /home/awadh/zed_ws/install/zed_interfaces/include/zed_interfaces/zed_interfaces/msg/detail/skeleton3_d__functions.h
-- Symlinking: /home/awadh/zed_ws/install/zed_interfaces/include/zed_interfaces/zed_interfaces/msg/detail/skeleton3_d__struct.h
-- Symlinking: /home/awadh/zed_ws/install/zed_interfaces/include/zed_interfaces/zed_interfaces/msg/detail/skeleton3_d__type_support.h
-- Symlinking: /home/awadh/zed_ws/install/zed_interfaces/include/zed_interfaces/zed_interfaces/msg/gnss_fusion_status.h
-- Symlinking: /home/awadh/zed_ws/install/zed_interfaces/include/zed_interfaces/zed_interfaces/msg/heartbeat.h
-- Symlinking: /home/awadh/zed_ws/install/zed_interfaces/include/zed_interfaces/zed_interfaces/msg/keypoint2_df.h
-- Symlinking: /home/awadh/zed_ws/install/zed_interfaces/include/zed_interfaces/zed_interfaces/msg/keypoint2_di.h
-- Symlinking: /home/awadh/zed_ws/install/zed_interfaces/include/zed_interfaces/zed_interfaces/msg/keypoint3_d.h
-- Symlinking: /home/awadh/zed_ws/install/zed_interfaces/include/zed_interfaces/zed_interfaces/msg/mag_heading_status.h
-- Symlinking: /home/awadh/zed_ws/install/zed_interfaces/include/zed_interfaces/zed_interfaces/msg/object.h
-- Symlinking: /home/awadh/zed_ws/install/zed_interfaces/include/zed_interfaces/zed_interfaces/msg/objects_stamped.h
-- Symlinking: /home/awadh/zed_ws/install/zed_interfaces/include/zed_interfaces/zed_interfaces/msg/plane_stamped.h
-- Symlinking: /home/awadh/zed_ws/install/zed_interfaces/include/zed_interfaces/zed_interfaces/msg/pos_track_status.h
-- Symlinking: /home/awadh/zed_ws/install/zed_interfaces/include/zed_interfaces/zed_interfaces/msg/rosidl_generator_c__visibility_control.h
-- Symlinking: /home/awadh/zed_ws/install/zed_interfaces/include/zed_interfaces/zed_interfaces/msg/skeleton2_d.h
-- Symlinking: /home/awadh/zed_ws/install/zed_interfaces/include/zed_interfaces/zed_interfaces/msg/skeleton3_d.h
-- Symlinking: /home/awadh/zed_ws/install/zed_interfaces/include/zed_interfaces/zed_interfaces/srv/detail/set_pose__functions.h
-- Symlinking: /home/awadh/zed_ws/install/zed_interfaces/include/zed_interfaces/zed_interfaces/srv/detail/set_pose__struct.h
-- Symlinking: /home/awadh/zed_ws/install/zed_interfaces/include/zed_interfaces/zed_interfaces/srv/detail/set_pose__type_support.h
-- Symlinking: /home/awadh/zed_ws/install/zed_interfaces/include/zed_interfaces/zed_interfaces/srv/detail/set_roi__functions.h
-- Symlinking: /home/awadh/zed_ws/install/zed_interfaces/include/zed_interfaces/zed_interfaces/srv/detail/set_roi__struct.h
-- Symlinking: /home/awadh/zed_ws/install/zed_interfaces/include/zed_interfaces/zed_interfaces/srv/detail/set_roi__type_support.h
-- Symlinking: /home/awadh/zed_ws/install/zed_interfaces/include/zed_interfaces/zed_interfaces/srv/detail/start_svo_rec__functions.h
-- Symlinking: /home/awadh/zed_ws/install/zed_interfaces/include/zed_interfaces/zed_interfaces/srv/detail/start_svo_rec__struct.h
-- Symlinking: /home/awadh/zed_ws/install/zed_interfaces/include/zed_interfaces/zed_interfaces/srv/detail/start_svo_rec__type_support.h
-- Symlinking: /home/awadh/zed_ws/install/zed_interfaces/include/zed_interfaces/zed_interfaces/srv/set_pose.h
-- Symlinking: /home/awadh/zed_ws/install/zed_interfaces/include/zed_interfaces/zed_interfaces/srv/set_roi.h
-- Symlinking: /home/awadh/zed_ws/install/zed_interfaces/include/zed_interfaces/zed_interfaces/srv/start_svo_rec.h
-- Symlinking: /home/awadh/zed_ws/install/zed_interfaces/share/zed_interfaces/environment/library_path.sh
-- Symlinking: /home/awadh/zed_ws/install/zed_interfaces/share/zed_interfaces/environment/library_path.dsv
-- Symlinking: /home/awadh/zed_ws/install/zed_interfaces/include/zed_interfaces/zed_interfaces/msg/detail/bounding_box2_df__rosidl_typesupport_fastrtps_c.h
-- Symlinking: /home/awadh/zed_ws/install/zed_interfaces/include/zed_interfaces/zed_interfaces/msg/detail/bounding_box2_di__rosidl_typesupport_fastrtps_c.h
-- Symlinking: /home/awadh/zed_ws/install/zed_interfaces/include/zed_interfaces/zed_interfaces/msg/detail/bounding_box3_d__rosidl_typesupport_fastrtps_c.h
-- Symlinking: /home/awadh/zed_ws/install/zed_interfaces/include/zed_interfaces/zed_interfaces/msg/detail/depth_info_stamped__rosidl_typesupport_fastrtps_c.h
-- Symlinking: /home/awadh/zed_ws/install/zed_interfaces/include/zed_interfaces/zed_interfaces/msg/detail/gnss_fusion_status__rosidl_typesupport_fastrtps_c.h
-- Symlinking: /home/awadh/zed_ws/install/zed_interfaces/include/zed_interfaces/zed_interfaces/msg/detail/heartbeat__rosidl_typesupport_fastrtps_c.h
-- Symlinking: /home/awadh/zed_ws/install/zed_interfaces/include/zed_interfaces/zed_interfaces/msg/detail/keypoint2_df__rosidl_typesupport_fastrtps_c.h
-- Symlinking: /home/awadh/zed_ws/install/zed_interfaces/include/zed_interfaces/zed_interfaces/msg/detail/keypoint2_di__rosidl_typesupport_fastrtps_c.h
-- Symlinking: /home/awadh/zed_ws/install/zed_interfaces/include/zed_interfaces/zed_interfaces/msg/detail/keypoint3_d__rosidl_typesupport_fastrtps_c.h
-- Symlinking: /home/awadh/zed_ws/install/zed_interfaces/include/zed_interfaces/zed_interfaces/msg/detail/mag_heading_status__rosidl_typesupport_fastrtps_c.h
-- Symlinking: /home/awadh/zed_ws/install/zed_interfaces/include/zed_interfaces/zed_interfaces/msg/detail/object__rosidl_typesupport_fastrtps_c.h
-- Symlinking: /home/awadh/zed_ws/install/zed_interfaces/include/zed_interfaces/zed_interfaces/msg/detail/objects_stamped__rosidl_typesupport_fastrtps_c.h
-- Symlinking: /home/awadh/zed_ws/install/zed_interfaces/include/zed_interfaces/zed_interfaces/msg/detail/plane_stamped__rosidl_typesupport_fastrtps_c.h
-- Symlinking: /home/awadh/zed_ws/install/zed_interfaces/include/zed_interfaces/zed_interfaces/msg/detail/pos_track_status__rosidl_typesupport_fastrtps_c.h
-- Symlinking: /home/awadh/zed_ws/install/zed_interfaces/include/zed_interfaces/zed_interfaces/msg/detail/skeleton2_d__rosidl_typesupport_fastrtps_c.h
-- Symlinking: /home/awadh/zed_ws/install/zed_interfaces/include/zed_interfaces/zed_interfaces/msg/detail/skeleton3_d__rosidl_typesupport_fastrtps_c.h
-- Symlinking: /home/awadh/zed_ws/install/zed_interfaces/include/zed_interfaces/zed_interfaces/msg/rosidl_typesupport_fastrtps_c__visibility_control.h
-- Symlinking: /home/awadh/zed_ws/install/zed_interfaces/include/zed_interfaces/zed_interfaces/srv/detail/set_pose__rosidl_typesupport_fastrtps_c.h
-- Symlinking: /home/awadh/zed_ws/install/zed_interfaces/include/zed_interfaces/zed_interfaces/srv/detail/set_roi__rosidl_typesupport_fastrtps_c.h
-- Symlinking: /home/awadh/zed_ws/install/zed_interfaces/include/zed_interfaces/zed_interfaces/srv/detail/start_svo_rec__rosidl_typesupport_fastrtps_c.h
-- Symlinking: /home/awadh/zed_ws/install/zed_interfaces/include/zed_interfaces/zed_interfaces/msg/bounding_box2_df.hpp
-- Symlinking: /home/awadh/zed_ws/install/zed_interfaces/include/zed_interfaces/zed_interfaces/msg/bounding_box2_di.hpp
-- Symlinking: /home/awadh/zed_ws/install/zed_interfaces/include/zed_interfaces/zed_interfaces/msg/bounding_box3_d.hpp
-- Symlinking: /home/awadh/zed_ws/install/zed_interfaces/include/zed_interfaces/zed_interfaces/msg/depth_info_stamped.hpp
-- Symlinking: /home/awadh/zed_ws/install/zed_interfaces/include/zed_interfaces/zed_interfaces/msg/detail/bounding_box2_df__builder.hpp
-- Symlinking: /home/awadh/zed_ws/install/zed_interfaces/include/zed_interfaces/zed_interfaces/msg/detail/bounding_box2_df__struct.hpp
-- Symlinking: /home/awadh/zed_ws/install/zed_interfaces/include/zed_interfaces/zed_interfaces/msg/detail/bounding_box2_df__traits.hpp
-- Symlinking: /home/awadh/zed_ws/install/zed_interfaces/include/zed_interfaces/zed_interfaces/msg/detail/bounding_box2_di__builder.hpp
-- Symlinking: /home/awadh/zed_ws/install/zed_interfaces/include/zed_interfaces/zed_interfaces/msg/detail/bounding_box2_di__struct.hpp
-- Symlinking: /home/awadh/zed_ws/install/zed_interfaces/include/zed_interfaces/zed_interfaces/msg/detail/bounding_box2_di__traits.hpp
-- Symlinking: /home/awadh/zed_ws/install/zed_interfaces/include/zed_interfaces/zed_interfaces/msg/detail/bounding_box3_d__builder.hpp
-- Symlinking: /home/awadh/zed_ws/install/zed_interfaces/include/zed_interfaces/zed_interfaces/msg/detail/bounding_box3_d__struct.hpp
-- Symlinking: /home/awadh/zed_ws/install/zed_interfaces/include/zed_interfaces/zed_interfaces/msg/detail/bounding_box3_d__traits.hpp
-- Symlinking: /home/awadh/zed_ws/install/zed_interfaces/include/zed_interfaces/zed_interfaces/msg/detail/depth_info_stamped__builder.hpp
-- Symlinking: /home/awadh/zed_ws/install/zed_interfaces/include/zed_interfaces/zed_interfaces/msg/detail/depth_info_stamped__struct.hpp
-- Symlinking: /home/awadh/zed_ws/install/zed_interfaces/include/zed_interfaces/zed_interfaces/msg/detail/depth_info_stamped__traits.hpp
-- Symlinking: /home/awadh/zed_ws/install/zed_interfaces/include/zed_interfaces/zed_interfaces/msg/detail/gnss_fusion_status__builder.hpp
-- Symlinking: /home/awadh/zed_ws/install/zed_interfaces/include/zed_interfaces/zed_interfaces/msg/detail/gnss_fusion_status__struct.hpp
-- Symlinking: /home/awadh/zed_ws/install/zed_interfaces/include/zed_interfaces/zed_interfaces/msg/detail/gnss_fusion_status__traits.hpp
-- Symlinking: /home/awadh/zed_ws/install/zed_interfaces/include/zed_interfaces/zed_interfaces/msg/detail/heartbeat__builder.hpp
-- Symlinking: /home/awadh/zed_ws/install/zed_interfaces/include/zed_interfaces/zed_interfaces/msg/detail/heartbeat__struct.hpp
-- Symlinking: /home/awadh/zed_ws/install/zed_interfaces/include/zed_interfaces/zed_interfaces/msg/detail/heartbeat__traits.hpp
-- Symlinking: /home/awadh/zed_ws/install/zed_interfaces/include/zed_interfaces/zed_interfaces/msg/detail/keypoint2_df__builder.hpp
-- Symlinking: /home/awadh/zed_ws/install/zed_interfaces/include/zed_interfaces/zed_interfaces/msg/detail/keypoint2_df__struct.hpp
-- Symlinking: /home/awadh/zed_ws/install/zed_interfaces/include/zed_interfaces/zed_interfaces/msg/detail/keypoint2_df__traits.hpp
-- Symlinking: /home/awadh/zed_ws/install/zed_interfaces/include/zed_interfaces/zed_interfaces/msg/detail/keypoint2_di__builder.hpp
-- Symlinking: /home/awadh/zed_ws/install/zed_interfaces/include/zed_interfaces/zed_interfaces/msg/detail/keypoint2_di__struct.hpp
-- Symlinking: /home/awadh/zed_ws/install/zed_interfaces/include/zed_interfaces/zed_interfaces/msg/detail/keypoint2_di__traits.hpp
-- Symlinking: /home/awadh/zed_ws/install/zed_interfaces/include/zed_interfaces/zed_interfaces/msg/detail/keypoint3_d__builder.hpp
-- Symlinking: /home/awadh/zed_ws/install/zed_interfaces/include/zed_interfaces/zed_interfaces/msg/detail/keypoint3_d__struct.hpp
-- Symlinking: /home/awadh/zed_ws/install/zed_interfaces/include/zed_interfaces/zed_interfaces/msg/detail/keypoint3_d__traits.hpp
-- Symlinking: /home/awadh/zed_ws/install/zed_interfaces/include/zed_interfaces/zed_interfaces/msg/detail/mag_heading_status__builder.hpp
-- Symlinking: /home/awadh/zed_ws/install/zed_interfaces/include/zed_interfaces/zed_interfaces/msg/detail/mag_heading_status__struct.hpp
-- Symlinking: /home/awadh/zed_ws/install/zed_interfaces/include/zed_interfaces/zed_interfaces/msg/detail/mag_heading_status__traits.hpp
-- Symlinking: /home/awadh/zed_ws/install/zed_interfaces/include/zed_interfaces/zed_interfaces/msg/detail/object__builder.hpp
-- Symlinking: /home/awadh/zed_ws/install/zed_interfaces/include/zed_interfaces/zed_interfaces/msg/detail/object__struct.hpp
-- Symlinking: /home/awadh/zed_ws/install/zed_interfaces/include/zed_interfaces/zed_interfaces/msg/detail/object__traits.hpp
-- Symlinking: /home/awadh/zed_ws/install/zed_interfaces/include/zed_interfaces/zed_interfaces/msg/detail/objects_stamped__builder.hpp
-- Symlinking: /home/awadh/zed_ws/install/zed_interfaces/include/zed_interfaces/zed_interfaces/msg/detail/objects_stamped__struct.hpp
-- Symlinking: /home/awadh/zed_ws/install/zed_interfaces/include/zed_interfaces/zed_interfaces/msg/detail/objects_stamped__traits.hpp
-- Symlinking: /home/awadh/zed_ws/install/zed_interfaces/include/zed_interfaces/zed_interfaces/msg/detail/plane_stamped__builder.hpp
-- Symlinking: /home/awadh/zed_ws/install/zed_interfaces/include/zed_interfaces/zed_interfaces/msg/detail/plane_stamped__struct.hpp
-- Symlinking: /home/awadh/zed_ws/install/zed_interfaces/include/zed_interfaces/zed_interfaces/msg/detail/plane_stamped__traits.hpp
-- Symlinking: /home/awadh/zed_ws/install/zed_interfaces/include/zed_interfaces/zed_interfaces/msg/detail/pos_track_status__builder.hpp
-- Symlinking: /home/awadh/zed_ws/install/zed_interfaces/include/zed_interfaces/zed_interfaces/msg/detail/pos_track_status__struct.hpp
-- Symlinking: /home/awadh/zed_ws/install/zed_interfaces/include/zed_interfaces/zed_interfaces/msg/detail/pos_track_status__traits.hpp
-- Symlinking: /home/awadh/zed_ws/install/zed_interfaces/include/zed_interfaces/zed_interfaces/msg/detail/skeleton2_d__builder.hpp
-- Symlinking: /home/awadh/zed_ws/install/zed_interfaces/include/zed_interfaces/zed_interfaces/msg/detail/skeleton2_d__struct.hpp
-- Symlinking: /home/awadh/zed_ws/install/zed_interfaces/include/zed_interfaces/zed_interfaces/msg/detail/skeleton2_d__traits.hpp
-- Symlinking: /home/awadh/zed_ws/install/zed_interfaces/include/zed_interfaces/zed_interfaces/msg/detail/skeleton3_d__builder.hpp
-- Symlinking: /home/awadh/zed_ws/install/zed_interfaces/include/zed_interfaces/zed_interfaces/msg/detail/skeleton3_d__struct.hpp
-- Symlinking: /home/awadh/zed_ws/install/zed_interfaces/include/zed_interfaces/zed_interfaces/msg/detail/skeleton3_d__traits.hpp
-- Symlinking: /home/awadh/zed_ws/install/zed_interfaces/include/zed_interfaces/zed_interfaces/msg/gnss_fusion_status.hpp
-- Symlinking: /home/awadh/zed_ws/install/zed_interfaces/include/zed_interfaces/zed_interfaces/msg/heartbeat.hpp
-- Symlinking: /home/awadh/zed_ws/install/zed_interfaces/include/zed_interfaces/zed_interfaces/msg/keypoint2_df.hpp
-- Symlinking: /home/awadh/zed_ws/install/zed_interfaces/include/zed_interfaces/zed_interfaces/msg/keypoint2_di.hpp
-- Symlinking: /home/awadh/zed_ws/install/zed_interfaces/include/zed_interfaces/zed_interfaces/msg/keypoint3_d.hpp
-- Symlinking: /home/awadh/zed_ws/install/zed_interfaces/include/zed_interfaces/zed_interfaces/msg/mag_heading_status.hpp
-- Symlinking: /home/awadh/zed_ws/install/zed_interfaces/include/zed_interfaces/zed_interfaces/msg/object.hpp
-- Symlinking: /home/awadh/zed_ws/install/zed_interfaces/include/zed_interfaces/zed_interfaces/msg/objects_stamped.hpp
-- Symlinking: /home/awadh/zed_ws/install/zed_interfaces/include/zed_interfaces/zed_interfaces/msg/plane_stamped.hpp
-- Symlinking: /home/awadh/zed_ws/install/zed_interfaces/include/zed_interfaces/zed_interfaces/msg/pos_track_status.hpp
-- Symlinking: /home/awadh/zed_ws/install/zed_interfaces/include/zed_interfaces/zed_interfaces/msg/skeleton2_d.hpp
-- Symlinking: /home/awadh/zed_ws/install/zed_interfaces/include/zed_interfaces/zed_interfaces/msg/skeleton3_d.hpp
-- Symlinking: /home/awadh/zed_ws/install/zed_interfaces/include/zed_interfaces/zed_interfaces/srv/detail/set_pose__builder.hpp
-- Symlinking: /home/awadh/zed_ws/install/zed_interfaces/include/zed_interfaces/zed_interfaces/srv/detail/set_pose__struct.hpp
-- Symlinking: /home/awadh/zed_ws/install/zed_interfaces/include/zed_interfaces/zed_interfaces/srv/detail/set_pose__traits.hpp
-- Symlinking: /home/awadh/zed_ws/install/zed_interfaces/include/zed_interfaces/zed_interfaces/srv/detail/set_roi__builder.hpp
-- Symlinking: /home/awadh/zed_ws/install/zed_interfaces/include/zed_interfaces/zed_interfaces/srv/detail/set_roi__struct.hpp
-- Symlinking: /home/awadh/zed_ws/install/zed_interfaces/include/zed_interfaces/zed_interfaces/srv/detail/set_roi__traits.hpp
-- Symlinking: /home/awadh/zed_ws/install/zed_interfaces/include/zed_interfaces/zed_interfaces/srv/detail/start_svo_rec__builder.hpp
-- Symlinking: /home/awadh/zed_ws/install/zed_interfaces/include/zed_interfaces/zed_interfaces/srv/detail/start_svo_rec__struct.hpp
-- Symlinking: /home/awadh/zed_ws/install/zed_interfaces/include/zed_interfaces/zed_interfaces/srv/detail/start_svo_rec__traits.hpp
-- Symlinking: /home/awadh/zed_ws/install/zed_interfaces/include/zed_interfaces/zed_interfaces/srv/set_pose.hpp
-- Symlinking: /home/awadh/zed_ws/install/zed_interfaces/include/zed_interfaces/zed_interfaces/srv/set_roi.hpp
-- Symlinking: /home/awadh/zed_ws/install/zed_interfaces/include/zed_interfaces/zed_interfaces/srv/start_svo_rec.hpp
-- Symlinking: /home/awadh/zed_ws/install/zed_interfaces/include/zed_interfaces/zed_interfaces/msg/detail/bounding_box2_df__rosidl_typesupport_fastrtps_cpp.hpp
-- Symlinking: /home/awadh/zed_ws/install/zed_interfaces/include/zed_interfaces/zed_interfaces/msg/detail/bounding_box2_di__rosidl_typesupport_fastrtps_cpp.hpp
-- Symlinking: /home/awadh/zed_ws/install/zed_interfaces/include/zed_interfaces/zed_interfaces/msg/detail/bounding_box3_d__rosidl_typesupport_fastrtps_cpp.hpp
-- Symlinking: /home/awadh/zed_ws/install/zed_interfaces/include/zed_interfaces/zed_interfaces/msg/detail/depth_info_stamped__rosidl_typesupport_fastrtps_cpp.hpp
-- Symlinking: /home/awadh/zed_ws/install/zed_interfaces/include/zed_interfaces/zed_interfaces/msg/detail/gnss_fusion_status__rosidl_typesupport_fastrtps_cpp.hpp
-- Symlinking: /home/awadh/zed_ws/install/zed_interfaces/include/zed_interfaces/zed_interfaces/msg/detail/heartbeat__rosidl_typesupport_fastrtps_cpp.hpp
-- Symlinking: /home/awadh/zed_ws/install/zed_interfaces/include/zed_interfaces/zed_interfaces/msg/detail/keypoint2_df__rosidl_typesupport_fastrtps_cpp.hpp
-- Symlinking: /home/awadh/zed_ws/install/zed_interfaces/include/zed_interfaces/zed_interfaces/msg/detail/keypoint2_di__rosidl_typesupport_fastrtps_cpp.hpp
-- Symlinking: /home/awadh/zed_ws/install/zed_interfaces/include/zed_interfaces/zed_interfaces/msg/detail/keypoint3_d__rosidl_typesupport_fastrtps_cpp.hpp
-- Symlinking: /home/awadh/zed_ws/install/zed_interfaces/include/zed_interfaces/zed_interfaces/msg/detail/mag_heading_status__rosidl_typesupport_fastrtps_cpp.hpp
-- Symlinking: /home/awadh/zed_ws/install/zed_interfaces/include/zed_interfaces/zed_interfaces/msg/detail/object__rosidl_typesupport_fastrtps_cpp.hpp
-- Symlinking: /home/awadh/zed_ws/install/zed_interfaces/include/zed_interfaces/zed_interfaces/msg/detail/objects_stamped__rosidl_typesupport_fastrtps_cpp.hpp
-- Symlinking: /home/awadh/zed_ws/install/zed_interfaces/include/zed_interfaces/zed_interfaces/msg/detail/plane_stamped__rosidl_typesupport_fastrtps_cpp.hpp
-- Symlinking: /home/awadh/zed_ws/install/zed_interfaces/include/zed_interfaces/zed_interfaces/msg/detail/pos_track_status__rosidl_typesupport_fastrtps_cpp.hpp
-- Symlinking: /home/awadh/zed_ws/install/zed_interfaces/include/zed_interfaces/zed_interfaces/msg/detail/skeleton2_d__rosidl_typesupport_fastrtps_cpp.hpp
-- Symlinking: /home/awadh/zed_ws/install/zed_interfaces/include/zed_interfaces/zed_interfaces/msg/detail/skeleton3_d__rosidl_typesupport_fastrtps_cpp.hpp
-- Symlinking: /home/awadh/zed_ws/install/zed_interfaces/include/zed_interfaces/zed_interfaces/msg/rosidl_typesupport_fastrtps_cpp__visibility_control.h
-- Symlinking: /home/awadh/zed_ws/install/zed_interfaces/include/zed_interfaces/zed_interfaces/srv/detail/set_pose__rosidl_typesupport_fastrtps_cpp.hpp
-- Symlinking: /home/awadh/zed_ws/install/zed_interfaces/include/zed_interfaces/zed_interfaces/srv/detail/set_roi__rosidl_typesupport_fastrtps_cpp.hpp
-- Symlinking: /home/awadh/zed_ws/install/zed_interfaces/include/zed_interfaces/zed_interfaces/srv/detail/start_svo_rec__rosidl_typesupport_fastrtps_cpp.hpp
-- Symlinking: /home/awadh/zed_ws/install/zed_interfaces/include/zed_interfaces/zed_interfaces/msg/detail/bounding_box2_df__rosidl_typesupport_introspection_c.h
-- Symlinking: /home/awadh/zed_ws/install/zed_interfaces/include/zed_interfaces/zed_interfaces/msg/detail/bounding_box2_di__rosidl_typesupport_introspection_c.h
-- Symlinking: /home/awadh/zed_ws/install/zed_interfaces/include/zed_interfaces/zed_interfaces/msg/detail/bounding_box3_d__rosidl_typesupport_introspection_c.h
-- Symlinking: /home/awadh/zed_ws/install/zed_interfaces/include/zed_interfaces/zed_interfaces/msg/detail/depth_info_stamped__rosidl_typesupport_introspection_c.h
-- Symlinking: /home/awadh/zed_ws/install/zed_interfaces/include/zed_interfaces/zed_interfaces/msg/detail/gnss_fusion_status__rosidl_typesupport_introspection_c.h
-- Symlinking: /home/awadh/zed_ws/install/zed_interfaces/include/zed_interfaces/zed_interfaces/msg/detail/heartbeat__rosidl_typesupport_introspection_c.h
-- Symlinking: /home/awadh/zed_ws/install/zed_interfaces/include/zed_interfaces/zed_interfaces/msg/detail/keypoint2_df__rosidl_typesupport_introspection_c.h
-- Symlinking: /home/awadh/zed_ws/install/zed_interfaces/include/zed_interfaces/zed_interfaces/msg/detail/keypoint2_di__rosidl_typesupport_introspection_c.h
-- Symlinking: /home/awadh/zed_ws/install/zed_interfaces/include/zed_interfaces/zed_interfaces/msg/detail/keypoint3_d__rosidl_typesupport_introspection_c.h
-- Symlinking: /home/awadh/zed_ws/install/zed_interfaces/include/zed_interfaces/zed_interfaces/msg/detail/mag_heading_status__rosidl_typesupport_introspection_c.h
-- Symlinking: /home/awadh/zed_ws/install/zed_interfaces/include/zed_interfaces/zed_interfaces/msg/detail/object__rosidl_typesupport_introspection_c.h
-- Symlinking: /home/awadh/zed_ws/install/zed_interfaces/include/zed_interfaces/zed_interfaces/msg/detail/objects_stamped__rosidl_typesupport_introspection_c.h
-- Symlinking: /home/awadh/zed_ws/install/zed_interfaces/include/zed_interfaces/zed_interfaces/msg/detail/plane_stamped__rosidl_typesupport_introspection_c.h
-- Symlinking: /home/awadh/zed_ws/install/zed_interfaces/include/zed_interfaces/zed_interfaces/msg/detail/pos_track_status__rosidl_typesupport_introspection_c.h
-- Symlinking: /home/awadh/zed_ws/install/zed_interfaces/include/zed_interfaces/zed_interfaces/msg/detail/skeleton2_d__rosidl_typesupport_introspection_c.h
-- Symlinking: /home/awadh/zed_ws/install/zed_interfaces/include/zed_interfaces/zed_interfaces/msg/detail/skeleton3_d__rosidl_typesupport_introspection_c.h
-- Symlinking: /home/awadh/zed_ws/install/zed_interfaces/include/zed_interfaces/zed_interfaces/msg/rosidl_typesupport_introspection_c__visibility_control.h
-- Symlinking: /home/awadh/zed_ws/install/zed_interfaces/include/zed_interfaces/zed_interfaces/srv/detail/set_pose__rosidl_typesupport_introspection_c.h
-- Symlinking: /home/awadh/zed_ws/install/zed_interfaces/include/zed_interfaces/zed_interfaces/srv/detail/set_roi__rosidl_typesupport_introspection_c.h
-- Symlinking: /home/awadh/zed_ws/install/zed_interfaces/include/zed_interfaces/zed_interfaces/srv/detail/start_svo_rec__rosidl_typesupport_introspection_c.h
-- Symlinking: /home/awadh/zed_ws/install/zed_interfaces/include/zed_interfaces/zed_interfaces/msg/detail/bounding_box2_df__rosidl_typesupport_introspection_cpp.hpp
-- Symlinking: /home/awadh/zed_ws/install/zed_interfaces/include/zed_interfaces/zed_interfaces/msg/detail/bounding_box2_di__rosidl_typesupport_introspection_cpp.hpp
-- Symlinking: /home/awadh/zed_ws/install/zed_interfaces/include/zed_interfaces/zed_interfaces/msg/detail/bounding_box3_d__rosidl_typesupport_introspection_cpp.hpp
-- Symlinking: /home/awadh/zed_ws/install/zed_interfaces/include/zed_interfaces/zed_interfaces/msg/detail/depth_info_stamped__rosidl_typesupport_introspection_cpp.hpp
-- Symlinking: /home/awadh/zed_ws/install/zed_interfaces/include/zed_interfaces/zed_interfaces/msg/detail/gnss_fusion_status__rosidl_typesupport_introspection_cpp.hpp
-- Symlinking: /home/awadh/zed_ws/install/zed_interfaces/include/zed_interfaces/zed_interfaces/msg/detail/heartbeat__rosidl_typesupport_introspection_cpp.hpp
-- Symlinking: /home/awadh/zed_ws/install/zed_interfaces/include/zed_interfaces/zed_interfaces/msg/detail/keypoint2_df__rosidl_typesupport_introspection_cpp.hpp
-- Symlinking: /home/awadh/zed_ws/install/zed_interfaces/include/zed_interfaces/zed_interfaces/msg/detail/keypoint2_di__rosidl_typesupport_introspection_cpp.hpp
-- Symlinking: /home/awadh/zed_ws/install/zed_interfaces/include/zed_interfaces/zed_interfaces/msg/detail/keypoint3_d__rosidl_typesupport_introspection_cpp.hpp
-- Symlinking: /home/awadh/zed_ws/install/zed_interfaces/include/zed_interfaces/zed_interfaces/msg/detail/mag_heading_status__rosidl_typesupport_introspection_cpp.hpp
-- Symlinking: /home/awadh/zed_ws/install/zed_interfaces/include/zed_interfaces/zed_interfaces/msg/detail/object__rosidl_typesupport_introspection_cpp.hpp
-- Symlinking: /home/awadh/zed_ws/install/zed_interfaces/include/zed_interfaces/zed_interfaces/msg/detail/objects_stamped__rosidl_typesupport_introspection_cpp.hpp
-- Symlinking: /home/awadh/zed_ws/install/zed_interfaces/include/zed_interfaces/zed_interfaces/msg/detail/plane_stamped__rosidl_typesupport_introspection_cpp.hpp
-- Symlinking: /home/awadh/zed_ws/install/zed_interfaces/include/zed_interfaces/zed_interfaces/msg/detail/pos_track_status__rosidl_typesupport_introspection_cpp.hpp
-- Symlinking: /home/awadh/zed_ws/install/zed_interfaces/include/zed_interfaces/zed_interfaces/msg/detail/skeleton2_d__rosidl_typesupport_introspection_cpp.hpp
-- Symlinking: /home/awadh/zed_ws/install/zed_interfaces/include/zed_interfaces/zed_interfaces/msg/detail/skeleton3_d__rosidl_typesupport_introspection_cpp.hpp
-- Symlinking: /home/awadh/zed_ws/install/zed_interfaces/include/zed_interfaces/zed_interfaces/srv/detail/set_pose__rosidl_typesupport_introspection_cpp.hpp
-- Symlinking: /home/awadh/zed_ws/install/zed_interfaces/include/zed_interfaces/zed_interfaces/srv/detail/set_roi__rosidl_typesupport_introspection_cpp.hpp
-- Symlinking: /home/awadh/zed_ws/install/zed_interfaces/include/zed_interfaces/zed_interfaces/srv/detail/start_svo_rec__rosidl_typesupport_introspection_cpp.hpp
-- Symlinking: /home/awadh/zed_ws/install/zed_interfaces/share/zed_interfaces/environment/pythonpath.sh
-- Symlinking: /home/awadh/zed_ws/install/zed_interfaces/share/zed_interfaces/environment/pythonpath.dsv
-- Symlinking: /home/awadh/zed_ws/install/zed_interfaces/local/lib/python3.10/dist-packages/zed_interfaces-4.1.0-py3.10.egg-info/PKG-INFO
-- Symlinking: /home/awadh/zed_ws/install/zed_interfaces/local/lib/python3.10/dist-packages/zed_interfaces-4.1.0-py3.10.egg-info/SOURCES.txt
-- Symlinking: /home/awadh/zed_ws/install/zed_interfaces/local/lib/python3.10/dist-packages/zed_interfaces-4.1.0-py3.10.egg-info/dependency_links.txt
-- Symlinking: /home/awadh/zed_ws/install/zed_interfaces/local/lib/python3.10/dist-packages/zed_interfaces-4.1.0-py3.10.egg-info/top_level.txt
-- Symlinking: /home/awadh/zed_ws/install/zed_interfaces/local/lib/python3.10/dist-packages/zed_interfaces/__init__.py
-- Symlinking: /home/awadh/zed_ws/install/zed_interfaces/local/lib/python3.10/dist-packages/zed_interfaces/_zed_interfaces_s.ep.rosidl_typesupport_c.c
-- Symlinking: /home/awadh/zed_ws/install/zed_interfaces/local/lib/python3.10/dist-packages/zed_interfaces/_zed_interfaces_s.ep.rosidl_typesupport_fastrtps_c.c
-- Symlinking: /home/awadh/zed_ws/install/zed_interfaces/local/lib/python3.10/dist-packages/zed_interfaces/_zed_interfaces_s.ep.rosidl_typesupport_introspection_c.c
-- Symlinking: /home/awadh/zed_ws/install/zed_interfaces/local/lib/python3.10/dist-packages/zed_interfaces/libzed_interfaces__rosidl_generator_py.so
-- Symlinking: /home/awadh/zed_ws/install/zed_interfaces/local/lib/python3.10/dist-packages/zed_interfaces/msg/__init__.py
-- Symlinking: /home/awadh/zed_ws/install/zed_interfaces/local/lib/python3.10/dist-packages/zed_interfaces/msg/_bounding_box2_df.py
-- Symlinking: /home/awadh/zed_ws/install/zed_interfaces/local/lib/python3.10/dist-packages/zed_interfaces/msg/_bounding_box2_df_s.c
-- Symlinking: /home/awadh/zed_ws/install/zed_interfaces/local/lib/python3.10/dist-packages/zed_interfaces/msg/_bounding_box2_di.py
-- Symlinking: /home/awadh/zed_ws/install/zed_interfaces/local/lib/python3.10/dist-packages/zed_interfaces/msg/_bounding_box2_di_s.c
-- Symlinking: /home/awadh/zed_ws/install/zed_interfaces/local/lib/python3.10/dist-packages/zed_interfaces/msg/_bounding_box3_d.py
-- Symlinking: /home/awadh/zed_ws/install/zed_interfaces/local/lib/python3.10/dist-packages/zed_interfaces/msg/_bounding_box3_d_s.c
-- Symlinking: /home/awadh/zed_ws/install/zed_interfaces/local/lib/python3.10/dist-packages/zed_interfaces/msg/_depth_info_stamped.py
-- Symlinking: /home/awadh/zed_ws/install/zed_interfaces/local/lib/python3.10/dist-packages/zed_interfaces/msg/_depth_info_stamped_s.c
-- Symlinking: /home/awadh/zed_ws/install/zed_interfaces/local/lib/python3.10/dist-packages/zed_interfaces/msg/_gnss_fusion_status.py
-- Symlinking: /home/awadh/zed_ws/install/zed_interfaces/local/lib/python3.10/dist-packages/zed_interfaces/msg/_gnss_fusion_status_s.c
-- Symlinking: /home/awadh/zed_ws/install/zed_interfaces/local/lib/python3.10/dist-packages/zed_interfaces/msg/_heartbeat.py
-- Symlinking: /home/awadh/zed_ws/install/zed_interfaces/local/lib/python3.10/dist-packages/zed_interfaces/msg/_heartbeat_s.c
-- Symlinking: /home/awadh/zed_ws/install/zed_interfaces/local/lib/python3.10/dist-packages/zed_interfaces/msg/_keypoint2_df.py
-- Symlinking: /home/awadh/zed_ws/install/zed_interfaces/local/lib/python3.10/dist-packages/zed_interfaces/msg/_keypoint2_df_s.c
-- Symlinking: /home/awadh/zed_ws/install/zed_interfaces/local/lib/python3.10/dist-packages/zed_interfaces/msg/_keypoint2_di.py
-- Symlinking: /home/awadh/zed_ws/install/zed_interfaces/local/lib/python3.10/dist-packages/zed_interfaces/msg/_keypoint2_di_s.c
-- Symlinking: /home/awadh/zed_ws/install/zed_interfaces/local/lib/python3.10/dist-packages/zed_interfaces/msg/_keypoint3_d.py
-- Symlinking: /home/awadh/zed_ws/install/zed_interfaces/local/lib/python3.10/dist-packages/zed_interfaces/msg/_keypoint3_d_s.c
-- Symlinking: /home/awadh/zed_ws/install/zed_interfaces/local/lib/python3.10/dist-packages/zed_interfaces/msg/_mag_heading_status.py
-- Symlinking: /home/awadh/zed_ws/install/zed_interfaces/local/lib/python3.10/dist-packages/zed_interfaces/msg/_mag_heading_status_s.c
-- Symlinking: /home/awadh/zed_ws/install/zed_interfaces/local/lib/python3.10/dist-packages/zed_interfaces/msg/_object.py
-- Symlinking: /home/awadh/zed_ws/install/zed_interfaces/local/lib/python3.10/dist-packages/zed_interfaces/msg/_object_s.c
-- Symlinking: /home/awadh/zed_ws/install/zed_interfaces/local/lib/python3.10/dist-packages/zed_interfaces/msg/_objects_stamped.py
-- Symlinking: /home/awadh/zed_ws/install/zed_interfaces/local/lib/python3.10/dist-packages/zed_interfaces/msg/_objects_stamped_s.c
-- Symlinking: /home/awadh/zed_ws/install/zed_interfaces/local/lib/python3.10/dist-packages/zed_interfaces/msg/_plane_stamped.py
-- Symlinking: /home/awadh/zed_ws/install/zed_interfaces/local/lib/python3.10/dist-packages/zed_interfaces/msg/_plane_stamped_s.c
-- Symlinking: /home/awadh/zed_ws/install/zed_interfaces/local/lib/python3.10/dist-packages/zed_interfaces/msg/_pos_track_status.py
-- Symlinking: /home/awadh/zed_ws/install/zed_interfaces/local/lib/python3.10/dist-packages/zed_interfaces/msg/_pos_track_status_s.c
-- Symlinking: /home/awadh/zed_ws/install/zed_interfaces/local/lib/python3.10/dist-packages/zed_interfaces/msg/_skeleton2_d.py
-- Symlinking: /home/awadh/zed_ws/install/zed_interfaces/local/lib/python3.10/dist-packages/zed_interfaces/msg/_skeleton2_d_s.c
-- Symlinking: /home/awadh/zed_ws/install/zed_interfaces/local/lib/python3.10/dist-packages/zed_interfaces/msg/_skeleton3_d.py
-- Symlinking: /home/awadh/zed_ws/install/zed_interfaces/local/lib/python3.10/dist-packages/zed_interfaces/msg/_skeleton3_d_s.c
-- Symlinking: /home/awadh/zed_ws/install/zed_interfaces/local/lib/python3.10/dist-packages/zed_interfaces/srv/__init__.py
-- Symlinking: /home/awadh/zed_ws/install/zed_interfaces/local/lib/python3.10/dist-packages/zed_interfaces/srv/_set_pose.py
-- Symlinking: /home/awadh/zed_ws/install/zed_interfaces/local/lib/python3.10/dist-packages/zed_interfaces/srv/_set_pose_s.c
-- Symlinking: /home/awadh/zed_ws/install/zed_interfaces/local/lib/python3.10/dist-packages/zed_interfaces/srv/_set_roi.py
-- Symlinking: /home/awadh/zed_ws/install/zed_interfaces/local/lib/python3.10/dist-packages/zed_interfaces/srv/_set_roi_s.c
-- Symlinking: /home/awadh/zed_ws/install/zed_interfaces/local/lib/python3.10/dist-packages/zed_interfaces/srv/_start_svo_rec.py
-- Symlinking: /home/awadh/zed_ws/install/zed_interfaces/local/lib/python3.10/dist-packages/zed_interfaces/srv/_start_svo_rec_s.c
-- Symlinking: /home/awadh/zed_ws/install/zed_interfaces/local/lib/python3.10/dist-packages/zed_interfaces/zed_interfaces_s__rosidl_typesupport_c.cpython-310-x86_64-linux-gnu.so
-- Symlinking: /home/awadh/zed_ws/install/zed_interfaces/local/lib/python3.10/dist-packages/zed_interfaces/zed_interfaces_s__rosidl_typesupport_fastrtps_c.cpython-310-x86_64-linux-gnu.so
-- Symlinking: /home/awadh/zed_ws/install/zed_interfaces/local/lib/python3.10/dist-packages/zed_interfaces/zed_interfaces_s__rosidl_typesupport_introspection_c.cpython-310-x86_64-linux-gnu.so
-- Up-to-date symlink: /home/awadh/zed_ws/install/zed_interfaces/local/lib/python3.10/dist-packages/zed_interfaces/zed_interfaces_s__rosidl_typesupport_fastrtps_c.cpython-310-x86_64-linux-gnu.so
-- Up-to-date symlink: /home/awadh/zed_ws/install/zed_interfaces/local/lib/python3.10/dist-packages/zed_interfaces/zed_interfaces_s__rosidl_typesupport_introspection_c.cpython-310-x86_64-linux-gnu.so
-- Up-to-date symlink: /home/awadh/zed_ws/install/zed_interfaces/local/lib/python3.10/dist-packages/zed_interfaces/zed_interfaces_s__rosidl_typesupport_c.cpython-310-x86_64-linux-gnu.so
-- Symlinking: /home/awadh/zed_ws/install/zed_interfaces/share/zed_interfaces/msg/Object.idl
-- Symlinking: /home/awadh/zed_ws/install/zed_interfaces/share/zed_interfaces/msg/ObjectsStamped.idl
-- Symlinking: /home/awadh/zed_ws/install/zed_interfaces/share/zed_interfaces/msg/Keypoint2Di.idl
-- Symlinking: /home/awadh/zed_ws/install/zed_interfaces/share/zed_interfaces/msg/Keypoint2Df.idl
-- Symlinking: /home/awadh/zed_ws/install/zed_interfaces/share/zed_interfaces/msg/Keypoint3D.idl
-- Symlinking: /home/awadh/zed_ws/install/zed_interfaces/share/zed_interfaces/msg/BoundingBox2Di.idl
-- Symlinking: /home/awadh/zed_ws/install/zed_interfaces/share/zed_interfaces/msg/BoundingBox2Df.idl
-- Symlinking: /home/awadh/zed_ws/install/zed_interfaces/share/zed_interfaces/msg/BoundingBox3D.idl
-- Symlinking: /home/awadh/zed_ws/install/zed_interfaces/share/zed_interfaces/msg/Skeleton2D.idl
-- Symlinking: /home/awadh/zed_ws/install/zed_interfaces/share/zed_interfaces/msg/Skeleton3D.idl
-- Symlinking: /home/awadh/zed_ws/install/zed_interfaces/share/zed_interfaces/msg/DepthInfoStamped.idl
-- Symlinking: /home/awadh/zed_ws/install/zed_interfaces/share/zed_interfaces/msg/PlaneStamped.idl
-- Symlinking: /home/awadh/zed_ws/install/zed_interfaces/share/zed_interfaces/msg/PosTrackStatus.idl
-- Symlinking: /home/awadh/zed_ws/install/zed_interfaces/share/zed_interfaces/msg/GnssFusionStatus.idl
-- Symlinking: /home/awadh/zed_ws/install/zed_interfaces/share/zed_interfaces/msg/Heartbeat.idl
-- Symlinking: /home/awadh/zed_ws/install/zed_interfaces/share/zed_interfaces/msg/MagHeadingStatus.idl
-- Symlinking: /home/awadh/zed_ws/install/zed_interfaces/share/zed_interfaces/srv/SetPose.idl
-- Symlinking: /home/awadh/zed_ws/install/zed_interfaces/share/zed_interfaces/srv/StartSvoRec.idl
-- Symlinking: /home/awadh/zed_ws/install/zed_interfaces/share/zed_interfaces/srv/SetROI.idl
-- Symlinking: /home/awadh/zed_ws/install/zed_interfaces/share/zed_interfaces/msg/Object.msg
-- Symlinking: /home/awadh/zed_ws/install/zed_interfaces/share/zed_interfaces/msg/ObjectsStamped.msg
-- Symlinking: /home/awadh/zed_ws/install/zed_interfaces/share/zed_interfaces/msg/Keypoint2Di.msg
-- Symlinking: /home/awadh/zed_ws/install/zed_interfaces/share/zed_interfaces/msg/Keypoint2Df.msg
-- Symlinking: /home/awadh/zed_ws/install/zed_interfaces/share/zed_interfaces/msg/Keypoint3D.msg
-- Symlinking: /home/awadh/zed_ws/install/zed_interfaces/share/zed_interfaces/msg/BoundingBox2Di.msg
-- Symlinking: /home/awadh/zed_ws/install/zed_interfaces/share/zed_interfaces/msg/BoundingBox2Df.msg
-- Symlinking: /home/awadh/zed_ws/install/zed_interfaces/share/zed_interfaces/msg/BoundingBox3D.msg
-- Symlinking: /home/awadh/zed_ws/install/zed_interfaces/share/zed_interfaces/msg/Skeleton2D.msg
-- Symlinking: /home/awadh/zed_ws/install/zed_interfaces/share/zed_interfaces/msg/Skeleton3D.msg
-- Symlinking: /home/awadh/zed_ws/install/zed_interfaces/share/zed_interfaces/msg/DepthInfoStamped.msg
-- Symlinking: /home/awadh/zed_ws/install/zed_interfaces/share/zed_interfaces/msg/PlaneStamped.msg
-- Symlinking: /home/awadh/zed_ws/install/zed_interfaces/share/zed_interfaces/msg/PosTrackStatus.msg
-- Symlinking: /home/awadh/zed_ws/install/zed_interfaces/share/zed_interfaces/msg/GnssFusionStatus.msg
-- Symlinking: /home/awadh/zed_ws/install/zed_interfaces/share/zed_interfaces/msg/Heartbeat.msg
-- Symlinking: /home/awadh/zed_ws/install/zed_interfaces/share/zed_interfaces/msg/MagHeadingStatus.msg
-- Symlinking: /home/awadh/zed_ws/install/zed_interfaces/share/zed_interfaces/srv/SetPose.srv
-- Symlinking: /home/awadh/zed_ws/install/zed_interfaces/share/zed_interfaces/srv/SetPose_Request.msg
-- Symlinking: /home/awadh/zed_ws/install/zed_interfaces/share/zed_interfaces/srv/SetPose_Response.msg
-- Symlinking: /home/awadh/zed_ws/install/zed_interfaces/share/zed_interfaces/srv/StartSvoRec.srv
-- Symlinking: /home/awadh/zed_ws/install/zed_interfaces/share/zed_interfaces/srv/StartSvoRec_Request.msg
-- Symlinking: /home/awadh/zed_ws/install/zed_interfaces/share/zed_interfaces/srv/StartSvoRec_Response.msg
-- Symlinking: /home/awadh/zed_ws/install/zed_interfaces/share/zed_interfaces/srv/SetROI.srv
-- Symlinking: /home/awadh/zed_ws/install/zed_interfaces/share/zed_interfaces/srv/SetROI_Request.msg
-- Symlinking: /home/awadh/zed_ws/install/zed_interfaces/share/zed_interfaces/srv/SetROI_Response.msg
-- Symlinking: /home/awadh/zed_ws/install/zed_interfaces/share/zed_interfaces/meshes/virtual.stl
-- Symlinking: /home/awadh/zed_ws/install/zed_interfaces/share/zed_interfaces/meshes/zed.stl
-- Symlinking: /home/awadh/zed_ws/install/zed_interfaces/share/zed_interfaces/meshes/zed2.stl
-- Symlinking: /home/awadh/zed_ws/install/zed_interfaces/share/zed_interfaces/meshes/zed2i.stl
-- Symlinking: /home/awadh/zed_ws/install/zed_interfaces/share/zed_interfaces/meshes/zedm.stl
-- Symlinking: /home/awadh/zed_ws/install/zed_interfaces/share/zed_interfaces/meshes/zedx.stl
-- Symlinking: /home/awadh/zed_ws/install/zed_interfaces/share/zed_interfaces/meshes/zedxm.stl
-- Symlinking: /home/awadh/zed_ws/install/zed_interfaces/share/ament_index/resource_index/package_run_dependencies/zed_interfaces
-- Symlinking: /home/awadh/zed_ws/install/zed_interfaces/share/ament_index/resource_index/parent_prefix_path/zed_interfaces
-- Symlinking: /home/awadh/zed_ws/install/zed_interfaces/share/zed_interfaces/environment/ament_prefix_path.sh
-- Symlinking: /home/awadh/zed_ws/install/zed_interfaces/share/zed_interfaces/environment/ament_prefix_path.dsv
-- Symlinking: /home/awadh/zed_ws/install/zed_interfaces/share/zed_interfaces/environment/path.sh
-- Symlinking: /home/awadh/zed_ws/install/zed_interfaces/share/zed_interfaces/environment/path.dsv
-- Symlinking: /home/awadh/zed_ws/install/zed_interfaces/share/zed_interfaces/local_setup.bash
-- Symlinking: /home/awadh/zed_ws/install/zed_interfaces/share/zed_interfaces/local_setup.sh
-- Symlinking: /home/awadh/zed_ws/install/zed_interfaces/share/zed_interfaces/local_setup.zsh
-- Symlinking: /home/awadh/zed_ws/install/zed_interfaces/share/zed_interfaces/local_setup.dsv
-- Symlinking: /home/awadh/zed_ws/install/zed_interfaces/share/zed_interfaces/package.dsv
-- Symlinking: /home/awadh/zed_ws/install/zed_interfaces/share/ament_index/resource_index/packages/zed_interfaces
-- Symlinking: /home/awadh/zed_ws/install/zed_interfaces/share/zed_interfaces/cmake/rosidl_cmake-extras.cmake
-- Symlinking: /home/awadh/zed_ws/install/zed_interfaces/share/zed_interfaces/cmake/ament_cmake_export_dependencies-extras.cmake
-- Symlinking: /home/awadh/zed_ws/install/zed_interfaces/share/zed_interfaces/cmake/ament_cmake_export_include_directories-extras.cmake
-- Symlinking: /home/awadh/zed_ws/install/zed_interfaces/share/zed_interfaces/cmake/ament_cmake_export_libraries-extras.cmake
-- Symlinking: /home/awadh/zed_ws/install/zed_interfaces/share/zed_interfaces/cmake/ament_cmake_export_targets-extras.cmake
-- Symlinking: /home/awadh/zed_ws/install/zed_interfaces/share/zed_interfaces/cmake/rosidl_cmake_export_typesupport_targets-extras.cmake
-- Symlinking: /home/awadh/zed_ws/install/zed_interfaces/share/zed_interfaces/cmake/rosidl_cmake_export_typesupport_libraries-extras.cmake
-- Symlinking: /home/awadh/zed_ws/install/zed_interfaces/share/zed_interfaces/cmake/zed_interfacesConfig.cmake
-- Symlinking: /home/awadh/zed_ws/install/zed_interfaces/share/zed_interfaces/cmake/zed_interfacesConfig-version.cmake
-- Symlinking: /home/awadh/zed_ws/install/zed_interfaces/share/zed_interfaces/package.xml
-- Installing: /home/awadh/zed_ws/install/zed_interfaces/lib/libzed_interfaces__rosidl_generator_c.so
-- Set runtime path of "/home/awadh/zed_ws/install/zed_interfaces/lib/libzed_interfaces__rosidl_generator_c.so" to ""
-- Installing: /home/awadh/zed_ws/install/zed_interfaces/lib/libzed_interfaces__rosidl_typesupport_fastrtps_c.so
-- Set runtime path of "/home/awadh/zed_ws/install/zed_interfaces/lib/libzed_interfaces__rosidl_typesupport_fastrtps_c.so" to ""
-- Installing: /home/awadh/zed_ws/install/zed_interfaces/lib/libzed_interfaces__rosidl_typesupport_fastrtps_cpp.so
-- Set runtime path of "/home/awadh/zed_ws/install/zed_interfaces/lib/libzed_interfaces__rosidl_typesupport_fastrtps_cpp.so" to ""
-- Installing: /home/awadh/zed_ws/install/zed_interfaces/lib/libzed_interfaces__rosidl_typesupport_introspection_c.so
-- Set runtime path of "/home/awadh/zed_ws/install/zed_interfaces/lib/libzed_interfaces__rosidl_typesupport_introspection_c.so" to ""
-- Installing: /home/awadh/zed_ws/install/zed_interfaces/lib/libzed_interfaces__rosidl_typesupport_c.so
-- Set runtime path of "/home/awadh/zed_ws/install/zed_interfaces/lib/libzed_interfaces__rosidl_typesupport_c.so" to ""
-- Installing: /home/awadh/zed_ws/install/zed_interfaces/lib/libzed_interfaces__rosidl_typesupport_introspection_cpp.so
-- Set runtime path of "/home/awadh/zed_ws/install/zed_interfaces/lib/libzed_interfaces__rosidl_typesupport_introspection_cpp.so" to ""
-- Installing: /home/awadh/zed_ws/install/zed_interfaces/lib/libzed_interfaces__rosidl_typesupport_cpp.so
-- Set runtime path of "/home/awadh/zed_ws/install/zed_interfaces/lib/libzed_interfaces__rosidl_typesupport_cpp.so" to ""
Listing '/home/awadh/zed_ws/install/zed_interfaces/local/lib/python3.10/dist-packages/zed_interfaces'...
Compiling '/home/awadh/zed_ws/install/zed_interfaces/local/lib/python3.10/dist-packages/zed_interfaces/__init__.py'...
Listing '/home/awadh/zed_ws/install/zed_interfaces/local/lib/python3.10/dist-packages/zed_interfaces/msg'...
Compiling '/home/awadh/zed_ws/install/zed_interfaces/local/lib/python3.10/dist-packages/zed_interfaces/msg/__init__.py'...
Compiling '/home/awadh/zed_ws/install/zed_interfaces/local/lib/python3.10/dist-packages/zed_interfaces/msg/_bounding_box2_df.py'...
Compiling '/home/awadh/zed_ws/install/zed_interfaces/local/lib/python3.10/dist-packages/zed_interfaces/msg/_bounding_box2_di.py'...
Compiling '/home/awadh/zed_ws/install/zed_interfaces/local/lib/python3.10/dist-packages/zed_interfaces/msg/_bounding_box3_d.py'...
Compiling '/home/awadh/zed_ws/install/zed_interfaces/local/lib/python3.10/dist-packages/zed_interfaces/msg/_depth_info_stamped.py'...
Compiling '/home/awadh/zed_ws/install/zed_interfaces/local/lib/python3.10/dist-packages/zed_interfaces/msg/_gnss_fusion_status.py'...
Compiling '/home/awadh/zed_ws/install/zed_interfaces/local/lib/python3.10/dist-packages/zed_interfaces/msg/_heartbeat.py'...
Compiling '/home/awadh/zed_ws/install/zed_interfaces/local/lib/python3.10/dist-packages/zed_interfaces/msg/_keypoint2_df.py'...
Compiling '/home/awadh/zed_ws/install/zed_interfaces/local/lib/python3.10/dist-packages/zed_interfaces/msg/_keypoint2_di.py'...
Compiling '/home/awadh/zed_ws/install/zed_interfaces/local/lib/python3.10/dist-packages/zed_interfaces/msg/_keypoint3_d.py'...
Compiling '/home/awadh/zed_ws/install/zed_interfaces/local/lib/python3.10/dist-packages/zed_interfaces/msg/_mag_heading_status.py'...
Compiling '/home/awadh/zed_ws/install/zed_interfaces/local/lib/python3.10/dist-packages/zed_interfaces/msg/_object.py'...
Compiling '/home/awadh/zed_ws/install/zed_interfaces/local/lib/python3.10/dist-packages/zed_interfaces/msg/_objects_stamped.py'...
Compiling '/home/awadh/zed_ws/install/zed_interfaces/local/lib/python3.10/dist-packages/zed_interfaces/msg/_plane_stamped.py'...
Compiling '/home/awadh/zed_ws/install/zed_interfaces/local/lib/python3.10/dist-packages/zed_interfaces/msg/_pos_track_status.py'...
Compiling '/home/awadh/zed_ws/install/zed_interfaces/local/lib/python3.10/dist-packages/zed_interfaces/msg/_skeleton2_d.py'...
Compiling '/home/awadh/zed_ws/install/zed_interfaces/local/lib/python3.10/dist-packages/zed_interfaces/msg/_skeleton3_d.py'...
Listing '/home/awadh/zed_ws/install/zed_interfaces/local/lib/python3.10/dist-packages/zed_interfaces/srv'...
Compiling '/home/awadh/zed_ws/install/zed_interfaces/local/lib/python3.10/dist-packages/zed_interfaces/srv/__init__.py'...
Compiling '/home/awadh/zed_ws/install/zed_interfaces/local/lib/python3.10/dist-packages/zed_interfaces/srv/_set_pose.py'...
Compiling '/home/awadh/zed_ws/install/zed_interfaces/local/lib/python3.10/dist-packages/zed_interfaces/srv/_set_roi.py'...
Compiling '/home/awadh/zed_ws/install/zed_interfaces/local/lib/python3.10/dist-packages/zed_interfaces/srv/_start_svo_rec.py'...
-- Installing: /home/awadh/zed_ws/install/zed_interfaces/lib/libzed_interfaces__rosidl_generator_py.so
-- Set runtime path of "/home/awadh/zed_ws/install/zed_interfaces/lib/libzed_interfaces__rosidl_generator_py.so" to ""
-- Installing: /home/awadh/zed_ws/install/zed_interfaces/share/zed_interfaces/cmake/export_zed_interfaces__rosidl_generator_cExport.cmake
-- Installing: /home/awadh/zed_ws/install/zed_interfaces/share/zed_interfaces/cmake/export_zed_interfaces__rosidl_generator_cExport-release.cmake
-- Installing: /home/awadh/zed_ws/install/zed_interfaces/share/zed_interfaces/cmake/export_zed_interfaces__rosidl_typesupport_fastrtps_cExport.cmake
-- Installing: /home/awadh/zed_ws/install/zed_interfaces/share/zed_interfaces/cmake/export_zed_interfaces__rosidl_typesupport_fastrtps_cExport-release.cmake
-- Installing: /home/awadh/zed_ws/install/zed_interfaces/share/zed_interfaces/cmake/export_zed_interfaces__rosidl_generator_cppExport.cmake
-- Installing: /home/awadh/zed_ws/install/zed_interfaces/share/zed_interfaces/cmake/export_zed_interfaces__rosidl_typesupport_fastrtps_cppExport.cmake
-- Installing: /home/awadh/zed_ws/install/zed_interfaces/share/zed_interfaces/cmake/export_zed_interfaces__rosidl_typesupport_fastrtps_cppExport-release.cmake
-- Installing: /home/awadh/zed_ws/install/zed_interfaces/share/zed_interfaces/cmake/zed_interfaces__rosidl_typesupport_introspection_cExport.cmake
-- Installing: /home/awadh/zed_ws/install/zed_interfaces/share/zed_interfaces/cmake/zed_interfaces__rosidl_typesupport_introspection_cExport-release.cmake
-- Installing: /home/awadh/zed_ws/install/zed_interfaces/share/zed_interfaces/cmake/zed_interfaces__rosidl_typesupport_cExport.cmake
-- Installing: /home/awadh/zed_ws/install/zed_interfaces/share/zed_interfaces/cmake/zed_interfaces__rosidl_typesupport_cExport-release.cmake
-- Installing: /home/awadh/zed_ws/install/zed_interfaces/share/zed_interfaces/cmake/zed_interfaces__rosidl_typesupport_introspection_cppExport.cmake
-- Installing: /home/awadh/zed_ws/install/zed_interfaces/share/zed_interfaces/cmake/zed_interfaces__rosidl_typesupport_introspection_cppExport-release.cmake
-- Installing: /home/awadh/zed_ws/install/zed_interfaces/share/zed_interfaces/cmake/zed_interfaces__rosidl_typesupport_cppExport.cmake
-- Installing: /home/awadh/zed_ws/install/zed_interfaces/share/zed_interfaces/cmake/zed_interfaces__rosidl_typesupport_cppExport-release.cmake
-- Installing: /home/awadh/zed_ws/install/zed_interfaces/share/zed_interfaces/cmake/export_zed_interfaces__rosidl_generator_pyExport.cmake
-- Installing: /home/awadh/zed_ws/install/zed_interfaces/share/zed_interfaces/cmake/export_zed_interfaces__rosidl_generator_pyExport-release.cmake
