[0.022s] Invoking command in '/home/awadh/zed_ws/build/zed_topic_benchmark_interfaces': CMAKE_PREFIX_PATH=/home/awadh/gazebo_ws/install/yolov8_msgs:/home/awadh/gazebo_ws/install/yolobot_recognition:/home/awadh/gazebo_ws/install/yolobot_gazebo:/home/awadh/gazebo_ws/install/yolobot_description:/home/awadh/gazebo_ws/install/yolobot_control:/home/awadh/gazebo_ws/install/my_robot_bringup:/home/awadh/gazebo_ws/install/my_robot_description:/home/awadh/yolobot/install/yolov8_msgs:/home/awadh/yolobot/install/yolobot_recognition:/home/awadh/yolobot/install/yolobot_gazebo:/home/awadh/yolobot/install/yolobot_description:/home/awadh/yolobot/install/yolobot_control:/home/awadh/test2_ws/install/pcl_object_detection:/home/awadh/zed_ws/install/zed_tutorial_video:/home/awadh/zed_ws/install/zed_tutorial_pos_tracking:/home/awadh/zed_ws/install/zed_tutorial_depth:/home/awadh/zed_ws/install/zed_robot_integration:/home/awadh/zed_ws/install/zed_multi_camera:/home/awadh/zed_ws/install/zed_display_rviz2:/home/awadh/ouster_ws/install/ouster_ros:/home/awadh/ouster_ws/install/ouster_sensor_msgs:/home/awadh/ros2_ws/install/my_robot_bringup:/home/awadh/ros2_ws/install/turtlesim_project_cpp:/home/awadh/ros2_ws/install/my_cpp_pkg:/home/awadh/ros2_ws/install/my_robot_interfaces:/home/awadh/gazebo_ws/install/ultralytics_ros2:/home/awadh/ros2_ws/install/turtlesim_catch_them_all:/home/awadh/ros2_ws/install/my_py_pkg:/opt/ros/humble:/home/awadh/sick_tim_ws/install/sick_tim /usr/bin/cmake --build /home/awadh/zed_ws/build/zed_topic_benchmark_interfaces -- -j16 -l16
[0.039s] -- Found ament_cmake_auto: 1.3.9 (/opt/ros/humble/share/ament_cmake_auto/cmake)
[0.140s] -- Override CMake install command with custom implementation using symlinks instead of copying resources
[0.216s] -- Found rosidl_generator_c: 3.1.5 (/opt/ros/humble/share/rosidl_generator_c/cmake)
[0.219s] -- Found rosidl_adapter: 3.1.5 (/opt/ros/humble/share/rosidl_adapter/cmake)
[0.225s] -- Found rosidl_generator_cpp: 3.1.5 (/opt/ros/humble/share/rosidl_generator_cpp/cmake)
[0.233s] -- Using all available rosidl_typesupport_c: rosidl_typesupport_fastrtps_c;rosidl_typesupport_introspection_c
[0.242s] -- Using all available rosidl_typesupport_cpp: rosidl_typesupport_fastrtps_cpp;rosidl_typesupport_introspection_cpp
[0.277s] -- Found ament_lint_auto: 0.12.11 (/opt/ros/humble/share/ament_lint_auto/cmake)
[0.413s] -- Found ament_cmake_ros: 0.10.0 (/opt/ros/humble/share/ament_cmake_ros/cmake)
[0.643s] -- Using all available rosidl_typesupport_c: rosidl_typesupport_fastrtps_c;rosidl_typesupport_introspection_c
[0.735s] -- Using all available rosidl_typesupport_cpp: rosidl_typesupport_fastrtps_cpp;rosidl_typesupport_introspection_cpp
[0.751s] -- Found python_cmake_module: 0.10.0 (/opt/ros/humble/share/python_cmake_module/cmake)
[0.766s] -- Using PYTHON_EXECUTABLE: /usr/bin/python3
[0.766s] -- Using PYTHON_INCLUDE_DIRS: /usr/include/python3.10
[0.766s] -- Using PYTHON_LIBRARIES: /usr/lib/x86_64-linux-gnu/libpython3.10.so
[0.792s] -- Added test 'copyright' to check source files copyright and LICENSE
[0.793s] -- Added test 'lint_cmake' to check CMake code style
[0.793s] -- Added test 'xmllint' to check XML markup files
[0.795s] -- Configuring done
[0.813s] -- Generating done
[0.815s] -- Build files have been written to: /home/awadh/zed_ws/build/zed_topic_benchmark_interfaces
[0.834s] [35m[1mConsolidate compiler generated dependencies of target zed_topic_benchmark_interfaces__rosidl_generator_c[0m
[0.842s] [  3%] Built target zed_topic_benchmark_interfaces__cpp
[0.842s] [ 12%] Built target zed_topic_benchmark_interfaces__rosidl_generator_c
[0.848s] [ 12%] Built target ament_cmake_python_symlink_zed_topic_benchmark_interfaces
[0.849s] [35m[1mConsolidate compiler generated dependencies of target zed_topic_benchmark_interfaces__rosidl_typesupport_introspection_cpp[0m
[0.850s] [35m[1mConsolidate compiler generated dependencies of target zed_topic_benchmark_interfaces__rosidl_typesupport_fastrtps_cpp[0m
[0.850s] [35m[1mConsolidate compiler generated dependencies of target zed_topic_benchmark_interfaces__rosidl_typesupport_cpp[0m
[0.856s] [35m[1mConsolidate compiler generated dependencies of target zed_topic_benchmark_interfaces__rosidl_typesupport_c[0m
[0.856s] [35m[1mConsolidate compiler generated dependencies of target zed_topic_benchmark_interfaces__rosidl_typesupport_introspection_c[0m
[0.857s] [35m[1mConsolidate compiler generated dependencies of target zed_topic_benchmark_interfaces__rosidl_typesupport_fastrtps_c[0m
[0.859s] [ 16%] [32mBuilding CXX object CMakeFiles/zed_topic_benchmark_interfaces__rosidl_typesupport_fastrtps_cpp.dir/rosidl_typesupport_fastrtps_cpp/zed_topic_benchmark_interfaces/msg/detail/dds_fastrtps/benchmark_stats_stamped__type_support.cpp.o[0m
[0.859s] [ 19%] [32mBuilding CXX object CMakeFiles/zed_topic_benchmark_interfaces__rosidl_typesupport_introspection_cpp.dir/rosidl_typesupport_introspection_cpp/zed_topic_benchmark_interfaces/msg/detail/benchmark_stats_stamped__type_support.cpp.o[0m
[0.863s] [ 22%] [32mBuilding CXX object CMakeFiles/zed_topic_benchmark_interfaces__rosidl_typesupport_cpp.dir/rosidl_typesupport_cpp/zed_topic_benchmark_interfaces/msg/benchmark_stats_stamped__type_support.cpp.o[0m
[0.864s] [ 25%] [32mBuilding CXX object CMakeFiles/zed_topic_benchmark_interfaces__rosidl_typesupport_c.dir/rosidl_typesupport_c/zed_topic_benchmark_interfaces/msg/benchmark_stats_stamped__type_support.cpp.o[0m
[0.865s] [ 29%] [32mBuilding C object CMakeFiles/zed_topic_benchmark_interfaces__rosidl_typesupport_introspection_c.dir/rosidl_typesupport_introspection_c/zed_topic_benchmark_interfaces/msg/detail/benchmark_stats_stamped__type_support.c.o[0m
[0.866s] [ 32%] [32mBuilding CXX object CMakeFiles/zed_topic_benchmark_interfaces__rosidl_typesupport_fastrtps_c.dir/rosidl_typesupport_fastrtps_c/zed_topic_benchmark_interfaces/msg/detail/benchmark_stats_stamped__type_support_c.cpp.o[0m
[0.888s] [ 35%] [32m[1mLinking CXX shared library libzed_topic_benchmark_interfaces__rosidl_typesupport_c.so[0m
[0.908s] [ 38%] [32m[1mLinking C shared library libzed_topic_benchmark_interfaces__rosidl_typesupport_introspection_c.so[0m
[0.921s] [ 41%] Built target zed_topic_benchmark_interfaces__rosidl_typesupport_c
[0.940s] [ 45%] Built target zed_topic_benchmark_interfaces__rosidl_typesupport_introspection_c
[1.046s] running egg_info
[1.046s] creating zed_topic_benchmark_interfaces.egg-info
[1.046s] writing zed_topic_benchmark_interfaces.egg-info/PKG-INFO
[1.046s] writing dependency_links to zed_topic_benchmark_interfaces.egg-info/dependency_links.txt
[1.046s] writing top-level names to zed_topic_benchmark_interfaces.egg-info/top_level.txt
[1.046s] writing manifest file 'zed_topic_benchmark_interfaces.egg-info/SOURCES.txt'
[1.048s] reading manifest file 'zed_topic_benchmark_interfaces.egg-info/SOURCES.txt'
[1.048s] [ 48%] [32m[1mLinking CXX shared library libzed_topic_benchmark_interfaces__rosidl_typesupport_cpp.so[0m
[1.048s] writing manifest file 'zed_topic_benchmark_interfaces.egg-info/SOURCES.txt'
[1.070s] [ 48%] Built target ament_cmake_python_build_zed_topic_benchmark_interfaces_egg
[1.080s] [ 51%] Built target zed_topic_benchmark_interfaces__rosidl_typesupport_cpp
[1.106s] [ 54%] [32m[1mLinking CXX shared library libzed_topic_benchmark_interfaces__rosidl_typesupport_fastrtps_c.so[0m
[1.123s] [ 58%] [32m[1mLinking CXX shared library libzed_topic_benchmark_interfaces__rosidl_typesupport_introspection_cpp.so[0m
[1.133s] [ 61%] [32m[1mLinking CXX shared library libzed_topic_benchmark_interfaces__rosidl_typesupport_fastrtps_cpp.so[0m
[1.162s] [ 64%] Built target zed_topic_benchmark_interfaces__rosidl_typesupport_fastrtps_c
[1.169s] [ 67%] Built target zed_topic_benchmark_interfaces__rosidl_typesupport_introspection_cpp
[1.185s] [ 70%] Built target zed_topic_benchmark_interfaces__rosidl_typesupport_fastrtps_cpp
[1.200s] [ 70%] Built target zed_topic_benchmark_interfaces
[1.216s] [ 74%] Built target zed_topic_benchmark_interfaces__py
[1.224s] [35m[1mConsolidate compiler generated dependencies of target zed_topic_benchmark_interfaces__rosidl_generator_py[0m
[1.233s] [ 77%] [32mBuilding C object CMakeFiles/zed_topic_benchmark_interfaces__rosidl_generator_py.dir/rosidl_generator_py/zed_topic_benchmark_interfaces/msg/_benchmark_stats_stamped_s.c.o[0m
[1.335s] [ 80%] [32m[1mLinking C shared library rosidl_generator_py/zed_topic_benchmark_interfaces/libzed_topic_benchmark_interfaces__rosidl_generator_py.so[0m
[1.365s] [ 80%] Built target zed_topic_benchmark_interfaces__rosidl_generator_py
[1.375s] [35m[1mConsolidate compiler generated dependencies of target zed_topic_benchmark_interfaces__rosidl_typesupport_fastrtps_c__pyext[0m
[1.375s] [35m[1mConsolidate compiler generated dependencies of target zed_topic_benchmark_interfaces__rosidl_typesupport_introspection_c__pyext[0m
[1.375s] [35m[1mConsolidate compiler generated dependencies of target zed_topic_benchmark_interfaces__rosidl_typesupport_c__pyext[0m
[1.389s] [ 83%] [32mBuilding C object CMakeFiles/zed_topic_benchmark_interfaces__rosidl_typesupport_introspection_c__pyext.dir/rosidl_generator_py/zed_topic_benchmark_interfaces/_zed_topic_benchmark_interfaces_s.ep.rosidl_typesupport_introspection_c.c.o[0m
[1.389s] [ 87%] [32mBuilding C object CMakeFiles/zed_topic_benchmark_interfaces__rosidl_typesupport_fastrtps_c__pyext.dir/rosidl_generator_py/zed_topic_benchmark_interfaces/_zed_topic_benchmark_interfaces_s.ep.rosidl_typesupport_fastrtps_c.c.o[0m
[1.389s] [ 90%] [32mBuilding C object CMakeFiles/zed_topic_benchmark_interfaces__rosidl_typesupport_c__pyext.dir/rosidl_generator_py/zed_topic_benchmark_interfaces/_zed_topic_benchmark_interfaces_s.ep.rosidl_typesupport_c.c.o[0m
[1.519s] [ 93%] [32m[1mLinking C shared library rosidl_generator_py/zed_topic_benchmark_interfaces/zed_topic_benchmark_interfaces_s__rosidl_typesupport_introspection_c.cpython-310-x86_64-linux-gnu.so[0m
[1.520s] [ 96%] [32m[1mLinking C shared library rosidl_generator_py/zed_topic_benchmark_interfaces/zed_topic_benchmark_interfaces_s__rosidl_typesupport_fastrtps_c.cpython-310-x86_64-linux-gnu.so[0m
[1.534s] [100%] [32m[1mLinking C shared library rosidl_generator_py/zed_topic_benchmark_interfaces/zed_topic_benchmark_interfaces_s__rosidl_typesupport_c.cpython-310-x86_64-linux-gnu.so[0m
[1.595s] [100%] Built target zed_topic_benchmark_interfaces__rosidl_typesupport_fastrtps_c__pyext
[1.603s] [100%] Built target zed_topic_benchmark_interfaces__rosidl_typesupport_c__pyext
[1.605s] [100%] Built target zed_topic_benchmark_interfaces__rosidl_typesupport_introspection_c__pyext
[1.619s] Invoked command in '/home/awadh/zed_ws/build/zed_topic_benchmark_interfaces' returned '0': CMAKE_PREFIX_PATH=/home/awadh/gazebo_ws/install/yolov8_msgs:/home/awadh/gazebo_ws/install/yolobot_recognition:/home/awadh/gazebo_ws/install/yolobot_gazebo:/home/awadh/gazebo_ws/install/yolobot_description:/home/awadh/gazebo_ws/install/yolobot_control:/home/awadh/gazebo_ws/install/my_robot_bringup:/home/awadh/gazebo_ws/install/my_robot_description:/home/awadh/yolobot/install/yolov8_msgs:/home/awadh/yolobot/install/yolobot_recognition:/home/awadh/yolobot/install/yolobot_gazebo:/home/awadh/yolobot/install/yolobot_description:/home/awadh/yolobot/install/yolobot_control:/home/awadh/test2_ws/install/pcl_object_detection:/home/awadh/zed_ws/install/zed_tutorial_video:/home/awadh/zed_ws/install/zed_tutorial_pos_tracking:/home/awadh/zed_ws/install/zed_tutorial_depth:/home/awadh/zed_ws/install/zed_robot_integration:/home/awadh/zed_ws/install/zed_multi_camera:/home/awadh/zed_ws/install/zed_display_rviz2:/home/awadh/ouster_ws/install/ouster_ros:/home/awadh/ouster_ws/install/ouster_sensor_msgs:/home/awadh/ros2_ws/install/my_robot_bringup:/home/awadh/ros2_ws/install/turtlesim_project_cpp:/home/awadh/ros2_ws/install/my_cpp_pkg:/home/awadh/ros2_ws/install/my_robot_interfaces:/home/awadh/gazebo_ws/install/ultralytics_ros2:/home/awadh/ros2_ws/install/turtlesim_catch_them_all:/home/awadh/ros2_ws/install/my_py_pkg:/opt/ros/humble:/home/awadh/sick_tim_ws/install/sick_tim /usr/bin/cmake --build /home/awadh/zed_ws/build/zed_topic_benchmark_interfaces -- -j16 -l16
[1.675s] Invoking command in '/home/awadh/zed_ws/build/zed_topic_benchmark_interfaces': CMAKE_PREFIX_PATH=/home/awadh/gazebo_ws/install/yolov8_msgs:/home/awadh/gazebo_ws/install/yolobot_recognition:/home/awadh/gazebo_ws/install/yolobot_gazebo:/home/awadh/gazebo_ws/install/yolobot_description:/home/awadh/gazebo_ws/install/yolobot_control:/home/awadh/gazebo_ws/install/my_robot_bringup:/home/awadh/gazebo_ws/install/my_robot_description:/home/awadh/yolobot/install/yolov8_msgs:/home/awadh/yolobot/install/yolobot_recognition:/home/awadh/yolobot/install/yolobot_gazebo:/home/awadh/yolobot/install/yolobot_description:/home/awadh/yolobot/install/yolobot_control:/home/awadh/test2_ws/install/pcl_object_detection:/home/awadh/zed_ws/install/zed_tutorial_video:/home/awadh/zed_ws/install/zed_tutorial_pos_tracking:/home/awadh/zed_ws/install/zed_tutorial_depth:/home/awadh/zed_ws/install/zed_robot_integration:/home/awadh/zed_ws/install/zed_multi_camera:/home/awadh/zed_ws/install/zed_display_rviz2:/home/awadh/ouster_ws/install/ouster_ros:/home/awadh/ouster_ws/install/ouster_sensor_msgs:/home/awadh/ros2_ws/install/my_robot_bringup:/home/awadh/ros2_ws/install/turtlesim_project_cpp:/home/awadh/ros2_ws/install/my_cpp_pkg:/home/awadh/ros2_ws/install/my_robot_interfaces:/home/awadh/gazebo_ws/install/ultralytics_ros2:/home/awadh/ros2_ws/install/turtlesim_catch_them_all:/home/awadh/ros2_ws/install/my_py_pkg:/opt/ros/humble:/home/awadh/sick_tim_ws/install/sick_tim /usr/bin/cmake --install /home/awadh/zed_ws/build/zed_topic_benchmark_interfaces
[1.682s] -- Install configuration: "Release"
[1.682s] -- Execute custom install script
[1.682s] -- Symlinking: /home/awadh/zed_ws/install/zed_topic_benchmark_interfaces/share/ament_index/resource_index/rosidl_interfaces/zed_topic_benchmark_interfaces
[1.690s] -- Symlinking: /home/awadh/zed_ws/install/zed_topic_benchmark_interfaces/include/zed_topic_benchmark_interfaces/zed_topic_benchmark_interfaces/msg/benchmark_stats_stamped.h
[1.698s] -- Symlinking: /home/awadh/zed_ws/install/zed_topic_benchmark_interfaces/include/zed_topic_benchmark_interfaces/zed_topic_benchmark_interfaces/msg/detail/benchmark_stats_stamped__functions.h
[1.706s] -- Symlinking: /home/awadh/zed_ws/install/zed_topic_benchmark_interfaces/include/zed_topic_benchmark_interfaces/zed_topic_benchmark_interfaces/msg/detail/benchmark_stats_stamped__struct.h
[1.713s] -- Symlinking: /home/awadh/zed_ws/install/zed_topic_benchmark_interfaces/include/zed_topic_benchmark_interfaces/zed_topic_benchmark_interfaces/msg/detail/benchmark_stats_stamped__type_support.h
[1.720s] -- Symlinking: /home/awadh/zed_ws/install/zed_topic_benchmark_interfaces/include/zed_topic_benchmark_interfaces/zed_topic_benchmark_interfaces/msg/rosidl_generator_c__visibility_control.h
[1.728s] -- Symlinking: /home/awadh/zed_ws/install/zed_topic_benchmark_interfaces/share/zed_topic_benchmark_interfaces/environment/library_path.sh
[1.736s] -- Symlinking: /home/awadh/zed_ws/install/zed_topic_benchmark_interfaces/share/zed_topic_benchmark_interfaces/environment/library_path.dsv
[1.744s] -- Symlinking: /home/awadh/zed_ws/install/zed_topic_benchmark_interfaces/include/zed_topic_benchmark_interfaces/zed_topic_benchmark_interfaces/msg/detail/benchmark_stats_stamped__rosidl_typesupport_fastrtps_c.h
[1.751s] -- Symlinking: /home/awadh/zed_ws/install/zed_topic_benchmark_interfaces/include/zed_topic_benchmark_interfaces/zed_topic_benchmark_interfaces/msg/rosidl_typesupport_fastrtps_c__visibility_control.h
[1.759s] -- Symlinking: /home/awadh/zed_ws/install/zed_topic_benchmark_interfaces/include/zed_topic_benchmark_interfaces/zed_topic_benchmark_interfaces/msg/benchmark_stats_stamped.hpp
[1.766s] -- Symlinking: /home/awadh/zed_ws/install/zed_topic_benchmark_interfaces/include/zed_topic_benchmark_interfaces/zed_topic_benchmark_interfaces/msg/detail/benchmark_stats_stamped__builder.hpp
[1.774s] -- Symlinking: /home/awadh/zed_ws/install/zed_topic_benchmark_interfaces/include/zed_topic_benchmark_interfaces/zed_topic_benchmark_interfaces/msg/detail/benchmark_stats_stamped__struct.hpp
[1.780s] -- Symlinking: /home/awadh/zed_ws/install/zed_topic_benchmark_interfaces/include/zed_topic_benchmark_interfaces/zed_topic_benchmark_interfaces/msg/detail/benchmark_stats_stamped__traits.hpp
[1.788s] -- Symlinking: /home/awadh/zed_ws/install/zed_topic_benchmark_interfaces/include/zed_topic_benchmark_interfaces/zed_topic_benchmark_interfaces/msg/detail/benchmark_stats_stamped__rosidl_typesupport_fastrtps_cpp.hpp
[1.795s] -- Symlinking: /home/awadh/zed_ws/install/zed_topic_benchmark_interfaces/include/zed_topic_benchmark_interfaces/zed_topic_benchmark_interfaces/msg/rosidl_typesupport_fastrtps_cpp__visibility_control.h
[1.803s] -- Symlinking: /home/awadh/zed_ws/install/zed_topic_benchmark_interfaces/include/zed_topic_benchmark_interfaces/zed_topic_benchmark_interfaces/msg/detail/benchmark_stats_stamped__rosidl_typesupport_introspection_c.h
[1.811s] -- Symlinking: /home/awadh/zed_ws/install/zed_topic_benchmark_interfaces/include/zed_topic_benchmark_interfaces/zed_topic_benchmark_interfaces/msg/rosidl_typesupport_introspection_c__visibility_control.h
[1.819s] -- Symlinking: /home/awadh/zed_ws/install/zed_topic_benchmark_interfaces/include/zed_topic_benchmark_interfaces/zed_topic_benchmark_interfaces/msg/detail/benchmark_stats_stamped__rosidl_typesupport_introspection_cpp.hpp
[1.827s] -- Symlinking: /home/awadh/zed_ws/install/zed_topic_benchmark_interfaces/share/zed_topic_benchmark_interfaces/environment/pythonpath.sh
[1.835s] -- Symlinking: /home/awadh/zed_ws/install/zed_topic_benchmark_interfaces/share/zed_topic_benchmark_interfaces/environment/pythonpath.dsv
[1.843s] -- Symlinking: /home/awadh/zed_ws/install/zed_topic_benchmark_interfaces/local/lib/python3.10/dist-packages/zed_topic_benchmark_interfaces-4.0.0-py3.10.egg-info/PKG-INFO
[1.850s] -- Symlinking: /home/awadh/zed_ws/install/zed_topic_benchmark_interfaces/local/lib/python3.10/dist-packages/zed_topic_benchmark_interfaces-4.0.0-py3.10.egg-info/SOURCES.txt
[1.857s] -- Symlinking: /home/awadh/zed_ws/install/zed_topic_benchmark_interfaces/local/lib/python3.10/dist-packages/zed_topic_benchmark_interfaces-4.0.0-py3.10.egg-info/dependency_links.txt
[1.864s] -- Symlinking: /home/awadh/zed_ws/install/zed_topic_benchmark_interfaces/local/lib/python3.10/dist-packages/zed_topic_benchmark_interfaces-4.0.0-py3.10.egg-info/top_level.txt
[1.872s] -- Symlinking: /home/awadh/zed_ws/install/zed_topic_benchmark_interfaces/local/lib/python3.10/dist-packages/zed_topic_benchmark_interfaces/__init__.py
[1.880s] -- Symlinking: /home/awadh/zed_ws/install/zed_topic_benchmark_interfaces/local/lib/python3.10/dist-packages/zed_topic_benchmark_interfaces/_zed_topic_benchmark_interfaces_s.ep.rosidl_typesupport_c.c
[1.887s] -- Symlinking: /home/awadh/zed_ws/install/zed_topic_benchmark_interfaces/local/lib/python3.10/dist-packages/zed_topic_benchmark_interfaces/_zed_topic_benchmark_interfaces_s.ep.rosidl_typesupport_fastrtps_c.c
[1.894s] -- Symlinking: /home/awadh/zed_ws/install/zed_topic_benchmark_interfaces/local/lib/python3.10/dist-packages/zed_topic_benchmark_interfaces/_zed_topic_benchmark_interfaces_s.ep.rosidl_typesupport_introspection_c.c
[1.900s] -- Symlinking: /home/awadh/zed_ws/install/zed_topic_benchmark_interfaces/local/lib/python3.10/dist-packages/zed_topic_benchmark_interfaces/libzed_topic_benchmark_interfaces__rosidl_generator_py.so
[1.907s] -- Symlinking: /home/awadh/zed_ws/install/zed_topic_benchmark_interfaces/local/lib/python3.10/dist-packages/zed_topic_benchmark_interfaces/msg/__init__.py
[1.914s] -- Symlinking: /home/awadh/zed_ws/install/zed_topic_benchmark_interfaces/local/lib/python3.10/dist-packages/zed_topic_benchmark_interfaces/msg/_benchmark_stats_stamped.py
[1.920s] -- Symlinking: /home/awadh/zed_ws/install/zed_topic_benchmark_interfaces/local/lib/python3.10/dist-packages/zed_topic_benchmark_interfaces/msg/_benchmark_stats_stamped_s.c
[1.927s] -- Symlinking: /home/awadh/zed_ws/install/zed_topic_benchmark_interfaces/local/lib/python3.10/dist-packages/zed_topic_benchmark_interfaces/zed_topic_benchmark_interfaces_s__rosidl_typesupport_c.cpython-310-x86_64-linux-gnu.so
[1.934s] -- Symlinking: /home/awadh/zed_ws/install/zed_topic_benchmark_interfaces/local/lib/python3.10/dist-packages/zed_topic_benchmark_interfaces/zed_topic_benchmark_interfaces_s__rosidl_typesupport_fastrtps_c.cpython-310-x86_64-linux-gnu.so
[1.941s] -- Symlinking: /home/awadh/zed_ws/install/zed_topic_benchmark_interfaces/local/lib/python3.10/dist-packages/zed_topic_benchmark_interfaces/zed_topic_benchmark_interfaces_s__rosidl_typesupport_introspection_c.cpython-310-x86_64-linux-gnu.so
[1.948s] -- Up-to-date symlink: /home/awadh/zed_ws/install/zed_topic_benchmark_interfaces/local/lib/python3.10/dist-packages/zed_topic_benchmark_interfaces/zed_topic_benchmark_interfaces_s__rosidl_typesupport_fastrtps_c.cpython-310-x86_64-linux-gnu.so
[1.948s] -- Up-to-date symlink: /home/awadh/zed_ws/install/zed_topic_benchmark_interfaces/local/lib/python3.10/dist-packages/zed_topic_benchmark_interfaces/zed_topic_benchmark_interfaces_s__rosidl_typesupport_introspection_c.cpython-310-x86_64-linux-gnu.so
[1.948s] -- Up-to-date symlink: /home/awadh/zed_ws/install/zed_topic_benchmark_interfaces/local/lib/python3.10/dist-packages/zed_topic_benchmark_interfaces/zed_topic_benchmark_interfaces_s__rosidl_typesupport_c.cpython-310-x86_64-linux-gnu.so
[1.948s] -- Symlinking: /home/awadh/zed_ws/install/zed_topic_benchmark_interfaces/share/zed_topic_benchmark_interfaces/msg/BenchmarkStatsStamped.idl
[1.955s] -- Symlinking: /home/awadh/zed_ws/install/zed_topic_benchmark_interfaces/share/zed_topic_benchmark_interfaces/msg/BenchmarkStatsStamped.msg
[1.962s] -- Symlinking: /home/awadh/zed_ws/install/zed_topic_benchmark_interfaces/share/ament_index/resource_index/package_run_dependencies/zed_topic_benchmark_interfaces
[1.969s] -- Symlinking: /home/awadh/zed_ws/install/zed_topic_benchmark_interfaces/share/ament_index/resource_index/parent_prefix_path/zed_topic_benchmark_interfaces
[1.976s] -- Symlinking: /home/awadh/zed_ws/install/zed_topic_benchmark_interfaces/share/zed_topic_benchmark_interfaces/environment/ament_prefix_path.sh
[1.983s] -- Symlinking: /home/awadh/zed_ws/install/zed_topic_benchmark_interfaces/share/zed_topic_benchmark_interfaces/environment/ament_prefix_path.dsv
[1.990s] -- Symlinking: /home/awadh/zed_ws/install/zed_topic_benchmark_interfaces/share/zed_topic_benchmark_interfaces/environment/path.sh
[1.997s] -- Symlinking: /home/awadh/zed_ws/install/zed_topic_benchmark_interfaces/share/zed_topic_benchmark_interfaces/environment/path.dsv
[2.004s] -- Symlinking: /home/awadh/zed_ws/install/zed_topic_benchmark_interfaces/share/zed_topic_benchmark_interfaces/local_setup.bash
[2.010s] -- Symlinking: /home/awadh/zed_ws/install/zed_topic_benchmark_interfaces/share/zed_topic_benchmark_interfaces/local_setup.sh
[2.018s] -- Symlinking: /home/awadh/zed_ws/install/zed_topic_benchmark_interfaces/share/zed_topic_benchmark_interfaces/local_setup.zsh
[2.025s] -- Symlinking: /home/awadh/zed_ws/install/zed_topic_benchmark_interfaces/share/zed_topic_benchmark_interfaces/local_setup.dsv
[2.033s] -- Symlinking: /home/awadh/zed_ws/install/zed_topic_benchmark_interfaces/share/zed_topic_benchmark_interfaces/package.dsv
[2.040s] -- Symlinking: /home/awadh/zed_ws/install/zed_topic_benchmark_interfaces/share/ament_index/resource_index/packages/zed_topic_benchmark_interfaces
[2.047s] -- Symlinking: /home/awadh/zed_ws/install/zed_topic_benchmark_interfaces/share/zed_topic_benchmark_interfaces/cmake/rosidl_cmake-extras.cmake
[2.055s] -- Symlinking: /home/awadh/zed_ws/install/zed_topic_benchmark_interfaces/share/zed_topic_benchmark_interfaces/cmake/ament_cmake_export_dependencies-extras.cmake
[2.062s] -- Symlinking: /home/awadh/zed_ws/install/zed_topic_benchmark_interfaces/share/zed_topic_benchmark_interfaces/cmake/ament_cmake_export_include_directories-extras.cmake
[2.070s] -- Symlinking: /home/awadh/zed_ws/install/zed_topic_benchmark_interfaces/share/zed_topic_benchmark_interfaces/cmake/ament_cmake_export_libraries-extras.cmake
[2.077s] -- Symlinking: /home/awadh/zed_ws/install/zed_topic_benchmark_interfaces/share/zed_topic_benchmark_interfaces/cmake/ament_cmake_export_targets-extras.cmake
[2.084s] -- Symlinking: /home/awadh/zed_ws/install/zed_topic_benchmark_interfaces/share/zed_topic_benchmark_interfaces/cmake/rosidl_cmake_export_typesupport_targets-extras.cmake
[2.092s] -- Symlinking: /home/awadh/zed_ws/install/zed_topic_benchmark_interfaces/share/zed_topic_benchmark_interfaces/cmake/rosidl_cmake_export_typesupport_libraries-extras.cmake
[2.099s] -- Symlinking: /home/awadh/zed_ws/install/zed_topic_benchmark_interfaces/share/zed_topic_benchmark_interfaces/cmake/zed_topic_benchmark_interfacesConfig.cmake
[2.106s] -- Symlinking: /home/awadh/zed_ws/install/zed_topic_benchmark_interfaces/share/zed_topic_benchmark_interfaces/cmake/zed_topic_benchmark_interfacesConfig-version.cmake
[2.113s] -- Symlinking: /home/awadh/zed_ws/install/zed_topic_benchmark_interfaces/share/zed_topic_benchmark_interfaces/package.xml
[2.120s] -- Installing: /home/awadh/zed_ws/install/zed_topic_benchmark_interfaces/lib/libzed_topic_benchmark_interfaces__rosidl_generator_c.so
[2.120s] -- Set runtime path of "/home/awadh/zed_ws/install/zed_topic_benchmark_interfaces/lib/libzed_topic_benchmark_interfaces__rosidl_generator_c.so" to ""
[2.120s] -- Installing: /home/awadh/zed_ws/install/zed_topic_benchmark_interfaces/lib/libzed_topic_benchmark_interfaces__rosidl_typesupport_fastrtps_c.so
[2.121s] -- Set runtime path of "/home/awadh/zed_ws/install/zed_topic_benchmark_interfaces/lib/libzed_topic_benchmark_interfaces__rosidl_typesupport_fastrtps_c.so" to ""
[2.121s] -- Installing: /home/awadh/zed_ws/install/zed_topic_benchmark_interfaces/lib/libzed_topic_benchmark_interfaces__rosidl_typesupport_fastrtps_cpp.so
[2.121s] -- Set runtime path of "/home/awadh/zed_ws/install/zed_topic_benchmark_interfaces/lib/libzed_topic_benchmark_interfaces__rosidl_typesupport_fastrtps_cpp.so" to ""
[2.121s] -- Installing: /home/awadh/zed_ws/install/zed_topic_benchmark_interfaces/lib/libzed_topic_benchmark_interfaces__rosidl_typesupport_introspection_c.so
[2.121s] -- Set runtime path of "/home/awadh/zed_ws/install/zed_topic_benchmark_interfaces/lib/libzed_topic_benchmark_interfaces__rosidl_typesupport_introspection_c.so" to ""
[2.121s] -- Installing: /home/awadh/zed_ws/install/zed_topic_benchmark_interfaces/lib/libzed_topic_benchmark_interfaces__rosidl_typesupport_c.so
[2.121s] -- Set runtime path of "/home/awadh/zed_ws/install/zed_topic_benchmark_interfaces/lib/libzed_topic_benchmark_interfaces__rosidl_typesupport_c.so" to ""
[2.121s] -- Installing: /home/awadh/zed_ws/install/zed_topic_benchmark_interfaces/lib/libzed_topic_benchmark_interfaces__rosidl_typesupport_introspection_cpp.so
[2.122s] -- Set runtime path of "/home/awadh/zed_ws/install/zed_topic_benchmark_interfaces/lib/libzed_topic_benchmark_interfaces__rosidl_typesupport_introspection_cpp.so" to ""
[2.122s] -- Installing: /home/awadh/zed_ws/install/zed_topic_benchmark_interfaces/lib/libzed_topic_benchmark_interfaces__rosidl_typesupport_cpp.so
[2.122s] -- Set runtime path of "/home/awadh/zed_ws/install/zed_topic_benchmark_interfaces/lib/libzed_topic_benchmark_interfaces__rosidl_typesupport_cpp.so" to ""
[2.148s] Listing '/home/awadh/zed_ws/install/zed_topic_benchmark_interfaces/local/lib/python3.10/dist-packages/zed_topic_benchmark_interfaces'...
[2.148s] Compiling '/home/awadh/zed_ws/install/zed_topic_benchmark_interfaces/local/lib/python3.10/dist-packages/zed_topic_benchmark_interfaces/__init__.py'...
[2.148s] Listing '/home/awadh/zed_ws/install/zed_topic_benchmark_interfaces/local/lib/python3.10/dist-packages/zed_topic_benchmark_interfaces/msg'...
[2.149s] Compiling '/home/awadh/zed_ws/install/zed_topic_benchmark_interfaces/local/lib/python3.10/dist-packages/zed_topic_benchmark_interfaces/msg/__init__.py'...
[2.149s] Compiling '/home/awadh/zed_ws/install/zed_topic_benchmark_interfaces/local/lib/python3.10/dist-packages/zed_topic_benchmark_interfaces/msg/_benchmark_stats_stamped.py'...
[2.152s] -- Installing: /home/awadh/zed_ws/install/zed_topic_benchmark_interfaces/lib/libzed_topic_benchmark_interfaces__rosidl_generator_py.so
[2.152s] -- Set runtime path of "/home/awadh/zed_ws/install/zed_topic_benchmark_interfaces/lib/libzed_topic_benchmark_interfaces__rosidl_generator_py.so" to ""
[2.152s] -- Installing: /home/awadh/zed_ws/install/zed_topic_benchmark_interfaces/share/zed_topic_benchmark_interfaces/cmake/export_zed_topic_benchmark_interfaces__rosidl_generator_cExport.cmake
[2.152s] -- Installing: /home/awadh/zed_ws/install/zed_topic_benchmark_interfaces/share/zed_topic_benchmark_interfaces/cmake/export_zed_topic_benchmark_interfaces__rosidl_generator_cExport-release.cmake
[2.152s] -- Installing: /home/awadh/zed_ws/install/zed_topic_benchmark_interfaces/share/zed_topic_benchmark_interfaces/cmake/export_zed_topic_benchmark_interfaces__rosidl_typesupport_fastrtps_cExport.cmake
[2.152s] -- Installing: /home/awadh/zed_ws/install/zed_topic_benchmark_interfaces/share/zed_topic_benchmark_interfaces/cmake/export_zed_topic_benchmark_interfaces__rosidl_typesupport_fastrtps_cExport-release.cmake
[2.152s] -- Installing: /home/awadh/zed_ws/install/zed_topic_benchmark_interfaces/share/zed_topic_benchmark_interfaces/cmake/export_zed_topic_benchmark_interfaces__rosidl_generator_cppExport.cmake
[2.152s] -- Installing: /home/awadh/zed_ws/install/zed_topic_benchmark_interfaces/share/zed_topic_benchmark_interfaces/cmake/export_zed_topic_benchmark_interfaces__rosidl_typesupport_fastrtps_cppExport.cmake
[2.152s] -- Installing: /home/awadh/zed_ws/install/zed_topic_benchmark_interfaces/share/zed_topic_benchmark_interfaces/cmake/export_zed_topic_benchmark_interfaces__rosidl_typesupport_fastrtps_cppExport-release.cmake
[2.152s] -- Installing: /home/awadh/zed_ws/install/zed_topic_benchmark_interfaces/share/zed_topic_benchmark_interfaces/cmake/zed_topic_benchmark_interfaces__rosidl_typesupport_introspection_cExport.cmake
[2.152s] -- Installing: /home/awadh/zed_ws/install/zed_topic_benchmark_interfaces/share/zed_topic_benchmark_interfaces/cmake/zed_topic_benchmark_interfaces__rosidl_typesupport_introspection_cExport-release.cmake
[2.153s] -- Installing: /home/awadh/zed_ws/install/zed_topic_benchmark_interfaces/share/zed_topic_benchmark_interfaces/cmake/zed_topic_benchmark_interfaces__rosidl_typesupport_cExport.cmake
[2.153s] -- Installing: /home/awadh/zed_ws/install/zed_topic_benchmark_interfaces/share/zed_topic_benchmark_interfaces/cmake/zed_topic_benchmark_interfaces__rosidl_typesupport_cExport-release.cmake
[2.153s] -- Installing: /home/awadh/zed_ws/install/zed_topic_benchmark_interfaces/share/zed_topic_benchmark_interfaces/cmake/zed_topic_benchmark_interfaces__rosidl_typesupport_introspection_cppExport.cmake
[2.153s] -- Installing: /home/awadh/zed_ws/install/zed_topic_benchmark_interfaces/share/zed_topic_benchmark_interfaces/cmake/zed_topic_benchmark_interfaces__rosidl_typesupport_introspection_cppExport-release.cmake
[2.153s] -- Installing: /home/awadh/zed_ws/install/zed_topic_benchmark_interfaces/share/zed_topic_benchmark_interfaces/cmake/zed_topic_benchmark_interfaces__rosidl_typesupport_cppExport.cmake
[2.153s] -- Installing: /home/awadh/zed_ws/install/zed_topic_benchmark_interfaces/share/zed_topic_benchmark_interfaces/cmake/zed_topic_benchmark_interfaces__rosidl_typesupport_cppExport-release.cmake
[2.153s] -- Installing: /home/awadh/zed_ws/install/zed_topic_benchmark_interfaces/share/zed_topic_benchmark_interfaces/cmake/export_zed_topic_benchmark_interfaces__rosidl_generator_pyExport.cmake
[2.153s] -- Installing: /home/awadh/zed_ws/install/zed_topic_benchmark_interfaces/share/zed_topic_benchmark_interfaces/cmake/export_zed_topic_benchmark_interfaces__rosidl_generator_pyExport-release.cmake
[2.156s] Invoked command in '/home/awadh/zed_ws/build/zed_topic_benchmark_interfaces' returned '0': CMAKE_PREFIX_PATH=/home/awadh/gazebo_ws/install/yolov8_msgs:/home/awadh/gazebo_ws/install/yolobot_recognition:/home/awadh/gazebo_ws/install/yolobot_gazebo:/home/awadh/gazebo_ws/install/yolobot_description:/home/awadh/gazebo_ws/install/yolobot_control:/home/awadh/gazebo_ws/install/my_robot_bringup:/home/awadh/gazebo_ws/install/my_robot_description:/home/awadh/yolobot/install/yolov8_msgs:/home/awadh/yolobot/install/yolobot_recognition:/home/awadh/yolobot/install/yolobot_gazebo:/home/awadh/yolobot/install/yolobot_description:/home/awadh/yolobot/install/yolobot_control:/home/awadh/test2_ws/install/pcl_object_detection:/home/awadh/zed_ws/install/zed_tutorial_video:/home/awadh/zed_ws/install/zed_tutorial_pos_tracking:/home/awadh/zed_ws/install/zed_tutorial_depth:/home/awadh/zed_ws/install/zed_robot_integration:/home/awadh/zed_ws/install/zed_multi_camera:/home/awadh/zed_ws/install/zed_display_rviz2:/home/awadh/ouster_ws/install/ouster_ros:/home/awadh/ouster_ws/install/ouster_sensor_msgs:/home/awadh/ros2_ws/install/my_robot_bringup:/home/awadh/ros2_ws/install/turtlesim_project_cpp:/home/awadh/ros2_ws/install/my_cpp_pkg:/home/awadh/ros2_ws/install/my_robot_interfaces:/home/awadh/gazebo_ws/install/ultralytics_ros2:/home/awadh/ros2_ws/install/turtlesim_catch_them_all:/home/awadh/ros2_ws/install/my_py_pkg:/opt/ros/humble:/home/awadh/sick_tim_ws/install/sick_tim /usr/bin/cmake --install /home/awadh/zed_ws/build/zed_topic_benchmark_interfaces
