[0.011s] Invoking command in '/home/awadh/ouster_ws/build/ouster_ros': CMAKE_PREFIX_PATH=/home/awadh/ouster_ws/install/ouster_sensor_msgs:/home/awadh/virtual_ws/install/robot_description:/home/awadh/ouster_ws/install/ouster_ros:/home/awadh/zed_ws/install/zed_ros2:/home/awadh/zed_ws/install/zed_robot_integration:/home/awadh/zed_ws/install/zed_multi_camera:/home/awadh/zed_ws/install/zed_display_rviz2:/home/awadh/zed_ws/install/zed_depth_to_laserscan:/home/awadh/zed_ws/install/zed_wrapper:/home/awadh/zed_ws/install/zed_tutorial_video:/home/awadh/zed_ws/install/zed_tutorial_pos_tracking:/home/awadh/zed_ws/install/zed_tutorial_depth:/home/awadh/zed_ws/install/zed_topic_benchmark:/home/awadh/zed_ws/install/zed_topic_benchmark_component:/home/awadh/zed_ws/install/zed_topic_benchmark_interfaces:/home/awadh/zed_ws/install/zed_rgb_convert:/home/awadh/zed_ws/install/zed_aruco_localization:/home/awadh/zed_ws/install/zed_components:/home/awadh/zed_ws/install/rviz_plugin_zed_od:/home/awadh/zed_ws/install/zed_interfaces:/home/awadh/ros2_ws/install/my_robot_bringup:/home/awadh/ros2_ws/install/turtlesim_project_cpp:/home/awadh/ros2_ws/install/my_cpp_pkg:/home/awadh/ros2_ws/install/my_robot_interfaces:/home/awadh/ros2_ws/install/turtlesim_catch_them_all:/home/awadh/ros2_ws/install/my_py_pkg:/opt/ros/humble:/home/awadh/sick_tim_ws/install/sick_tim LD_LIBRARY_PATH=/home/awadh/ouster_ws/install/ouster_sensor_msgs/lib:/home/awadh/ouster_ws/install/ouster_ros/lib:/home/awadh/zed_ws/install/zed_topic_benchmark_component/lib:/home/awadh/zed_ws/install/zed_topic_benchmark_interfaces/lib:/home/awadh/zed_ws/install/zed_rgb_convert/lib:/home/awadh/zed_ws/install/zed_aruco_localization/lib:/home/awadh/zed_ws/install/zed_components/lib:/home/awadh/zed_ws/install/rviz_plugin_zed_od/lib:/home/awadh/zed_ws/install/zed_interfaces/lib:/home/awadh/ros2_ws/install/my_robot_interfaces/lib:/home/awadh/sick_tim_ws/install/sick_tim/lib:/usr/lib/x86_64-linux-gnu/gazebo-11/plugins:/opt/ros/humble/opt/rviz_ogre_vendor/lib:/opt/ros/humble/lib/x86_64-linux-gnu:/opt/ros/humble/lib:/usr/share/gazebo/../../lib/x86_64-linux-gnu/gazebo-11/plugins:/usr/share/gazebo/../../lib/x86_64-linux-gnu/gazebo-11/plugins:/usr/share/gazebo/../../lib/x86_64-linux-gnu/gazebo-11/plugins:/usr/share/gazebo/../../lib/x86_64-linux-gnu/gazebo-11/plugins:/usr/share/gazebo/../../lib/x86_64-linux-gnu/gazebo-11/plugins:/usr/share/gazebo/../../lib/x86_64-linux-gnu/gazebo-11/plugins /usr/bin/cmake /home/awadh/ouster_ws/src/ouster-ros/ouster-ros -DCMAKE_INSTALL_PREFIX=/home/awadh/ouster_ws/install/ouster_ros
[0.026s] -- Found ament_cmake: 1.3.8 (/opt/ros/humble/share/ament_cmake/cmake)
[0.110s] -- Override CMake install command with custom implementation using symlinks instead of copying resources
[0.115s] -- Found rclcpp: 16.0.8 (/opt/ros/humble/share/rclcpp/cmake)
[0.135s] -- Found rosidl_generator_c: 3.1.5 (/opt/ros/humble/share/rosidl_generator_c/cmake)
[0.136s] -- Found rosidl_adapter: 3.1.5 (/opt/ros/humble/share/rosidl_adapter/cmake)
[0.140s] -- Found rosidl_generator_cpp: 3.1.5 (/opt/ros/humble/share/rosidl_generator_cpp/cmake)
[0.147s] -- Using all available rosidl_typesupport_c: rosidl_typesupport_fastrtps_c;rosidl_typesupport_introspection_c
[0.156s] -- Using all available rosidl_typesupport_cpp: rosidl_typesupport_fastrtps_cpp;rosidl_typesupport_introspection_cpp
[0.198s] -- Found rmw_implementation_cmake: 6.1.1 (/opt/ros/humble/share/rmw_implementation_cmake/cmake)
[0.200s] -- Found rmw_fastrtps_cpp: 6.2.6 (/opt/ros/humble/share/rmw_fastrtps_cpp/cmake)
[0.284s] -- Using RMW implementation 'rmw_fastrtps_cpp' as default
[0.386s] -- Found rclcpp_components: 16.0.8 (/opt/ros/humble/share/rclcpp_components/cmake)
[0.425s] -- Found rclcpp_lifecycle: 16.0.8 (/opt/ros/humble/share/rclcpp_lifecycle/cmake)
[0.451s] -- Found sensor_msgs: 4.2.3 (/opt/ros/humble/share/sensor_msgs/cmake)
[0.531s] -- Found ouster_sensor_msgs: 0.12.2 (/home/awadh/ouster_ws/install/ouster_sensor_msgs/share/ouster_sensor_msgs/cmake)
[0.558s] -- Found std_srvs: 4.2.3 (/opt/ros/humble/share/std_srvs/cmake)
[0.570s] -- Found rosidl_default_generators: 1.2.0 (/opt/ros/humble/share/rosidl_default_generators/cmake)
[0.585s] -- Eigen found (include: /usr/include/eigen3, version: 3.4.0)
[0.594s] -- looking for PCL_COMMON
[0.595s] -- Found pcl_conversions: 2.4.0 (/opt/ros/humble/share/pcl_conversions/cmake)
[0.676s] -- Found tf2_eigen: 0.25.6 (/opt/ros/humble/share/tf2_eigen/cmake)
[0.946s] -- Found ament_cmake_gtest: 1.3.8 (/opt/ros/humble/share/ament_cmake_gtest/cmake)
[0.946s] -- Found gtest sources under '/opt/ros/humble/src/gtest_vendor': C++ tests using 'Google Test' will be built
[0.996s] -- Configuring done
[1.059s] -- Generating done
[1.061s] -- Build files have been written to: /home/awadh/ouster_ws/build/ouster_ros
[1.071s] Invoked command in '/home/awadh/ouster_ws/build/ouster_ros' returned '0': CMAKE_PREFIX_PATH=/home/awadh/ouster_ws/install/ouster_sensor_msgs:/home/awadh/virtual_ws/install/robot_description:/home/awadh/ouster_ws/install/ouster_ros:/home/awadh/zed_ws/install/zed_ros2:/home/awadh/zed_ws/install/zed_robot_integration:/home/awadh/zed_ws/install/zed_multi_camera:/home/awadh/zed_ws/install/zed_display_rviz2:/home/awadh/zed_ws/install/zed_depth_to_laserscan:/home/awadh/zed_ws/install/zed_wrapper:/home/awadh/zed_ws/install/zed_tutorial_video:/home/awadh/zed_ws/install/zed_tutorial_pos_tracking:/home/awadh/zed_ws/install/zed_tutorial_depth:/home/awadh/zed_ws/install/zed_topic_benchmark:/home/awadh/zed_ws/install/zed_topic_benchmark_component:/home/awadh/zed_ws/install/zed_topic_benchmark_interfaces:/home/awadh/zed_ws/install/zed_rgb_convert:/home/awadh/zed_ws/install/zed_aruco_localization:/home/awadh/zed_ws/install/zed_components:/home/awadh/zed_ws/install/rviz_plugin_zed_od:/home/awadh/zed_ws/install/zed_interfaces:/home/awadh/ros2_ws/install/my_robot_bringup:/home/awadh/ros2_ws/install/turtlesim_project_cpp:/home/awadh/ros2_ws/install/my_cpp_pkg:/home/awadh/ros2_ws/install/my_robot_interfaces:/home/awadh/ros2_ws/install/turtlesim_catch_them_all:/home/awadh/ros2_ws/install/my_py_pkg:/opt/ros/humble:/home/awadh/sick_tim_ws/install/sick_tim LD_LIBRARY_PATH=/home/awadh/ouster_ws/install/ouster_sensor_msgs/lib:/home/awadh/ouster_ws/install/ouster_ros/lib:/home/awadh/zed_ws/install/zed_topic_benchmark_component/lib:/home/awadh/zed_ws/install/zed_topic_benchmark_interfaces/lib:/home/awadh/zed_ws/install/zed_rgb_convert/lib:/home/awadh/zed_ws/install/zed_aruco_localization/lib:/home/awadh/zed_ws/install/zed_components/lib:/home/awadh/zed_ws/install/rviz_plugin_zed_od/lib:/home/awadh/zed_ws/install/zed_interfaces/lib:/home/awadh/ros2_ws/install/my_robot_interfaces/lib:/home/awadh/sick_tim_ws/install/sick_tim/lib:/usr/lib/x86_64-linux-gnu/gazebo-11/plugins:/opt/ros/humble/opt/rviz_ogre_vendor/lib:/opt/ros/humble/lib/x86_64-linux-gnu:/opt/ros/humble/lib:/usr/share/gazebo/../../lib/x86_64-linux-gnu/gazebo-11/plugins:/usr/share/gazebo/../../lib/x86_64-linux-gnu/gazebo-11/plugins:/usr/share/gazebo/../../lib/x86_64-linux-gnu/gazebo-11/plugins:/usr/share/gazebo/../../lib/x86_64-linux-gnu/gazebo-11/plugins:/usr/share/gazebo/../../lib/x86_64-linux-gnu/gazebo-11/plugins:/usr/share/gazebo/../../lib/x86_64-linux-gnu/gazebo-11/plugins /usr/bin/cmake /home/awadh/ouster_ws/src/ouster-ros/ouster-ros -DCMAKE_INSTALL_PREFIX=/home/awadh/ouster_ws/install/ouster_ros
[1.072s] Invoking command in '/home/awadh/ouster_ws/build/ouster_ros': CMAKE_PREFIX_PATH=/home/awadh/ouster_ws/install/ouster_sensor_msgs:/home/awadh/virtual_ws/install/robot_description:/home/awadh/ouster_ws/install/ouster_ros:/home/awadh/zed_ws/install/zed_ros2:/home/awadh/zed_ws/install/zed_robot_integration:/home/awadh/zed_ws/install/zed_multi_camera:/home/awadh/zed_ws/install/zed_display_rviz2:/home/awadh/zed_ws/install/zed_depth_to_laserscan:/home/awadh/zed_ws/install/zed_wrapper:/home/awadh/zed_ws/install/zed_tutorial_video:/home/awadh/zed_ws/install/zed_tutorial_pos_tracking:/home/awadh/zed_ws/install/zed_tutorial_depth:/home/awadh/zed_ws/install/zed_topic_benchmark:/home/awadh/zed_ws/install/zed_topic_benchmark_component:/home/awadh/zed_ws/install/zed_topic_benchmark_interfaces:/home/awadh/zed_ws/install/zed_rgb_convert:/home/awadh/zed_ws/install/zed_aruco_localization:/home/awadh/zed_ws/install/zed_components:/home/awadh/zed_ws/install/rviz_plugin_zed_od:/home/awadh/zed_ws/install/zed_interfaces:/home/awadh/ros2_ws/install/my_robot_bringup:/home/awadh/ros2_ws/install/turtlesim_project_cpp:/home/awadh/ros2_ws/install/my_cpp_pkg:/home/awadh/ros2_ws/install/my_robot_interfaces:/home/awadh/ros2_ws/install/turtlesim_catch_them_all:/home/awadh/ros2_ws/install/my_py_pkg:/opt/ros/humble:/home/awadh/sick_tim_ws/install/sick_tim LD_LIBRARY_PATH=/home/awadh/ouster_ws/install/ouster_sensor_msgs/lib:/home/awadh/ouster_ws/install/ouster_ros/lib:/home/awadh/zed_ws/install/zed_topic_benchmark_component/lib:/home/awadh/zed_ws/install/zed_topic_benchmark_interfaces/lib:/home/awadh/zed_ws/install/zed_rgb_convert/lib:/home/awadh/zed_ws/install/zed_aruco_localization/lib:/home/awadh/zed_ws/install/zed_components/lib:/home/awadh/zed_ws/install/rviz_plugin_zed_od/lib:/home/awadh/zed_ws/install/zed_interfaces/lib:/home/awadh/ros2_ws/install/my_robot_interfaces/lib:/home/awadh/sick_tim_ws/install/sick_tim/lib:/usr/lib/x86_64-linux-gnu/gazebo-11/plugins:/opt/ros/humble/opt/rviz_ogre_vendor/lib:/opt/ros/humble/lib/x86_64-linux-gnu:/opt/ros/humble/lib:/usr/share/gazebo/../../lib/x86_64-linux-gnu/gazebo-11/plugins:/usr/share/gazebo/../../lib/x86_64-linux-gnu/gazebo-11/plugins:/usr/share/gazebo/../../lib/x86_64-linux-gnu/gazebo-11/plugins:/usr/share/gazebo/../../lib/x86_64-linux-gnu/gazebo-11/plugins:/usr/share/gazebo/../../lib/x86_64-linux-gnu/gazebo-11/plugins:/usr/share/gazebo/../../lib/x86_64-linux-gnu/gazebo-11/plugins /usr/bin/cmake --build /home/awadh/ouster_ws/build/ouster_ros -- -j16 -l16
[1.106s] [35m[1mConsolidate compiler generated dependencies of target os_replay[0m
[1.106s] [35m[1mConsolidate compiler generated dependencies of target os_sensor[0m
[1.106s] [35m[1mConsolidate compiler generated dependencies of target os_cloud[0m
[1.106s] [35m[1mConsolidate compiler generated dependencies of target gtest_main[0m
[1.106s] [35m[1mConsolidate compiler generated dependencies of target os_image[0m
[1.106s] [35m[1mConsolidate compiler generated dependencies of target gtest[0m
[1.107s] [35m[1mConsolidate compiler generated dependencies of target os_driver[0m
[1.113s] [34m[1mGenerating build info header[0m
[1.117s] [  7%] Built target gtest_main
[1.117s] [  7%] Built target gtest
[1.118s] [ 13%] Built target os_sensor
[1.118s] [ 15%] Built target os_cloud
[1.118s] [ 18%] Built target os_replay
[1.118s] [ 22%] Built target os_image
[1.119s] [ 26%] Built target os_driver
[1.136s] [ 26%] Built target ouster_generate_header
[1.148s] [35m[1mConsolidate compiler generated dependencies of target ouster_client[0m
[1.167s] [ 54%] Built target ouster_client
[1.180s] [35m[1mConsolidate compiler generated dependencies of target ouster_ros_library[0m
[1.199s] [ 58%] Built target ouster_ros_library
[1.211s] [35m[1mConsolidate compiler generated dependencies of target os_replay_component[0m
[1.211s] [35m[1mConsolidate compiler generated dependencies of target os_sensor_component[0m
[1.211s] [35m[1mConsolidate compiler generated dependencies of target os_cloud_component[0m
[1.211s] [35m[1mConsolidate compiler generated dependencies of target os_image_component[0m
[1.212s] [35m[1mConsolidate compiler generated dependencies of target os_driver_component[0m
[1.214s] [35m[1mConsolidate compiler generated dependencies of target ouster_ros_test[0m
[1.228s] [ 64%] Built target os_replay_component
[1.230s] [ 69%] Built target os_sensor_component
[1.231s] [ 79%] Built target os_cloud_component
[1.231s] [ 81%] Built target os_image_component
[1.235s] [ 88%] Built target os_driver_component
[1.241s] [100%] Built target ouster_ros_test
[1.249s] Invoked command in '/home/awadh/ouster_ws/build/ouster_ros' returned '0': CMAKE_PREFIX_PATH=/home/awadh/ouster_ws/install/ouster_sensor_msgs:/home/awadh/virtual_ws/install/robot_description:/home/awadh/ouster_ws/install/ouster_ros:/home/awadh/zed_ws/install/zed_ros2:/home/awadh/zed_ws/install/zed_robot_integration:/home/awadh/zed_ws/install/zed_multi_camera:/home/awadh/zed_ws/install/zed_display_rviz2:/home/awadh/zed_ws/install/zed_depth_to_laserscan:/home/awadh/zed_ws/install/zed_wrapper:/home/awadh/zed_ws/install/zed_tutorial_video:/home/awadh/zed_ws/install/zed_tutorial_pos_tracking:/home/awadh/zed_ws/install/zed_tutorial_depth:/home/awadh/zed_ws/install/zed_topic_benchmark:/home/awadh/zed_ws/install/zed_topic_benchmark_component:/home/awadh/zed_ws/install/zed_topic_benchmark_interfaces:/home/awadh/zed_ws/install/zed_rgb_convert:/home/awadh/zed_ws/install/zed_aruco_localization:/home/awadh/zed_ws/install/zed_components:/home/awadh/zed_ws/install/rviz_plugin_zed_od:/home/awadh/zed_ws/install/zed_interfaces:/home/awadh/ros2_ws/install/my_robot_bringup:/home/awadh/ros2_ws/install/turtlesim_project_cpp:/home/awadh/ros2_ws/install/my_cpp_pkg:/home/awadh/ros2_ws/install/my_robot_interfaces:/home/awadh/ros2_ws/install/turtlesim_catch_them_all:/home/awadh/ros2_ws/install/my_py_pkg:/opt/ros/humble:/home/awadh/sick_tim_ws/install/sick_tim LD_LIBRARY_PATH=/home/awadh/ouster_ws/install/ouster_sensor_msgs/lib:/home/awadh/ouster_ws/install/ouster_ros/lib:/home/awadh/zed_ws/install/zed_topic_benchmark_component/lib:/home/awadh/zed_ws/install/zed_topic_benchmark_interfaces/lib:/home/awadh/zed_ws/install/zed_rgb_convert/lib:/home/awadh/zed_ws/install/zed_aruco_localization/lib:/home/awadh/zed_ws/install/zed_components/lib:/home/awadh/zed_ws/install/rviz_plugin_zed_od/lib:/home/awadh/zed_ws/install/zed_interfaces/lib:/home/awadh/ros2_ws/install/my_robot_interfaces/lib:/home/awadh/sick_tim_ws/install/sick_tim/lib:/usr/lib/x86_64-linux-gnu/gazebo-11/plugins:/opt/ros/humble/opt/rviz_ogre_vendor/lib:/opt/ros/humble/lib/x86_64-linux-gnu:/opt/ros/humble/lib:/usr/share/gazebo/../../lib/x86_64-linux-gnu/gazebo-11/plugins:/usr/share/gazebo/../../lib/x86_64-linux-gnu/gazebo-11/plugins:/usr/share/gazebo/../../lib/x86_64-linux-gnu/gazebo-11/plugins:/usr/share/gazebo/../../lib/x86_64-linux-gnu/gazebo-11/plugins:/usr/share/gazebo/../../lib/x86_64-linux-gnu/gazebo-11/plugins:/usr/share/gazebo/../../lib/x86_64-linux-gnu/gazebo-11/plugins /usr/bin/cmake --build /home/awadh/ouster_ws/build/ouster_ros -- -j16 -l16
[1.404s] Invoking command in '/home/awadh/ouster_ws/build/ouster_ros': CMAKE_PREFIX_PATH=/home/awadh/ouster_ws/install/ouster_sensor_msgs:/home/awadh/virtual_ws/install/robot_description:/home/awadh/ouster_ws/install/ouster_ros:/home/awadh/zed_ws/install/zed_ros2:/home/awadh/zed_ws/install/zed_robot_integration:/home/awadh/zed_ws/install/zed_multi_camera:/home/awadh/zed_ws/install/zed_display_rviz2:/home/awadh/zed_ws/install/zed_depth_to_laserscan:/home/awadh/zed_ws/install/zed_wrapper:/home/awadh/zed_ws/install/zed_tutorial_video:/home/awadh/zed_ws/install/zed_tutorial_pos_tracking:/home/awadh/zed_ws/install/zed_tutorial_depth:/home/awadh/zed_ws/install/zed_topic_benchmark:/home/awadh/zed_ws/install/zed_topic_benchmark_component:/home/awadh/zed_ws/install/zed_topic_benchmark_interfaces:/home/awadh/zed_ws/install/zed_rgb_convert:/home/awadh/zed_ws/install/zed_aruco_localization:/home/awadh/zed_ws/install/zed_components:/home/awadh/zed_ws/install/rviz_plugin_zed_od:/home/awadh/zed_ws/install/zed_interfaces:/home/awadh/ros2_ws/install/my_robot_bringup:/home/awadh/ros2_ws/install/turtlesim_project_cpp:/home/awadh/ros2_ws/install/my_cpp_pkg:/home/awadh/ros2_ws/install/my_robot_interfaces:/home/awadh/ros2_ws/install/turtlesim_catch_them_all:/home/awadh/ros2_ws/install/my_py_pkg:/opt/ros/humble:/home/awadh/sick_tim_ws/install/sick_tim LD_LIBRARY_PATH=/home/awadh/ouster_ws/install/ouster_sensor_msgs/lib:/home/awadh/ouster_ws/install/ouster_ros/lib:/home/awadh/zed_ws/install/zed_topic_benchmark_component/lib:/home/awadh/zed_ws/install/zed_topic_benchmark_interfaces/lib:/home/awadh/zed_ws/install/zed_rgb_convert/lib:/home/awadh/zed_ws/install/zed_aruco_localization/lib:/home/awadh/zed_ws/install/zed_components/lib:/home/awadh/zed_ws/install/rviz_plugin_zed_od/lib:/home/awadh/zed_ws/install/zed_interfaces/lib:/home/awadh/ros2_ws/install/my_robot_interfaces/lib:/home/awadh/sick_tim_ws/install/sick_tim/lib:/usr/lib/x86_64-linux-gnu/gazebo-11/plugins:/opt/ros/humble/opt/rviz_ogre_vendor/lib:/opt/ros/humble/lib/x86_64-linux-gnu:/opt/ros/humble/lib:/usr/share/gazebo/../../lib/x86_64-linux-gnu/gazebo-11/plugins:/usr/share/gazebo/../../lib/x86_64-linux-gnu/gazebo-11/plugins:/usr/share/gazebo/../../lib/x86_64-linux-gnu/gazebo-11/plugins:/usr/share/gazebo/../../lib/x86_64-linux-gnu/gazebo-11/plugins:/usr/share/gazebo/../../lib/x86_64-linux-gnu/gazebo-11/plugins:/usr/share/gazebo/../../lib/x86_64-linux-gnu/gazebo-11/plugins /usr/bin/cmake --install /home/awadh/ouster_ws/build/ouster_ros
[1.414s] -- Install configuration: "Release"
[1.415s] -- Execute custom install script
[1.415s] -- Up-to-date symlink: /home/awadh/ouster_ws/install/ouster_ros/include/ouster/impl/build.h
[1.416s] -- Up-to-date symlink: /home/awadh/ouster_ws/install/ouster_ros/include/ouster/buffered_udp_source.h
[1.416s] -- Up-to-date symlink: /home/awadh/ouster_ws/install/ouster_ros/include/ouster/client.h
[1.416s] -- Up-to-date symlink: /home/awadh/ouster_ws/install/ouster_ros/include/ouster/defaults.h
[1.416s] -- Up-to-date symlink: /home/awadh/ouster_ws/install/ouster_ros/include/ouster/image_processing.h
[1.416s] -- Up-to-date symlink: /home/awadh/ouster_ws/install/ouster_ros/include/ouster/impl/cartesian.h
[1.416s] -- Up-to-date symlink: /home/awadh/ouster_ws/install/ouster_ros/include/ouster/impl/lidar_scan_impl.h
[1.416s] -- Up-to-date symlink: /home/awadh/ouster_ws/install/ouster_ros/include/ouster/impl/packet_writer.h
[1.416s] -- Up-to-date symlink: /home/awadh/ouster_ws/install/ouster_ros/include/ouster/impl/profile_extension.h
[1.416s] -- Up-to-date symlink: /home/awadh/ouster_ws/install/ouster_ros/include/ouster/lidar_scan.h
[1.416s] -- Up-to-date symlink: /home/awadh/ouster_ws/install/ouster_ros/include/ouster/sensor_http.h
[1.416s] -- Up-to-date symlink: /home/awadh/ouster_ws/install/ouster_ros/include/ouster/types.h
[1.416s] -- Up-to-date symlink: /home/awadh/ouster_ws/install/ouster_ros/include/ouster/util.h
[1.417s] -- Up-to-date symlink: /home/awadh/ouster_ws/install/ouster_ros/include/ouster/version.h
[1.417s] -- Up-to-date symlink: /home/awadh/ouster_ws/install/ouster_ros/include/optional-lite/nonstd/optional.hpp
[1.417s] -- Up-to-date symlink: /home/awadh/ouster_ws/install/ouster_ros/lib/cmake/OusterSDK/OusterSDKConfig.cmake
[1.417s] -- Up-to-date symlink: /home/awadh/ouster_ws/install/ouster_ros/lib/cmake/OusterSDK/OusterSDKConfigVersion.cmake
[1.417s] -- Up-to-date symlink: /home/awadh/ouster_ws/install/ouster_ros/share/LICENSE
[1.417s] -- Up-to-date symlink: /home/awadh/ouster_ws/install/ouster_ros/share/LICENSE-bin
[1.417s] -- Up-to-date symlink: /home/awadh/ouster_ws/install/ouster_ros/lib/ouster_ros/os_sensor
[1.417s] -- Up-to-date symlink: /home/awadh/ouster_ws/install/ouster_ros/lib/ouster_ros/os_replay
[1.417s] -- Up-to-date symlink: /home/awadh/ouster_ws/install/ouster_ros/lib/ouster_ros/os_cloud
[1.417s] -- Up-to-date symlink: /home/awadh/ouster_ws/install/ouster_ros/lib/ouster_ros/os_image
[1.418s] -- Up-to-date symlink: /home/awadh/ouster_ws/install/ouster_ros/lib/ouster_ros/os_driver
[1.418s] -- Up-to-date symlink: /home/awadh/ouster_ws/install/ouster_ros/lib/libouster_ros_library.so
[1.418s] -- Up-to-date symlink: /home/awadh/ouster_ws/install/ouster_ros/lib/libos_sensor_component.so
[1.418s] -- Up-to-date symlink: /home/awadh/ouster_ws/install/ouster_ros/lib/libos_replay_component.so
[1.418s] -- Up-to-date symlink: /home/awadh/ouster_ws/install/ouster_ros/lib/libos_cloud_component.so
[1.418s] -- Up-to-date symlink: /home/awadh/ouster_ws/install/ouster_ros/lib/libos_image_component.so
[1.418s] -- Up-to-date symlink: /home/awadh/ouster_ws/install/ouster_ros/lib/libos_driver_component.so
[1.418s] -- Up-to-date symlink: /home/awadh/ouster_ws/install/ouster_ros/include/ouster_ros/include/ouster_ros/common_point_types.h
[1.418s] -- Up-to-date symlink: /home/awadh/ouster_ws/install/ouster_ros/include/ouster_ros/include/ouster_ros/os_point.h
[1.418s] -- Up-to-date symlink: /home/awadh/ouster_ws/install/ouster_ros/include/ouster_ros/include/ouster_ros/os_processing_node_base.h
[1.418s] -- Up-to-date symlink: /home/awadh/ouster_ws/install/ouster_ros/include/ouster_ros/include/ouster_ros/os_ros.h
[1.419s] -- Up-to-date symlink: /home/awadh/ouster_ws/install/ouster_ros/include/ouster_ros/include/ouster_ros/os_sensor_node_base.h
[1.419s] -- Up-to-date symlink: /home/awadh/ouster_ws/install/ouster_ros/include/ouster_ros/include/ouster_ros/sensor_point_types.h
[1.419s] -- Up-to-date symlink: /home/awadh/ouster_ws/install/ouster_ros/include/ouster_ros/include/ouster_ros/visibility_control.h
[1.419s] -- Up-to-date symlink: /home/awadh/ouster_ws/install/ouster_ros/include/ouster_ros/include/optional-lite/nonstd/optional.hpp
[1.419s] -- Up-to-date symlink: /home/awadh/ouster_ws/install/ouster_ros/include/ouster_ros/include/ouster/buffered_udp_source.h
[1.419s] -- Up-to-date symlink: /home/awadh/ouster_ws/install/ouster_ros/include/ouster_ros/include/ouster/client.h
[1.419s] -- Up-to-date symlink: /home/awadh/ouster_ws/install/ouster_ros/include/ouster_ros/include/ouster/defaults.h
[1.419s] -- Up-to-date symlink: /home/awadh/ouster_ws/install/ouster_ros/include/ouster_ros/include/ouster/image_processing.h
[1.419s] -- Up-to-date symlink: /home/awadh/ouster_ws/install/ouster_ros/include/ouster_ros/include/ouster/impl/cartesian.h
[1.419s] -- Up-to-date symlink: /home/awadh/ouster_ws/install/ouster_ros/include/ouster_ros/include/ouster/impl/lidar_scan_impl.h
[1.419s] -- Up-to-date symlink: /home/awadh/ouster_ws/install/ouster_ros/include/ouster_ros/include/ouster/impl/packet_writer.h
[1.419s] -- Up-to-date symlink: /home/awadh/ouster_ws/install/ouster_ros/include/ouster_ros/include/ouster/impl/profile_extension.h
[1.419s] -- Up-to-date symlink: /home/awadh/ouster_ws/install/ouster_ros/include/ouster_ros/include/ouster/lidar_scan.h
[1.419s] -- Up-to-date symlink: /home/awadh/ouster_ws/install/ouster_ros/include/ouster_ros/include/ouster/sensor_http.h
[1.419s] -- Up-to-date symlink: /home/awadh/ouster_ws/install/ouster_ros/include/ouster_ros/include/ouster/types.h
[1.419s] -- Up-to-date symlink: /home/awadh/ouster_ws/install/ouster_ros/include/ouster_ros/include/ouster/util.h
[1.419s] -- Up-to-date symlink: /home/awadh/ouster_ws/install/ouster_ros/include/ouster_ros/include/ouster/version.h
[1.420s] -- Up-to-date symlink: /home/awadh/ouster_ws/install/ouster_ros/include/ouster_ros/optional-lite/nonstd/optional.hpp
[1.420s] -- Up-to-date symlink: /home/awadh/ouster_ws/install/ouster_ros/share/ouster_ros/LICENSE
[1.420s] -- Up-to-date symlink: /home/awadh/ouster_ws/install/ouster_ros/share/ouster_ros/launch/driver.launch.py
[1.420s] -- Up-to-date symlink: /home/awadh/ouster_ws/install/ouster_ros/share/ouster_ros/launch/driver_launch.py
[1.420s] -- Up-to-date symlink: /home/awadh/ouster_ws/install/ouster_ros/share/ouster_ros/launch/record.composite.launch.xml
[1.420s] -- Up-to-date symlink: /home/awadh/ouster_ws/install/ouster_ros/share/ouster_ros/launch/record.launch.xml
[1.420s] -- Up-to-date symlink: /home/awadh/ouster_ws/install/ouster_ros/share/ouster_ros/launch/replay.composite.launch.xml
[1.420s] -- Up-to-date symlink: /home/awadh/ouster_ws/install/ouster_ros/share/ouster_ros/launch/replay.launch.xml
[1.420s] -- Up-to-date symlink: /home/awadh/ouster_ws/install/ouster_ros/share/ouster_ros/launch/rviz.launch.py
[1.420s] -- Up-to-date symlink: /home/awadh/ouster_ws/install/ouster_ros/share/ouster_ros/launch/rviz.launch.xml
[1.420s] -- Up-to-date symlink: /home/awadh/ouster_ws/install/ouster_ros/share/ouster_ros/launch/sensor.composite.launch.py
[1.420s] -- Up-to-date symlink: /home/awadh/ouster_ws/install/ouster_ros/share/ouster_ros/launch/sensor.composite.launch.xml
[1.420s] -- Up-to-date symlink: /home/awadh/ouster_ws/install/ouster_ros/share/ouster_ros/launch/sensor.independent.launch.py
[1.420s] -- Up-to-date symlink: /home/awadh/ouster_ws/install/ouster_ros/share/ouster_ros/launch/sensor.independent.launch.xml
[1.420s] -- Up-to-date symlink: /home/awadh/ouster_ws/install/ouster_ros/share/ouster_ros/launch/sensor.launch.xml
[1.421s] -- Up-to-date symlink: /home/awadh/ouster_ws/install/ouster_ros/share/ouster_ros/launch/sensor_mtp.launch.xml
[1.421s] -- Up-to-date symlink: /home/awadh/ouster_ws/install/ouster_ros/share/ouster_ros/config/community_driver.rviz
[1.421s] -- Up-to-date symlink: /home/awadh/ouster_ws/install/ouster_ros/share/ouster_ros/config/community_driver_config.yaml
[1.421s] -- Up-to-date symlink: /home/awadh/ouster_ws/install/ouster_ros/share/ouster_ros/config/driver_params.yaml
[1.421s] -- Up-to-date symlink: /home/awadh/ouster_ws/install/ouster_ros/share/ouster_ros/config/metadata-qos-override.yaml
[1.421s] -- Up-to-date symlink: /home/awadh/ouster_ws/install/ouster_ros/share/ouster_ros/config/os_sensor_cloud_image_params.yaml
[1.421s] -- Up-to-date symlink: /home/awadh/ouster_ws/install/ouster_ros/share/ouster_ros/config/viz-reliable.rviz
[1.421s] -- Up-to-date symlink: /home/awadh/ouster_ws/install/ouster_ros/share/ouster_ros/config/viz.rviz
[1.421s] -- Up-to-date symlink: /home/awadh/ouster_ws/install/ouster_ros/share/ouster_ros/environment/library_path.sh
[1.421s] -- Up-to-date symlink: /home/awadh/ouster_ws/install/ouster_ros/share/ouster_ros/environment/library_path.dsv
[1.421s] -- Up-to-date symlink: /home/awadh/ouster_ws/install/ouster_ros/share/ament_index/resource_index/package_run_dependencies/ouster_ros
[1.421s] -- Up-to-date symlink: /home/awadh/ouster_ws/install/ouster_ros/share/ament_index/resource_index/parent_prefix_path/ouster_ros
[1.421s] -- Up-to-date symlink: /home/awadh/ouster_ws/install/ouster_ros/share/ouster_ros/environment/ament_prefix_path.sh
[1.421s] -- Up-to-date symlink: /home/awadh/ouster_ws/install/ouster_ros/share/ouster_ros/environment/ament_prefix_path.dsv
[1.421s] -- Up-to-date symlink: /home/awadh/ouster_ws/install/ouster_ros/share/ouster_ros/environment/path.sh
[1.421s] -- Up-to-date symlink: /home/awadh/ouster_ws/install/ouster_ros/share/ouster_ros/environment/path.dsv
[1.422s] -- Up-to-date symlink: /home/awadh/ouster_ws/install/ouster_ros/share/ouster_ros/local_setup.bash
[1.422s] -- Up-to-date symlink: /home/awadh/ouster_ws/install/ouster_ros/share/ouster_ros/local_setup.sh
[1.422s] -- Up-to-date symlink: /home/awadh/ouster_ws/install/ouster_ros/share/ouster_ros/local_setup.zsh
[1.422s] -- Up-to-date symlink: /home/awadh/ouster_ws/install/ouster_ros/share/ouster_ros/local_setup.dsv
[1.422s] -- Symlinking: /home/awadh/ouster_ws/install/ouster_ros/share/ouster_ros/package.dsv
[1.428s] -- Up-to-date symlink: /home/awadh/ouster_ws/install/ouster_ros/share/ament_index/resource_index/packages/ouster_ros
[1.428s] -- Up-to-date symlink: /home/awadh/ouster_ws/install/ouster_ros/share/ament_index/resource_index/rclcpp_components/ouster_ros
[1.428s] -- Up-to-date symlink: /home/awadh/ouster_ws/install/ouster_ros/share/ouster_ros/cmake/ament_cmake_export_include_directories-extras.cmake
[1.428s] -- Up-to-date symlink: /home/awadh/ouster_ws/install/ouster_ros/share/ouster_ros/cmake/ament_cmake_export_dependencies-extras.cmake
[1.428s] -- Up-to-date symlink: /home/awadh/ouster_ws/install/ouster_ros/share/ouster_ros/cmake/ament_cmake_export_libraries-extras.cmake
[1.428s] -- Up-to-date symlink: /home/awadh/ouster_ws/install/ouster_ros/share/ouster_ros/cmake/ouster_rosConfig.cmake
[1.428s] -- Up-to-date symlink: /home/awadh/ouster_ws/install/ouster_ros/share/ouster_ros/cmake/ouster_rosConfig-version.cmake
[1.428s] -- Up-to-date symlink: /home/awadh/ouster_ws/install/ouster_ros/share/ouster_ros/package.xml
[1.430s] Invoked command in '/home/awadh/ouster_ws/build/ouster_ros' returned '0': CMAKE_PREFIX_PATH=/home/awadh/ouster_ws/install/ouster_sensor_msgs:/home/awadh/virtual_ws/install/robot_description:/home/awadh/ouster_ws/install/ouster_ros:/home/awadh/zed_ws/install/zed_ros2:/home/awadh/zed_ws/install/zed_robot_integration:/home/awadh/zed_ws/install/zed_multi_camera:/home/awadh/zed_ws/install/zed_display_rviz2:/home/awadh/zed_ws/install/zed_depth_to_laserscan:/home/awadh/zed_ws/install/zed_wrapper:/home/awadh/zed_ws/install/zed_tutorial_video:/home/awadh/zed_ws/install/zed_tutorial_pos_tracking:/home/awadh/zed_ws/install/zed_tutorial_depth:/home/awadh/zed_ws/install/zed_topic_benchmark:/home/awadh/zed_ws/install/zed_topic_benchmark_component:/home/awadh/zed_ws/install/zed_topic_benchmark_interfaces:/home/awadh/zed_ws/install/zed_rgb_convert:/home/awadh/zed_ws/install/zed_aruco_localization:/home/awadh/zed_ws/install/zed_components:/home/awadh/zed_ws/install/rviz_plugin_zed_od:/home/awadh/zed_ws/install/zed_interfaces:/home/awadh/ros2_ws/install/my_robot_bringup:/home/awadh/ros2_ws/install/turtlesim_project_cpp:/home/awadh/ros2_ws/install/my_cpp_pkg:/home/awadh/ros2_ws/install/my_robot_interfaces:/home/awadh/ros2_ws/install/turtlesim_catch_them_all:/home/awadh/ros2_ws/install/my_py_pkg:/opt/ros/humble:/home/awadh/sick_tim_ws/install/sick_tim LD_LIBRARY_PATH=/home/awadh/ouster_ws/install/ouster_sensor_msgs/lib:/home/awadh/ouster_ws/install/ouster_ros/lib:/home/awadh/zed_ws/install/zed_topic_benchmark_component/lib:/home/awadh/zed_ws/install/zed_topic_benchmark_interfaces/lib:/home/awadh/zed_ws/install/zed_rgb_convert/lib:/home/awadh/zed_ws/install/zed_aruco_localization/lib:/home/awadh/zed_ws/install/zed_components/lib:/home/awadh/zed_ws/install/rviz_plugin_zed_od/lib:/home/awadh/zed_ws/install/zed_interfaces/lib:/home/awadh/ros2_ws/install/my_robot_interfaces/lib:/home/awadh/sick_tim_ws/install/sick_tim/lib:/usr/lib/x86_64-linux-gnu/gazebo-11/plugins:/opt/ros/humble/opt/rviz_ogre_vendor/lib:/opt/ros/humble/lib/x86_64-linux-gnu:/opt/ros/humble/lib:/usr/share/gazebo/../../lib/x86_64-linux-gnu/gazebo-11/plugins:/usr/share/gazebo/../../lib/x86_64-linux-gnu/gazebo-11/plugins:/usr/share/gazebo/../../lib/x86_64-linux-gnu/gazebo-11/plugins:/usr/share/gazebo/../../lib/x86_64-linux-gnu/gazebo-11/plugins:/usr/share/gazebo/../../lib/x86_64-linux-gnu/gazebo-11/plugins:/usr/share/gazebo/../../lib/x86_64-linux-gnu/gazebo-11/plugins /usr/bin/cmake --install /home/awadh/ouster_ws/build/ouster_ros
