[0.029s] Invoking command in '/home/awadh/zed_ws/build/zed_interfaces': CMAKE_PREFIX_PATH=/home/awadh/gazebo_ws/install/yolov8_msgs:/home/awadh/gazebo_ws/install/yolobot_recognition:/home/awadh/gazebo_ws/install/yolobot_gazebo:/home/awadh/gazebo_ws/install/yolobot_description:/home/awadh/gazebo_ws/install/yolobot_control:/home/awadh/gazebo_ws/install/my_robot_bringup:/home/awadh/gazebo_ws/install/my_robot_description:/home/awadh/yolobot/install/yolov8_msgs:/home/awadh/yolobot/install/yolobot_recognition:/home/awadh/yolobot/install/yolobot_gazebo:/home/awadh/yolobot/install/yolobot_description:/home/awadh/yolobot/install/yolobot_control:/home/awadh/test2_ws/install/pcl_object_detection:/home/awadh/zed_ws/install/zed_ros2:/home/awadh/zed_ws/install/zed_robot_integration:/home/awadh/zed_ws/install/zed_multi_camera:/home/awadh/zed_ws/install/zed_display_rviz2:/home/awadh/zed_ws/install/zed_depth_to_laserscan:/home/awadh/zed_ws/install/zed_wrapper:/home/awadh/zed_ws/install/zed_tutorial_video:/home/awadh/zed_ws/install/zed_tutorial_pos_tracking:/home/awadh/zed_ws/install/zed_tutorial_depth:/home/awadh/zed_ws/install/zed_topic_benchmark:/home/awadh/zed_ws/install/zed_topic_benchmark_component:/home/awadh/zed_ws/install/zed_topic_benchmark_interfaces:/home/awadh/zed_ws/install/zed_rgb_convert:/home/awadh/zed_ws/install/zed_aruco_localization:/home/awadh/zed_ws/install/zed_components:/home/awadh/zed_ws/install/rviz_plugin_zed_od:/home/awadh/zed_ws/install/zed_interfaces:/home/awadh/ouster_ws/install/ouster_ros:/home/awadh/ouster_ws/install/ouster_sensor_msgs:/home/awadh/ros2_ws/install/my_robot_bringup:/home/awadh/ros2_ws/install/turtlesim_project_cpp:/home/awadh/ros2_ws/install/my_cpp_pkg:/home/awadh/ros2_ws/install/my_robot_interfaces:/home/awadh/gazebo_ws/install/ultralytics_ros2:/home/awadh/depth_ws/install/depth_estimation:/home/awadh/ros2_ws/install/turtlesim_catch_them_all:/home/awadh/ros2_ws/install/my_py_pkg:/opt/ros/humble:/home/awadh/sick_tim_ws/install/sick_tim /usr/bin/cmake --build /home/awadh/zed_ws/build/zed_interfaces -- -j16 -l16
[0.092s] [  0%] Built target zed_interfaces__cpp
[0.098s] [  0%] Built target ament_cmake_python_symlink_zed_interfaces
[0.101s] [ 12%] Built target zed_interfaces__rosidl_generator_c
[0.130s] [ 13%] [32mBuilding CXX object CMakeFiles/zed_interfaces__rosidl_typesupport_cpp.dir/rosidl_typesupport_cpp/zed_interfaces/msg/bounding_box2_df__type_support.cpp.o[0m
[0.131s] [ 13%] [32mBuilding CXX object CMakeFiles/zed_interfaces__rosidl_typesupport_cpp.dir/rosidl_typesupport_cpp/zed_interfaces/msg/object__type_support.cpp.o[0m
[0.131s] [ 14%] [32mBuilding CXX object CMakeFiles/zed_interfaces__rosidl_typesupport_cpp.dir/rosidl_typesupport_cpp/zed_interfaces/msg/skeleton2_d__type_support.cpp.o[0m
[0.131s] [ 15%] [32mBuilding CXX object CMakeFiles/zed_interfaces__rosidl_typesupport_cpp.dir/rosidl_typesupport_cpp/zed_interfaces/msg/keypoint2_di__type_support.cpp.o[0m
[0.133s] [ 16%] [32mBuilding CXX object CMakeFiles/zed_interfaces__rosidl_typesupport_fastrtps_cpp.dir/rosidl_typesupport_fastrtps_cpp/zed_interfaces/msg/detail/dds_fastrtps/object__type_support.cpp.o[0m
[0.134s] [ 17%] [32mBuilding CXX object CMakeFiles/zed_interfaces__rosidl_typesupport_introspection_cpp.dir/rosidl_typesupport_introspection_cpp/zed_interfaces/msg/detail/object__type_support.cpp.o[0m
[0.134s] [ 17%] [32mBuilding CXX object CMakeFiles/zed_interfaces__rosidl_typesupport_cpp.dir/rosidl_typesupport_cpp/zed_interfaces/msg/keypoint2_df__type_support.cpp.o[0m
[0.135s] [ 17%] [32mBuilding CXX object CMakeFiles/zed_interfaces__rosidl_typesupport_cpp.dir/rosidl_typesupport_cpp/zed_interfaces/msg/bounding_box3_d__type_support.cpp.o[0m
[0.137s] [ 17%] [32mBuilding CXX object CMakeFiles/zed_interfaces__rosidl_typesupport_fastrtps_cpp.dir/rosidl_typesupport_fastrtps_cpp/zed_interfaces/msg/detail/dds_fastrtps/objects_stamped__type_support.cpp.o[0m
[0.137s] [ 18%] [32mBuilding CXX object CMakeFiles/zed_interfaces__rosidl_typesupport_cpp.dir/rosidl_typesupport_cpp/zed_interfaces/msg/objects_stamped__type_support.cpp.o[0m
[0.141s] [ 19%] [32mBuilding CXX object CMakeFiles/zed_interfaces__rosidl_typesupport_cpp.dir/rosidl_typesupport_cpp/zed_interfaces/msg/keypoint3_d__type_support.cpp.o[0m
[0.144s] [ 19%] [32mBuilding CXX object CMakeFiles/zed_interfaces__rosidl_typesupport_cpp.dir/rosidl_typesupport_cpp/zed_interfaces/msg/bounding_box2_di__type_support.cpp.o[0m
[0.156s] [ 19%] [32mBuilding CXX object CMakeFiles/zed_interfaces__rosidl_typesupport_fastrtps_c.dir/rosidl_typesupport_fastrtps_c/zed_interfaces/msg/detail/object__type_support_c.cpp.o[0m
[0.157s] [ 31%] Built target zed_interfaces__rosidl_typesupport_c
[0.157s] [ 43%] Built target zed_interfaces__rosidl_typesupport_introspection_c
[0.169s] [ 43%] [32mBuilding CXX object CMakeFiles/zed_interfaces__rosidl_typesupport_introspection_cpp.dir/rosidl_typesupport_introspection_cpp/zed_interfaces/msg/detail/objects_stamped__type_support.cpp.o[0m
[0.219s] [ 44%] [32mBuilding CXX object CMakeFiles/zed_interfaces__rosidl_typesupport_introspection_cpp.dir/rosidl_typesupport_introspection_cpp/zed_interfaces/msg/detail/keypoint2_di__type_support.cpp.o[0m
[0.593s] [ 45%] [32mBuilding CXX object CMakeFiles/zed_interfaces__rosidl_typesupport_fastrtps_c.dir/rosidl_typesupport_fastrtps_c/zed_interfaces/msg/detail/objects_stamped__type_support_c.cpp.o[0m
[0.596s] running egg_info
[0.597s] writing zed_interfaces.egg-info/PKG-INFO
[0.597s] writing dependency_links to zed_interfaces.egg-info/dependency_links.txt
[0.597s] writing top-level names to zed_interfaces.egg-info/top_level.txt
[0.604s] reading manifest file 'zed_interfaces.egg-info/SOURCES.txt'
[0.606s] writing manifest file 'zed_interfaces.egg-info/SOURCES.txt'
[0.610s] [ 46%] [32mBuilding CXX object CMakeFiles/zed_interfaces__rosidl_typesupport_fastrtps_c.dir/rosidl_typesupport_fastrtps_c/zed_interfaces/msg/detail/keypoint2_di__type_support_c.cpp.o[0m
[0.626s] [ 46%] [32mBuilding CXX object CMakeFiles/zed_interfaces__rosidl_typesupport_introspection_cpp.dir/rosidl_typesupport_introspection_cpp/zed_interfaces/msg/detail/keypoint2_df__type_support.cpp.o[0m
[0.627s] [ 46%] [32mBuilding CXX object CMakeFiles/zed_interfaces__rosidl_typesupport_fastrtps_c.dir/rosidl_typesupport_fastrtps_c/zed_interfaces/msg/detail/keypoint2_df__type_support_c.cpp.o[0m
[0.652s] [ 47%] [32mBuilding CXX object CMakeFiles/zed_interfaces__rosidl_typesupport_fastrtps_cpp.dir/rosidl_typesupport_fastrtps_cpp/zed_interfaces/msg/detail/dds_fastrtps/keypoint2_di__type_support.cpp.o[0m
[0.654s] [ 48%] [32mBuilding CXX object CMakeFiles/zed_interfaces__rosidl_typesupport_introspection_cpp.dir/rosidl_typesupport_introspection_cpp/zed_interfaces/msg/detail/keypoint3_d__type_support.cpp.o[0m
[0.675s] [ 48%] [32mBuilding CXX object CMakeFiles/zed_interfaces__rosidl_typesupport_fastrtps_cpp.dir/rosidl_typesupport_fastrtps_cpp/zed_interfaces/msg/detail/dds_fastrtps/keypoint2_df__type_support.cpp.o[0m
[0.677s] [ 48%] Built target ament_cmake_python_build_zed_interfaces_egg
[0.714s] [ 49%] [32mBuilding CXX object CMakeFiles/zed_interfaces__rosidl_typesupport_introspection_cpp.dir/rosidl_typesupport_introspection_cpp/zed_interfaces/msg/detail/bounding_box2_di__type_support.cpp.o[0m
[0.739s] [ 50%] [32mBuilding CXX object CMakeFiles/zed_interfaces__rosidl_typesupport_fastrtps_cpp.dir/rosidl_typesupport_fastrtps_cpp/zed_interfaces/msg/detail/dds_fastrtps/keypoint3_d__type_support.cpp.o[0m
[0.847s] [ 51%] [32mBuilding CXX object CMakeFiles/zed_interfaces__rosidl_typesupport_cpp.dir/rosidl_typesupport_cpp/zed_interfaces/msg/skeleton3_d__type_support.cpp.o[0m
[0.884s] [ 52%] [32mBuilding CXX object CMakeFiles/zed_interfaces__rosidl_typesupport_fastrtps_c.dir/rosidl_typesupport_fastrtps_c/zed_interfaces/msg/detail/keypoint3_d__type_support_c.cpp.o[0m
[0.906s] [ 52%] [32mBuilding CXX object CMakeFiles/zed_interfaces__rosidl_typesupport_cpp.dir/rosidl_typesupport_cpp/zed_interfaces/msg/depth_info_stamped__type_support.cpp.o[0m
[0.963s] [ 52%] [32mBuilding CXX object CMakeFiles/zed_interfaces__rosidl_typesupport_fastrtps_cpp.dir/rosidl_typesupport_fastrtps_cpp/zed_interfaces/msg/detail/dds_fastrtps/bounding_box2_di__type_support.cpp.o[0m
[0.971s] [ 53%] [32mBuilding CXX object CMakeFiles/zed_interfaces__rosidl_typesupport_fastrtps_cpp.dir/rosidl_typesupport_fastrtps_cpp/zed_interfaces/msg/detail/dds_fastrtps/bounding_box2_df__type_support.cpp.o[0m
[1.046s] [ 54%] [32mBuilding CXX object CMakeFiles/zed_interfaces__rosidl_typesupport_cpp.dir/rosidl_typesupport_cpp/zed_interfaces/msg/plane_stamped__type_support.cpp.o[0m
[1.131s] [ 55%] [32mBuilding CXX object CMakeFiles/zed_interfaces__rosidl_typesupport_fastrtps_cpp.dir/rosidl_typesupport_fastrtps_cpp/zed_interfaces/msg/detail/dds_fastrtps/bounding_box3_d__type_support.cpp.o[0m
[1.156s] [ 55%] [32mBuilding CXX object CMakeFiles/zed_interfaces__rosidl_typesupport_cpp.dir/rosidl_typesupport_cpp/zed_interfaces/msg/pos_track_status__type_support.cpp.o[0m
[1.180s] [ 55%] [32mBuilding CXX object CMakeFiles/zed_interfaces__rosidl_typesupport_introspection_cpp.dir/rosidl_typesupport_introspection_cpp/zed_interfaces/msg/detail/bounding_box2_df__type_support.cpp.o[0m
[1.180s] [ 56%] [32mBuilding CXX object CMakeFiles/zed_interfaces__rosidl_typesupport_introspection_cpp.dir/rosidl_typesupport_introspection_cpp/zed_interfaces/msg/detail/bounding_box3_d__type_support.cpp.o[0m
[1.207s] [ 56%] [32mBuilding CXX object CMakeFiles/zed_interfaces__rosidl_typesupport_introspection_cpp.dir/rosidl_typesupport_introspection_cpp/zed_interfaces/msg/detail/skeleton2_d__type_support.cpp.o[0m
[1.211s] [ 56%] [32mBuilding CXX object CMakeFiles/zed_interfaces__rosidl_typesupport_fastrtps_c.dir/rosidl_typesupport_fastrtps_c/zed_interfaces/msg/detail/bounding_box2_di__type_support_c.cpp.o[0m
[1.290s] [ 57%] [32mBuilding CXX object CMakeFiles/zed_interfaces__rosidl_typesupport_introspection_cpp.dir/rosidl_typesupport_introspection_cpp/zed_interfaces/msg/detail/skeleton3_d__type_support.cpp.o[0m
[1.303s] [ 57%] [32mBuilding CXX object CMakeFiles/zed_interfaces__rosidl_typesupport_fastrtps_cpp.dir/rosidl_typesupport_fastrtps_cpp/zed_interfaces/msg/detail/dds_fastrtps/skeleton2_d__type_support.cpp.o[0m
[1.316s] [ 58%] [32mBuilding CXX object CMakeFiles/zed_interfaces__rosidl_typesupport_fastrtps_cpp.dir/rosidl_typesupport_fastrtps_cpp/zed_interfaces/msg/detail/dds_fastrtps/skeleton3_d__type_support.cpp.o[0m
[1.338s] [ 58%] [32mBuilding CXX object CMakeFiles/zed_interfaces__rosidl_typesupport_fastrtps_cpp.dir/rosidl_typesupport_fastrtps_cpp/zed_interfaces/msg/detail/dds_fastrtps/depth_info_stamped__type_support.cpp.o[0m
[1.349s] [ 59%] [32mBuilding CXX object CMakeFiles/zed_interfaces__rosidl_typesupport_cpp.dir/rosidl_typesupport_cpp/zed_interfaces/msg/gnss_fusion_status__type_support.cpp.o[0m
[1.371s] [ 60%] [32mBuilding CXX object CMakeFiles/zed_interfaces__rosidl_typesupport_fastrtps_cpp.dir/rosidl_typesupport_fastrtps_cpp/zed_interfaces/msg/detail/dds_fastrtps/plane_stamped__type_support.cpp.o[0m
[1.463s] [ 60%] [32mBuilding CXX object CMakeFiles/zed_interfaces__rosidl_typesupport_introspection_cpp.dir/rosidl_typesupport_introspection_cpp/zed_interfaces/msg/detail/depth_info_stamped__type_support.cpp.o[0m
[1.515s] [ 61%] [32mBuilding CXX object CMakeFiles/zed_interfaces__rosidl_typesupport_fastrtps_c.dir/rosidl_typesupport_fastrtps_c/zed_interfaces/msg/detail/bounding_box2_df__type_support_c.cpp.o[0m
[1.602s] [ 61%] [32mBuilding CXX object CMakeFiles/zed_interfaces__rosidl_typesupport_cpp.dir/rosidl_typesupport_cpp/zed_interfaces/msg/heartbeat__type_support.cpp.o[0m
[1.606s] [ 62%] [32mBuilding CXX object CMakeFiles/zed_interfaces__rosidl_typesupport_introspection_cpp.dir/rosidl_typesupport_introspection_cpp/zed_interfaces/msg/detail/plane_stamped__type_support.cpp.o[0m
[1.658s] [ 62%] [32mBuilding CXX object CMakeFiles/zed_interfaces__rosidl_typesupport_fastrtps_c.dir/rosidl_typesupport_fastrtps_c/zed_interfaces/msg/detail/bounding_box3_d__type_support_c.cpp.o[0m
[1.735s] [ 63%] [32mBuilding CXX object CMakeFiles/zed_interfaces__rosidl_typesupport_fastrtps_c.dir/rosidl_typesupport_fastrtps_c/zed_interfaces/msg/detail/skeleton2_d__type_support_c.cpp.o[0m
[1.795s] [ 64%] [32mBuilding CXX object CMakeFiles/zed_interfaces__rosidl_typesupport_introspection_cpp.dir/rosidl_typesupport_introspection_cpp/zed_interfaces/msg/detail/pos_track_status__type_support.cpp.o[0m
[1.795s] [ 64%] [32mBuilding CXX object CMakeFiles/zed_interfaces__rosidl_typesupport_fastrtps_cpp.dir/rosidl_typesupport_fastrtps_cpp/zed_interfaces/msg/detail/dds_fastrtps/pos_track_status__type_support.cpp.o[0m
[1.806s] [ 64%] [32mBuilding CXX object CMakeFiles/zed_interfaces__rosidl_typesupport_introspection_cpp.dir/rosidl_typesupport_introspection_cpp/zed_interfaces/msg/detail/gnss_fusion_status__type_support.cpp.o[0m
[1.857s] [ 65%] [32mBuilding CXX object CMakeFiles/zed_interfaces__rosidl_typesupport_fastrtps_cpp.dir/rosidl_typesupport_fastrtps_cpp/zed_interfaces/msg/detail/dds_fastrtps/heartbeat__type_support.cpp.o[0m
[1.874s] [ 66%] [32mBuilding CXX object CMakeFiles/zed_interfaces__rosidl_typesupport_fastrtps_c.dir/rosidl_typesupport_fastrtps_c/zed_interfaces/msg/detail/skeleton3_d__type_support_c.cpp.o[0m
[1.879s] [ 67%] [32mBuilding CXX object CMakeFiles/zed_interfaces__rosidl_typesupport_fastrtps_cpp.dir/rosidl_typesupport_fastrtps_cpp/zed_interfaces/msg/detail/dds_fastrtps/gnss_fusion_status__type_support.cpp.o[0m
[1.912s] [ 67%] [32mBuilding CXX object CMakeFiles/zed_interfaces__rosidl_typesupport_fastrtps_cpp.dir/rosidl_typesupport_fastrtps_cpp/zed_interfaces/msg/detail/dds_fastrtps/mag_heading_status__type_support.cpp.o[0m
[1.975s] [ 68%] [32mBuilding CXX object CMakeFiles/zed_interfaces__rosidl_typesupport_fastrtps_cpp.dir/rosidl_typesupport_fastrtps_cpp/zed_interfaces/srv/detail/dds_fastrtps/set_pose__type_support.cpp.o[0m
[2.030s] [ 69%] [32mBuilding CXX object CMakeFiles/zed_interfaces__rosidl_typesupport_cpp.dir/rosidl_typesupport_cpp/zed_interfaces/msg/mag_heading_status__type_support.cpp.o[0m
[2.043s] [ 70%] [32mBuilding CXX object CMakeFiles/zed_interfaces__rosidl_typesupport_introspection_cpp.dir/rosidl_typesupport_introspection_cpp/zed_interfaces/msg/detail/heartbeat__type_support.cpp.o[0m
[2.054s] [ 70%] [32mBuilding CXX object CMakeFiles/zed_interfaces__rosidl_typesupport_fastrtps_cpp.dir/rosidl_typesupport_fastrtps_cpp/zed_interfaces/srv/detail/dds_fastrtps/start_svo_rec__type_support.cpp.o[0m
[2.067s] [ 71%] [32mBuilding CXX object CMakeFiles/zed_interfaces__rosidl_typesupport_cpp.dir/rosidl_typesupport_cpp/zed_interfaces/srv/set_pose__type_support.cpp.o[0m
[2.115s] [ 71%] [32mBuilding CXX object CMakeFiles/zed_interfaces__rosidl_typesupport_fastrtps_c.dir/rosidl_typesupport_fastrtps_c/zed_interfaces/msg/detail/depth_info_stamped__type_support_c.cpp.o[0m
[2.230s] [ 72%] [32mBuilding CXX object CMakeFiles/zed_interfaces__rosidl_typesupport_fastrtps_cpp.dir/rosidl_typesupport_fastrtps_cpp/zed_interfaces/srv/detail/dds_fastrtps/set_roi__type_support.cpp.o[0m
[2.305s] [ 72%] [32mBuilding CXX object CMakeFiles/zed_interfaces__rosidl_typesupport_introspection_cpp.dir/rosidl_typesupport_introspection_cpp/zed_interfaces/msg/detail/mag_heading_status__type_support.cpp.o[0m
[2.313s] [ 73%] [32mBuilding CXX object CMakeFiles/zed_interfaces__rosidl_typesupport_introspection_cpp.dir/rosidl_typesupport_introspection_cpp/zed_interfaces/srv/detail/set_pose__type_support.cpp.o[0m
[2.358s] [ 74%] [32mBuilding CXX object CMakeFiles/zed_interfaces__rosidl_typesupport_fastrtps_c.dir/rosidl_typesupport_fastrtps_c/zed_interfaces/msg/detail/plane_stamped__type_support_c.cpp.o[0m
[2.388s] [ 75%] [32mBuilding CXX object CMakeFiles/zed_interfaces__rosidl_typesupport_introspection_cpp.dir/rosidl_typesupport_introspection_cpp/zed_interfaces/srv/detail/set_roi__type_support.cpp.o[0m
[2.398s] [ 75%] [32mBuilding CXX object CMakeFiles/zed_interfaces__rosidl_typesupport_introspection_cpp.dir/rosidl_typesupport_introspection_cpp/zed_interfaces/srv/detail/start_svo_rec__type_support.cpp.o[0m
[2.532s] [ 75%] [32mBuilding CXX object CMakeFiles/zed_interfaces__rosidl_typesupport_cpp.dir/rosidl_typesupport_cpp/zed_interfaces/srv/start_svo_rec__type_support.cpp.o[0m
[2.532s] [ 75%] [32mBuilding CXX object CMakeFiles/zed_interfaces__rosidl_typesupport_fastrtps_c.dir/rosidl_typesupport_fastrtps_c/zed_interfaces/msg/detail/pos_track_status__type_support_c.cpp.o[0m
[2.581s] [ 76%] [32mBuilding CXX object CMakeFiles/zed_interfaces__rosidl_typesupport_cpp.dir/rosidl_typesupport_cpp/zed_interfaces/srv/set_roi__type_support.cpp.o[0m
[2.590s] [ 77%] [32mBuilding CXX object CMakeFiles/zed_interfaces__rosidl_typesupport_fastrtps_c.dir/rosidl_typesupport_fastrtps_c/zed_interfaces/msg/detail/gnss_fusion_status__type_support_c.cpp.o[0m
[2.608s] [ 77%] [32mBuilding CXX object CMakeFiles/zed_interfaces__rosidl_typesupport_fastrtps_c.dir/rosidl_typesupport_fastrtps_c/zed_interfaces/msg/detail/heartbeat__type_support_c.cpp.o[0m
[2.622s] [ 78%] [32mBuilding CXX object CMakeFiles/zed_interfaces__rosidl_typesupport_fastrtps_c.dir/rosidl_typesupport_fastrtps_c/zed_interfaces/msg/detail/mag_heading_status__type_support_c.cpp.o[0m
[2.676s] [ 78%] [32mBuilding CXX object CMakeFiles/zed_interfaces__rosidl_typesupport_fastrtps_c.dir/rosidl_typesupport_fastrtps_c/zed_interfaces/srv/detail/start_svo_rec__type_support_c.cpp.o[0m
[2.699s] [ 79%] [32mBuilding CXX object CMakeFiles/zed_interfaces__rosidl_typesupport_fastrtps_c.dir/rosidl_typesupport_fastrtps_c/zed_interfaces/srv/detail/set_roi__type_support_c.cpp.o[0m
[2.699s] [ 80%] [32mBuilding CXX object CMakeFiles/zed_interfaces__rosidl_typesupport_fastrtps_c.dir/rosidl_typesupport_fastrtps_c/zed_interfaces/srv/detail/set_pose__type_support_c.cpp.o[0m
[2.893s] [ 80%] [32m[1mLinking CXX shared library libzed_interfaces__rosidl_typesupport_fastrtps_cpp.so[0m
[2.917s] [ 81%] [32m[1mLinking CXX shared library libzed_interfaces__rosidl_typesupport_introspection_cpp.so[0m
[2.926s] [ 81%] [32m[1mLinking CXX shared library libzed_interfaces__rosidl_typesupport_cpp.so[0m
[2.992s] [ 82%] Built target zed_interfaces__rosidl_typesupport_cpp
[3.016s] [ 82%] Built target zed_interfaces__rosidl_typesupport_introspection_cpp
[3.027s] [ 83%] Built target zed_interfaces__rosidl_typesupport_fastrtps_cpp
[3.184s] [ 83%] [32m[1mLinking CXX shared library libzed_interfaces__rosidl_typesupport_fastrtps_c.so[0m
[3.247s] [ 84%] Built target zed_interfaces__rosidl_typesupport_fastrtps_c
[3.268s] [ 84%] Built target zed_interfaces
[3.289s] [ 85%] Built target zed_interfaces__py
[3.319s] [ 85%] [32mBuilding C object CMakeFiles/zed_interfaces__rosidl_generator_py.dir/rosidl_generator_py/zed_interfaces/msg/_object_s.c.o[0m
[3.319s] [ 87%] [32mBuilding C object CMakeFiles/zed_interfaces__rosidl_generator_py.dir/rosidl_generator_py/zed_interfaces/msg/_bounding_box2_di_s.c.o[0m
[3.319s] [ 87%] [32mBuilding C object CMakeFiles/zed_interfaces__rosidl_generator_py.dir/rosidl_generator_py/zed_interfaces/msg/_keypoint2_di_s.c.o[0m
[3.319s] [ 87%] [32mBuilding C object CMakeFiles/zed_interfaces__rosidl_generator_py.dir/rosidl_generator_py/zed_interfaces/msg/_keypoint3_d_s.c.o[0m
[3.319s] [ 87%] [32mBuilding C object CMakeFiles/zed_interfaces__rosidl_generator_py.dir/rosidl_generator_py/zed_interfaces/msg/_keypoint2_df_s.c.o[0m
[3.320s] [ 89%] [32mBuilding C object CMakeFiles/zed_interfaces__rosidl_generator_py.dir/rosidl_generator_py/zed_interfaces/msg/_bounding_box2_df_s.c.o[0m
[3.320s] [ 89%] [32mBuilding C object CMakeFiles/zed_interfaces__rosidl_generator_py.dir/rosidl_generator_py/zed_interfaces/msg/_bounding_box3_d_s.c.o[0m
[3.320s] [ 89%] [32mBuilding C object CMakeFiles/zed_interfaces__rosidl_generator_py.dir/rosidl_generator_py/zed_interfaces/msg/_objects_stamped_s.c.o[0m
[3.320s] [ 89%] [32mBuilding C object CMakeFiles/zed_interfaces__rosidl_generator_py.dir/rosidl_generator_py/zed_interfaces/msg/_skeleton3_d_s.c.o[0m
[3.320s] [ 90%] [32mBuilding C object CMakeFiles/zed_interfaces__rosidl_generator_py.dir/rosidl_generator_py/zed_interfaces/msg/_skeleton2_d_s.c.o[0m
[3.321s] [ 91%] [32mBuilding C object CMakeFiles/zed_interfaces__rosidl_generator_py.dir/rosidl_generator_py/zed_interfaces/msg/_depth_info_stamped_s.c.o[0m
[3.331s] [ 92%] [32mBuilding C object CMakeFiles/zed_interfaces__rosidl_generator_py.dir/rosidl_generator_py/zed_interfaces/msg/_plane_stamped_s.c.o[0m
[3.332s] [ 92%] [32mBuilding C object CMakeFiles/zed_interfaces__rosidl_generator_py.dir/rosidl_generator_py/zed_interfaces/msg/_pos_track_status_s.c.o[0m
[3.359s] [ 93%] [32mBuilding C object CMakeFiles/zed_interfaces__rosidl_generator_py.dir/rosidl_generator_py/zed_interfaces/msg/_gnss_fusion_status_s.c.o[0m
[3.394s] [ 93%] [32mBuilding C object CMakeFiles/zed_interfaces__rosidl_generator_py.dir/rosidl_generator_py/zed_interfaces/msg/_heartbeat_s.c.o[0m
[3.433s] [ 94%] [32mBuilding C object CMakeFiles/zed_interfaces__rosidl_generator_py.dir/rosidl_generator_py/zed_interfaces/msg/_mag_heading_status_s.c.o[0m
[3.489s] [ 94%] [32mBuilding C object CMakeFiles/zed_interfaces__rosidl_generator_py.dir/rosidl_generator_py/zed_interfaces/srv/_set_pose_s.c.o[0m
[3.493s] [ 95%] [32mBuilding C object CMakeFiles/zed_interfaces__rosidl_generator_py.dir/rosidl_generator_py/zed_interfaces/srv/_start_svo_rec_s.c.o[0m
[3.505s] [ 96%] [32mBuilding C object CMakeFiles/zed_interfaces__rosidl_generator_py.dir/rosidl_generator_py/zed_interfaces/srv/_set_roi_s.c.o[0m
[3.649s] [ 96%] [32m[1mLinking C shared library rosidl_generator_py/zed_interfaces/libzed_interfaces__rosidl_generator_py.so[0m
[3.688s] [ 96%] Built target zed_interfaces__rosidl_generator_py
[3.711s] [ 99%] [32mBuilding C object CMakeFiles/zed_interfaces__rosidl_typesupport_fastrtps_c__pyext.dir/rosidl_generator_py/zed_interfaces/_zed_interfaces_s.ep.rosidl_typesupport_fastrtps_c.c.o[0m
[3.711s] [ 99%] [32mBuilding C object CMakeFiles/zed_interfaces__rosidl_typesupport_introspection_c__pyext.dir/rosidl_generator_py/zed_interfaces/_zed_interfaces_s.ep.rosidl_typesupport_introspection_c.c.o[0m
[3.711s] [ 99%] [32mBuilding C object CMakeFiles/zed_interfaces__rosidl_typesupport_c__pyext.dir/rosidl_generator_py/zed_interfaces/_zed_interfaces_s.ep.rosidl_typesupport_c.c.o[0m
[3.956s] [100%] [32m[1mLinking C shared library rosidl_generator_py/zed_interfaces/zed_interfaces_s__rosidl_typesupport_c.cpython-310-x86_64-linux-gnu.so[0m
[3.956s] [100%] [32m[1mLinking C shared library rosidl_generator_py/zed_interfaces/zed_interfaces_s__rosidl_typesupport_fastrtps_c.cpython-310-x86_64-linux-gnu.so[0m
[3.956s] [100%] [32m[1mLinking C shared library rosidl_generator_py/zed_interfaces/zed_interfaces_s__rosidl_typesupport_introspection_c.cpython-310-x86_64-linux-gnu.so[0m
[3.992s] [100%] Built target zed_interfaces__rosidl_typesupport_fastrtps_c__pyext
[3.992s] [100%] Built target zed_interfaces__rosidl_typesupport_c__pyext
[3.992s] [100%] Built target zed_interfaces__rosidl_typesupport_introspection_c__pyext
[4.003s] Invoked command in '/home/awadh/zed_ws/build/zed_interfaces' returned '0': CMAKE_PREFIX_PATH=/home/awadh/gazebo_ws/install/yolov8_msgs:/home/awadh/gazebo_ws/install/yolobot_recognition:/home/awadh/gazebo_ws/install/yolobot_gazebo:/home/awadh/gazebo_ws/install/yolobot_description:/home/awadh/gazebo_ws/install/yolobot_control:/home/awadh/gazebo_ws/install/my_robot_bringup:/home/awadh/gazebo_ws/install/my_robot_description:/home/awadh/yolobot/install/yolov8_msgs:/home/awadh/yolobot/install/yolobot_recognition:/home/awadh/yolobot/install/yolobot_gazebo:/home/awadh/yolobot/install/yolobot_description:/home/awadh/yolobot/install/yolobot_control:/home/awadh/test2_ws/install/pcl_object_detection:/home/awadh/zed_ws/install/zed_ros2:/home/awadh/zed_ws/install/zed_robot_integration:/home/awadh/zed_ws/install/zed_multi_camera:/home/awadh/zed_ws/install/zed_display_rviz2:/home/awadh/zed_ws/install/zed_depth_to_laserscan:/home/awadh/zed_ws/install/zed_wrapper:/home/awadh/zed_ws/install/zed_tutorial_video:/home/awadh/zed_ws/install/zed_tutorial_pos_tracking:/home/awadh/zed_ws/install/zed_tutorial_depth:/home/awadh/zed_ws/install/zed_topic_benchmark:/home/awadh/zed_ws/install/zed_topic_benchmark_component:/home/awadh/zed_ws/install/zed_topic_benchmark_interfaces:/home/awadh/zed_ws/install/zed_rgb_convert:/home/awadh/zed_ws/install/zed_aruco_localization:/home/awadh/zed_ws/install/zed_components:/home/awadh/zed_ws/install/rviz_plugin_zed_od:/home/awadh/zed_ws/install/zed_interfaces:/home/awadh/ouster_ws/install/ouster_ros:/home/awadh/ouster_ws/install/ouster_sensor_msgs:/home/awadh/ros2_ws/install/my_robot_bringup:/home/awadh/ros2_ws/install/turtlesim_project_cpp:/home/awadh/ros2_ws/install/my_cpp_pkg:/home/awadh/ros2_ws/install/my_robot_interfaces:/home/awadh/gazebo_ws/install/ultralytics_ros2:/home/awadh/depth_ws/install/depth_estimation:/home/awadh/ros2_ws/install/turtlesim_catch_them_all:/home/awadh/ros2_ws/install/my_py_pkg:/opt/ros/humble:/home/awadh/sick_tim_ws/install/sick_tim /usr/bin/cmake --build /home/awadh/zed_ws/build/zed_interfaces -- -j16 -l16
[4.438s] Invoking command in '/home/awadh/zed_ws/build/zed_interfaces': CMAKE_PREFIX_PATH=/home/awadh/gazebo_ws/install/yolov8_msgs:/home/awadh/gazebo_ws/install/yolobot_recognition:/home/awadh/gazebo_ws/install/yolobot_gazebo:/home/awadh/gazebo_ws/install/yolobot_description:/home/awadh/gazebo_ws/install/yolobot_control:/home/awadh/gazebo_ws/install/my_robot_bringup:/home/awadh/gazebo_ws/install/my_robot_description:/home/awadh/yolobot/install/yolov8_msgs:/home/awadh/yolobot/install/yolobot_recognition:/home/awadh/yolobot/install/yolobot_gazebo:/home/awadh/yolobot/install/yolobot_description:/home/awadh/yolobot/install/yolobot_control:/home/awadh/test2_ws/install/pcl_object_detection:/home/awadh/zed_ws/install/zed_ros2:/home/awadh/zed_ws/install/zed_robot_integration:/home/awadh/zed_ws/install/zed_multi_camera:/home/awadh/zed_ws/install/zed_display_rviz2:/home/awadh/zed_ws/install/zed_depth_to_laserscan:/home/awadh/zed_ws/install/zed_wrapper:/home/awadh/zed_ws/install/zed_tutorial_video:/home/awadh/zed_ws/install/zed_tutorial_pos_tracking:/home/awadh/zed_ws/install/zed_tutorial_depth:/home/awadh/zed_ws/install/zed_topic_benchmark:/home/awadh/zed_ws/install/zed_topic_benchmark_component:/home/awadh/zed_ws/install/zed_topic_benchmark_interfaces:/home/awadh/zed_ws/install/zed_rgb_convert:/home/awadh/zed_ws/install/zed_aruco_localization:/home/awadh/zed_ws/install/zed_components:/home/awadh/zed_ws/install/rviz_plugin_zed_od:/home/awadh/zed_ws/install/zed_interfaces:/home/awadh/ouster_ws/install/ouster_ros:/home/awadh/ouster_ws/install/ouster_sensor_msgs:/home/awadh/ros2_ws/install/my_robot_bringup:/home/awadh/ros2_ws/install/turtlesim_project_cpp:/home/awadh/ros2_ws/install/my_cpp_pkg:/home/awadh/ros2_ws/install/my_robot_interfaces:/home/awadh/gazebo_ws/install/ultralytics_ros2:/home/awadh/depth_ws/install/depth_estimation:/home/awadh/ros2_ws/install/turtlesim_catch_them_all:/home/awadh/ros2_ws/install/my_py_pkg:/opt/ros/humble:/home/awadh/sick_tim_ws/install/sick_tim /usr/bin/cmake --install /home/awadh/zed_ws/build/zed_interfaces
[4.454s] -- Install configuration: "Release"
[4.455s] -- Execute custom install script
[4.455s] -- Up-to-date symlink: /home/awadh/zed_ws/install/zed_interfaces/share/ament_index/resource_index/rosidl_interfaces/zed_interfaces
[4.456s] -- Up-to-date symlink: /home/awadh/zed_ws/install/zed_interfaces/include/zed_interfaces/zed_interfaces/msg/bounding_box2_df.h
[4.456s] -- Up-to-date symlink: /home/awadh/zed_ws/install/zed_interfaces/include/zed_interfaces/zed_interfaces/msg/bounding_box2_di.h
[4.457s] -- Up-to-date symlink: /home/awadh/zed_ws/install/zed_interfaces/include/zed_interfaces/zed_interfaces/msg/bounding_box3_d.h
[4.457s] -- Up-to-date symlink: /home/awadh/zed_ws/install/zed_interfaces/include/zed_interfaces/zed_interfaces/msg/depth_info_stamped.h
[4.457s] -- Up-to-date symlink: /home/awadh/zed_ws/install/zed_interfaces/include/zed_interfaces/zed_interfaces/msg/detail/bounding_box2_df__functions.h
[4.457s] -- Up-to-date symlink: /home/awadh/zed_ws/install/zed_interfaces/include/zed_interfaces/zed_interfaces/msg/detail/bounding_box2_df__struct.h
[4.457s] -- Up-to-date symlink: /home/awadh/zed_ws/install/zed_interfaces/include/zed_interfaces/zed_interfaces/msg/detail/bounding_box2_df__type_support.h
[4.457s] -- Up-to-date symlink: /home/awadh/zed_ws/install/zed_interfaces/include/zed_interfaces/zed_interfaces/msg/detail/bounding_box2_di__functions.h
[4.458s] -- Up-to-date symlink: /home/awadh/zed_ws/install/zed_interfaces/include/zed_interfaces/zed_interfaces/msg/detail/bounding_box2_di__struct.h
[4.458s] -- Up-to-date symlink: /home/awadh/zed_ws/install/zed_interfaces/include/zed_interfaces/zed_interfaces/msg/detail/bounding_box2_di__type_support.h
[4.458s] -- Up-to-date symlink: /home/awadh/zed_ws/install/zed_interfaces/include/zed_interfaces/zed_interfaces/msg/detail/bounding_box3_d__functions.h
[4.458s] -- Up-to-date symlink: /home/awadh/zed_ws/install/zed_interfaces/include/zed_interfaces/zed_interfaces/msg/detail/bounding_box3_d__struct.h
[4.458s] -- Up-to-date symlink: /home/awadh/zed_ws/install/zed_interfaces/include/zed_interfaces/zed_interfaces/msg/detail/bounding_box3_d__type_support.h
[4.458s] -- Up-to-date symlink: /home/awadh/zed_ws/install/zed_interfaces/include/zed_interfaces/zed_interfaces/msg/detail/depth_info_stamped__functions.h
[4.459s] -- Up-to-date symlink: /home/awadh/zed_ws/install/zed_interfaces/include/zed_interfaces/zed_interfaces/msg/detail/depth_info_stamped__struct.h
[4.459s] -- Up-to-date symlink: /home/awadh/zed_ws/install/zed_interfaces/include/zed_interfaces/zed_interfaces/msg/detail/depth_info_stamped__type_support.h
[4.459s] -- Up-to-date symlink: /home/awadh/zed_ws/install/zed_interfaces/include/zed_interfaces/zed_interfaces/msg/detail/gnss_fusion_status__functions.h
[4.459s] -- Up-to-date symlink: /home/awadh/zed_ws/install/zed_interfaces/include/zed_interfaces/zed_interfaces/msg/detail/gnss_fusion_status__struct.h
[4.459s] -- Up-to-date symlink: /home/awadh/zed_ws/install/zed_interfaces/include/zed_interfaces/zed_interfaces/msg/detail/gnss_fusion_status__type_support.h
[4.459s] -- Up-to-date symlink: /home/awadh/zed_ws/install/zed_interfaces/include/zed_interfaces/zed_interfaces/msg/detail/heartbeat__functions.h
[4.460s] -- Up-to-date symlink: /home/awadh/zed_ws/install/zed_interfaces/include/zed_interfaces/zed_interfaces/msg/detail/heartbeat__struct.h
[4.460s] -- Up-to-date symlink: /home/awadh/zed_ws/install/zed_interfaces/include/zed_interfaces/zed_interfaces/msg/detail/heartbeat__type_support.h
[4.460s] -- Up-to-date symlink: /home/awadh/zed_ws/install/zed_interfaces/include/zed_interfaces/zed_interfaces/msg/detail/keypoint2_df__functions.h
[4.460s] -- Up-to-date symlink: /home/awadh/zed_ws/install/zed_interfaces/include/zed_interfaces/zed_interfaces/msg/detail/keypoint2_df__struct.h
[4.460s] -- Up-to-date symlink: /home/awadh/zed_ws/install/zed_interfaces/include/zed_interfaces/zed_interfaces/msg/detail/keypoint2_df__type_support.h
[4.460s] -- Up-to-date symlink: /home/awadh/zed_ws/install/zed_interfaces/include/zed_interfaces/zed_interfaces/msg/detail/keypoint2_di__functions.h
[4.460s] -- Up-to-date symlink: /home/awadh/zed_ws/install/zed_interfaces/include/zed_interfaces/zed_interfaces/msg/detail/keypoint2_di__struct.h
[4.461s] -- Up-to-date symlink: /home/awadh/zed_ws/install/zed_interfaces/include/zed_interfaces/zed_interfaces/msg/detail/keypoint2_di__type_support.h
[4.461s] -- Up-to-date symlink: /home/awadh/zed_ws/install/zed_interfaces/include/zed_interfaces/zed_interfaces/msg/detail/keypoint3_d__functions.h
[4.461s] -- Up-to-date symlink: /home/awadh/zed_ws/install/zed_interfaces/include/zed_interfaces/zed_interfaces/msg/detail/keypoint3_d__struct.h
[4.461s] -- Up-to-date symlink: /home/awadh/zed_ws/install/zed_interfaces/include/zed_interfaces/zed_interfaces/msg/detail/keypoint3_d__type_support.h
[4.461s] -- Up-to-date symlink: /home/awadh/zed_ws/install/zed_interfaces/include/zed_interfaces/zed_interfaces/msg/detail/mag_heading_status__functions.h
[4.461s] -- Up-to-date symlink: /home/awadh/zed_ws/install/zed_interfaces/include/zed_interfaces/zed_interfaces/msg/detail/mag_heading_status__struct.h
[4.461s] -- Up-to-date symlink: /home/awadh/zed_ws/install/zed_interfaces/include/zed_interfaces/zed_interfaces/msg/detail/mag_heading_status__type_support.h
[4.462s] -- Up-to-date symlink: /home/awadh/zed_ws/install/zed_interfaces/include/zed_interfaces/zed_interfaces/msg/detail/object__functions.h
[4.462s] -- Up-to-date symlink: /home/awadh/zed_ws/install/zed_interfaces/include/zed_interfaces/zed_interfaces/msg/detail/object__struct.h
[4.462s] -- Up-to-date symlink: /home/awadh/zed_ws/install/zed_interfaces/include/zed_interfaces/zed_interfaces/msg/detail/object__type_support.h
[4.462s] -- Up-to-date symlink: /home/awadh/zed_ws/install/zed_interfaces/include/zed_interfaces/zed_interfaces/msg/detail/objects_stamped__functions.h
[4.462s] -- Up-to-date symlink: /home/awadh/zed_ws/install/zed_interfaces/include/zed_interfaces/zed_interfaces/msg/detail/objects_stamped__struct.h
[4.462s] -- Up-to-date symlink: /home/awadh/zed_ws/install/zed_interfaces/include/zed_interfaces/zed_interfaces/msg/detail/objects_stamped__type_support.h
[4.462s] -- Up-to-date symlink: /home/awadh/zed_ws/install/zed_interfaces/include/zed_interfaces/zed_interfaces/msg/detail/plane_stamped__functions.h
[4.463s] -- Up-to-date symlink: /home/awadh/zed_ws/install/zed_interfaces/include/zed_interfaces/zed_interfaces/msg/detail/plane_stamped__struct.h
[4.463s] -- Up-to-date symlink: /home/awadh/zed_ws/install/zed_interfaces/include/zed_interfaces/zed_interfaces/msg/detail/plane_stamped__type_support.h
[4.463s] -- Up-to-date symlink: /home/awadh/zed_ws/install/zed_interfaces/include/zed_interfaces/zed_interfaces/msg/detail/pos_track_status__functions.h
[4.463s] -- Up-to-date symlink: /home/awadh/zed_ws/install/zed_interfaces/include/zed_interfaces/zed_interfaces/msg/detail/pos_track_status__struct.h
[4.463s] -- Up-to-date symlink: /home/awadh/zed_ws/install/zed_interfaces/include/zed_interfaces/zed_interfaces/msg/detail/pos_track_status__type_support.h
[4.463s] -- Up-to-date symlink: /home/awadh/zed_ws/install/zed_interfaces/include/zed_interfaces/zed_interfaces/msg/detail/skeleton2_d__functions.h
[4.463s] -- Up-to-date symlink: /home/awadh/zed_ws/install/zed_interfaces/include/zed_interfaces/zed_interfaces/msg/detail/skeleton2_d__struct.h
[4.464s] -- Up-to-date symlink: /home/awadh/zed_ws/install/zed_interfaces/include/zed_interfaces/zed_interfaces/msg/detail/skeleton2_d__type_support.h
[4.464s] -- Up-to-date symlink: /home/awadh/zed_ws/install/zed_interfaces/include/zed_interfaces/zed_interfaces/msg/detail/skeleton3_d__functions.h
[4.464s] -- Up-to-date symlink: /home/awadh/zed_ws/install/zed_interfaces/include/zed_interfaces/zed_interfaces/msg/detail/skeleton3_d__struct.h
[4.464s] -- Up-to-date symlink: /home/awadh/zed_ws/install/zed_interfaces/include/zed_interfaces/zed_interfaces/msg/detail/skeleton3_d__type_support.h
[4.464s] -- Up-to-date symlink: /home/awadh/zed_ws/install/zed_interfaces/include/zed_interfaces/zed_interfaces/msg/gnss_fusion_status.h
[4.464s] -- Up-to-date symlink: /home/awadh/zed_ws/install/zed_interfaces/include/zed_interfaces/zed_interfaces/msg/heartbeat.h
[4.464s] -- Up-to-date symlink: /home/awadh/zed_ws/install/zed_interfaces/include/zed_interfaces/zed_interfaces/msg/keypoint2_df.h
[4.465s] -- Up-to-date symlink: /home/awadh/zed_ws/install/zed_interfaces/include/zed_interfaces/zed_interfaces/msg/keypoint2_di.h
[4.465s] -- Up-to-date symlink: /home/awadh/zed_ws/install/zed_interfaces/include/zed_interfaces/zed_interfaces/msg/keypoint3_d.h
[4.465s] -- Up-to-date symlink: /home/awadh/zed_ws/install/zed_interfaces/include/zed_interfaces/zed_interfaces/msg/mag_heading_status.h
[4.465s] -- Up-to-date symlink: /home/awadh/zed_ws/install/zed_interfaces/include/zed_interfaces/zed_interfaces/msg/object.h
[4.465s] -- Up-to-date symlink: /home/awadh/zed_ws/install/zed_interfaces/include/zed_interfaces/zed_interfaces/msg/objects_stamped.h
[4.465s] -- Up-to-date symlink: /home/awadh/zed_ws/install/zed_interfaces/include/zed_interfaces/zed_interfaces/msg/plane_stamped.h
[4.465s] -- Up-to-date symlink: /home/awadh/zed_ws/install/zed_interfaces/include/zed_interfaces/zed_interfaces/msg/pos_track_status.h
[4.466s] -- Up-to-date symlink: /home/awadh/zed_ws/install/zed_interfaces/include/zed_interfaces/zed_interfaces/msg/rosidl_generator_c__visibility_control.h
[4.466s] -- Up-to-date symlink: /home/awadh/zed_ws/install/zed_interfaces/include/zed_interfaces/zed_interfaces/msg/skeleton2_d.h
[4.466s] -- Up-to-date symlink: /home/awadh/zed_ws/install/zed_interfaces/include/zed_interfaces/zed_interfaces/msg/skeleton3_d.h
[4.466s] -- Up-to-date symlink: /home/awadh/zed_ws/install/zed_interfaces/include/zed_interfaces/zed_interfaces/srv/detail/set_pose__functions.h
[4.466s] -- Up-to-date symlink: /home/awadh/zed_ws/install/zed_interfaces/include/zed_interfaces/zed_interfaces/srv/detail/set_pose__struct.h
[4.466s] -- Up-to-date symlink: /home/awadh/zed_ws/install/zed_interfaces/include/zed_interfaces/zed_interfaces/srv/detail/set_pose__type_support.h
[4.467s] -- Up-to-date symlink: /home/awadh/zed_ws/install/zed_interfaces/include/zed_interfaces/zed_interfaces/srv/detail/set_roi__functions.h
[4.467s] -- Up-to-date symlink: /home/awadh/zed_ws/install/zed_interfaces/include/zed_interfaces/zed_interfaces/srv/detail/set_roi__struct.h
[4.467s] -- Up-to-date symlink: /home/awadh/zed_ws/install/zed_interfaces/include/zed_interfaces/zed_interfaces/srv/detail/set_roi__type_support.h
[4.467s] -- Up-to-date symlink: /home/awadh/zed_ws/install/zed_interfaces/include/zed_interfaces/zed_interfaces/srv/detail/start_svo_rec__functions.h
[4.467s] -- Up-to-date symlink: /home/awadh/zed_ws/install/zed_interfaces/include/zed_interfaces/zed_interfaces/srv/detail/start_svo_rec__struct.h
[4.467s] -- Up-to-date symlink: /home/awadh/zed_ws/install/zed_interfaces/include/zed_interfaces/zed_interfaces/srv/detail/start_svo_rec__type_support.h
[4.467s] -- Up-to-date symlink: /home/awadh/zed_ws/install/zed_interfaces/include/zed_interfaces/zed_interfaces/srv/set_pose.h
[4.467s] -- Up-to-date symlink: /home/awadh/zed_ws/install/zed_interfaces/include/zed_interfaces/zed_interfaces/srv/set_roi.h
[4.468s] -- Up-to-date symlink: /home/awadh/zed_ws/install/zed_interfaces/include/zed_interfaces/zed_interfaces/srv/start_svo_rec.h
[4.468s] -- Up-to-date symlink: /home/awadh/zed_ws/install/zed_interfaces/share/zed_interfaces/environment/library_path.sh
[4.468s] -- Up-to-date symlink: /home/awadh/zed_ws/install/zed_interfaces/share/zed_interfaces/environment/library_path.dsv
[4.469s] -- Up-to-date symlink: /home/awadh/zed_ws/install/zed_interfaces/include/zed_interfaces/zed_interfaces/msg/detail/bounding_box2_df__rosidl_typesupport_fastrtps_c.h
[4.469s] -- Up-to-date symlink: /home/awadh/zed_ws/install/zed_interfaces/include/zed_interfaces/zed_interfaces/msg/detail/bounding_box2_di__rosidl_typesupport_fastrtps_c.h
[4.469s] -- Up-to-date symlink: /home/awadh/zed_ws/install/zed_interfaces/include/zed_interfaces/zed_interfaces/msg/detail/bounding_box3_d__rosidl_typesupport_fastrtps_c.h
[4.469s] -- Up-to-date symlink: /home/awadh/zed_ws/install/zed_interfaces/include/zed_interfaces/zed_interfaces/msg/detail/depth_info_stamped__rosidl_typesupport_fastrtps_c.h
[4.469s] -- Up-to-date symlink: /home/awadh/zed_ws/install/zed_interfaces/include/zed_interfaces/zed_interfaces/msg/detail/gnss_fusion_status__rosidl_typesupport_fastrtps_c.h
[4.469s] -- Up-to-date symlink: /home/awadh/zed_ws/install/zed_interfaces/include/zed_interfaces/zed_interfaces/msg/detail/heartbeat__rosidl_typesupport_fastrtps_c.h
[4.469s] -- Up-to-date symlink: /home/awadh/zed_ws/install/zed_interfaces/include/zed_interfaces/zed_interfaces/msg/detail/keypoint2_df__rosidl_typesupport_fastrtps_c.h
[4.470s] -- Up-to-date symlink: /home/awadh/zed_ws/install/zed_interfaces/include/zed_interfaces/zed_interfaces/msg/detail/keypoint2_di__rosidl_typesupport_fastrtps_c.h
[4.470s] -- Up-to-date symlink: /home/awadh/zed_ws/install/zed_interfaces/include/zed_interfaces/zed_interfaces/msg/detail/keypoint3_d__rosidl_typesupport_fastrtps_c.h
[4.470s] -- Up-to-date symlink: /home/awadh/zed_ws/install/zed_interfaces/include/zed_interfaces/zed_interfaces/msg/detail/mag_heading_status__rosidl_typesupport_fastrtps_c.h
[4.470s] -- Up-to-date symlink: /home/awadh/zed_ws/install/zed_interfaces/include/zed_interfaces/zed_interfaces/msg/detail/object__rosidl_typesupport_fastrtps_c.h
[4.470s] -- Up-to-date symlink: /home/awadh/zed_ws/install/zed_interfaces/include/zed_interfaces/zed_interfaces/msg/detail/objects_stamped__rosidl_typesupport_fastrtps_c.h
[4.470s] -- Up-to-date symlink: /home/awadh/zed_ws/install/zed_interfaces/include/zed_interfaces/zed_interfaces/msg/detail/plane_stamped__rosidl_typesupport_fastrtps_c.h
[4.470s] -- Up-to-date symlink: /home/awadh/zed_ws/install/zed_interfaces/include/zed_interfaces/zed_interfaces/msg/detail/pos_track_status__rosidl_typesupport_fastrtps_c.h
[4.471s] -- Up-to-date symlink: /home/awadh/zed_ws/install/zed_interfaces/include/zed_interfaces/zed_interfaces/msg/detail/skeleton2_d__rosidl_typesupport_fastrtps_c.h
[4.471s] -- Up-to-date symlink: /home/awadh/zed_ws/install/zed_interfaces/include/zed_interfaces/zed_interfaces/msg/detail/skeleton3_d__rosidl_typesupport_fastrtps_c.h
[4.471s] -- Up-to-date symlink: /home/awadh/zed_ws/install/zed_interfaces/include/zed_interfaces/zed_interfaces/msg/rosidl_typesupport_fastrtps_c__visibility_control.h
[4.471s] -- Up-to-date symlink: /home/awadh/zed_ws/install/zed_interfaces/include/zed_interfaces/zed_interfaces/srv/detail/set_pose__rosidl_typesupport_fastrtps_c.h
[4.471s] -- Up-to-date symlink: /home/awadh/zed_ws/install/zed_interfaces/include/zed_interfaces/zed_interfaces/srv/detail/set_roi__rosidl_typesupport_fastrtps_c.h
[4.471s] -- Up-to-date symlink: /home/awadh/zed_ws/install/zed_interfaces/include/zed_interfaces/zed_interfaces/srv/detail/start_svo_rec__rosidl_typesupport_fastrtps_c.h
[4.472s] -- Up-to-date symlink: /home/awadh/zed_ws/install/zed_interfaces/include/zed_interfaces/zed_interfaces/msg/bounding_box2_df.hpp
[4.472s] -- Up-to-date symlink: /home/awadh/zed_ws/install/zed_interfaces/include/zed_interfaces/zed_interfaces/msg/bounding_box2_di.hpp
[4.472s] -- Up-to-date symlink: /home/awadh/zed_ws/install/zed_interfaces/include/zed_interfaces/zed_interfaces/msg/bounding_box3_d.hpp
[4.472s] -- Up-to-date symlink: /home/awadh/zed_ws/install/zed_interfaces/include/zed_interfaces/zed_interfaces/msg/depth_info_stamped.hpp
[4.472s] -- Up-to-date symlink: /home/awadh/zed_ws/install/zed_interfaces/include/zed_interfaces/zed_interfaces/msg/detail/bounding_box2_df__builder.hpp
[4.473s] -- Up-to-date symlink: /home/awadh/zed_ws/install/zed_interfaces/include/zed_interfaces/zed_interfaces/msg/detail/bounding_box2_df__struct.hpp
[4.473s] -- Up-to-date symlink: /home/awadh/zed_ws/install/zed_interfaces/include/zed_interfaces/zed_interfaces/msg/detail/bounding_box2_df__traits.hpp
[4.473s] -- Up-to-date symlink: /home/awadh/zed_ws/install/zed_interfaces/include/zed_interfaces/zed_interfaces/msg/detail/bounding_box2_di__builder.hpp
[4.473s] -- Up-to-date symlink: /home/awadh/zed_ws/install/zed_interfaces/include/zed_interfaces/zed_interfaces/msg/detail/bounding_box2_di__struct.hpp
[4.473s] -- Up-to-date symlink: /home/awadh/zed_ws/install/zed_interfaces/include/zed_interfaces/zed_interfaces/msg/detail/bounding_box2_di__traits.hpp
[4.473s] -- Up-to-date symlink: /home/awadh/zed_ws/install/zed_interfaces/include/zed_interfaces/zed_interfaces/msg/detail/bounding_box3_d__builder.hpp
[4.473s] -- Up-to-date symlink: /home/awadh/zed_ws/install/zed_interfaces/include/zed_interfaces/zed_interfaces/msg/detail/bounding_box3_d__struct.hpp
[4.474s] -- Up-to-date symlink: /home/awadh/zed_ws/install/zed_interfaces/include/zed_interfaces/zed_interfaces/msg/detail/bounding_box3_d__traits.hpp
[4.474s] -- Up-to-date symlink: /home/awadh/zed_ws/install/zed_interfaces/include/zed_interfaces/zed_interfaces/msg/detail/depth_info_stamped__builder.hpp
[4.474s] -- Up-to-date symlink: /home/awadh/zed_ws/install/zed_interfaces/include/zed_interfaces/zed_interfaces/msg/detail/depth_info_stamped__struct.hpp
[4.474s] -- Up-to-date symlink: /home/awadh/zed_ws/install/zed_interfaces/include/zed_interfaces/zed_interfaces/msg/detail/depth_info_stamped__traits.hpp
[4.474s] -- Up-to-date symlink: /home/awadh/zed_ws/install/zed_interfaces/include/zed_interfaces/zed_interfaces/msg/detail/gnss_fusion_status__builder.hpp
[4.474s] -- Up-to-date symlink: /home/awadh/zed_ws/install/zed_interfaces/include/zed_interfaces/zed_interfaces/msg/detail/gnss_fusion_status__struct.hpp
[4.474s] -- Up-to-date symlink: /home/awadh/zed_ws/install/zed_interfaces/include/zed_interfaces/zed_interfaces/msg/detail/gnss_fusion_status__traits.hpp
[4.475s] -- Up-to-date symlink: /home/awadh/zed_ws/install/zed_interfaces/include/zed_interfaces/zed_interfaces/msg/detail/heartbeat__builder.hpp
[4.475s] -- Up-to-date symlink: /home/awadh/zed_ws/install/zed_interfaces/include/zed_interfaces/zed_interfaces/msg/detail/heartbeat__struct.hpp
[4.476s] -- Up-to-date symlink: /home/awadh/zed_ws/install/zed_interfaces/include/zed_interfaces/zed_interfaces/msg/detail/heartbeat__traits.hpp
[4.476s] -- Up-to-date symlink: /home/awadh/zed_ws/install/zed_interfaces/include/zed_interfaces/zed_interfaces/msg/detail/keypoint2_df__builder.hpp
[4.476s] -- Up-to-date symlink: /home/awadh/zed_ws/install/zed_interfaces/include/zed_interfaces/zed_interfaces/msg/detail/keypoint2_df__struct.hpp
[4.476s] -- Up-to-date symlink: /home/awadh/zed_ws/install/zed_interfaces/include/zed_interfaces/zed_interfaces/msg/detail/keypoint2_df__traits.hpp
[4.476s] -- Up-to-date symlink: /home/awadh/zed_ws/install/zed_interfaces/include/zed_interfaces/zed_interfaces/msg/detail/keypoint2_di__builder.hpp
[4.476s] -- Up-to-date symlink: /home/awadh/zed_ws/install/zed_interfaces/include/zed_interfaces/zed_interfaces/msg/detail/keypoint2_di__struct.hpp
[4.477s] -- Up-to-date symlink: /home/awadh/zed_ws/install/zed_interfaces/include/zed_interfaces/zed_interfaces/msg/detail/keypoint2_di__traits.hpp
[4.477s] -- Up-to-date symlink: /home/awadh/zed_ws/install/zed_interfaces/include/zed_interfaces/zed_interfaces/msg/detail/keypoint3_d__builder.hpp
[4.477s] -- Up-to-date symlink: /home/awadh/zed_ws/install/zed_interfaces/include/zed_interfaces/zed_interfaces/msg/detail/keypoint3_d__struct.hpp
[4.477s] -- Up-to-date symlink: /home/awadh/zed_ws/install/zed_interfaces/include/zed_interfaces/zed_interfaces/msg/detail/keypoint3_d__traits.hpp
[4.477s] -- Up-to-date symlink: /home/awadh/zed_ws/install/zed_interfaces/include/zed_interfaces/zed_interfaces/msg/detail/mag_heading_status__builder.hpp
[4.477s] -- Up-to-date symlink: /home/awadh/zed_ws/install/zed_interfaces/include/zed_interfaces/zed_interfaces/msg/detail/mag_heading_status__struct.hpp
[4.477s] -- Up-to-date symlink: /home/awadh/zed_ws/install/zed_interfaces/include/zed_interfaces/zed_interfaces/msg/detail/mag_heading_status__traits.hpp
[4.478s] -- Up-to-date symlink: /home/awadh/zed_ws/install/zed_interfaces/include/zed_interfaces/zed_interfaces/msg/detail/object__builder.hpp
[4.478s] -- Up-to-date symlink: /home/awadh/zed_ws/install/zed_interfaces/include/zed_interfaces/zed_interfaces/msg/detail/object__struct.hpp
[4.478s] -- Up-to-date symlink: /home/awadh/zed_ws/install/zed_interfaces/include/zed_interfaces/zed_interfaces/msg/detail/object__traits.hpp
[4.478s] -- Up-to-date symlink: /home/awadh/zed_ws/install/zed_interfaces/include/zed_interfaces/zed_interfaces/msg/detail/objects_stamped__builder.hpp
[4.478s] -- Up-to-date symlink: /home/awadh/zed_ws/install/zed_interfaces/include/zed_interfaces/zed_interfaces/msg/detail/objects_stamped__struct.hpp
[4.478s] -- Up-to-date symlink: /home/awadh/zed_ws/install/zed_interfaces/include/zed_interfaces/zed_interfaces/msg/detail/objects_stamped__traits.hpp
[4.478s] -- Up-to-date symlink: /home/awadh/zed_ws/install/zed_interfaces/include/zed_interfaces/zed_interfaces/msg/detail/plane_stamped__builder.hpp
[4.479s] -- Up-to-date symlink: /home/awadh/zed_ws/install/zed_interfaces/include/zed_interfaces/zed_interfaces/msg/detail/plane_stamped__struct.hpp
[4.479s] -- Up-to-date symlink: /home/awadh/zed_ws/install/zed_interfaces/include/zed_interfaces/zed_interfaces/msg/detail/plane_stamped__traits.hpp
[4.479s] -- Up-to-date symlink: /home/awadh/zed_ws/install/zed_interfaces/include/zed_interfaces/zed_interfaces/msg/detail/pos_track_status__builder.hpp
[4.479s] -- Up-to-date symlink: /home/awadh/zed_ws/install/zed_interfaces/include/zed_interfaces/zed_interfaces/msg/detail/pos_track_status__struct.hpp
[4.479s] -- Up-to-date symlink: /home/awadh/zed_ws/install/zed_interfaces/include/zed_interfaces/zed_interfaces/msg/detail/pos_track_status__traits.hpp
[4.479s] -- Up-to-date symlink: /home/awadh/zed_ws/install/zed_interfaces/include/zed_interfaces/zed_interfaces/msg/detail/skeleton2_d__builder.hpp
[4.480s] -- Up-to-date symlink: /home/awadh/zed_ws/install/zed_interfaces/include/zed_interfaces/zed_interfaces/msg/detail/skeleton2_d__struct.hpp
[4.480s] -- Up-to-date symlink: /home/awadh/zed_ws/install/zed_interfaces/include/zed_interfaces/zed_interfaces/msg/detail/skeleton2_d__traits.hpp
[4.480s] -- Up-to-date symlink: /home/awadh/zed_ws/install/zed_interfaces/include/zed_interfaces/zed_interfaces/msg/detail/skeleton3_d__builder.hpp
[4.480s] -- Up-to-date symlink: /home/awadh/zed_ws/install/zed_interfaces/include/zed_interfaces/zed_interfaces/msg/detail/skeleton3_d__struct.hpp
[4.480s] -- Up-to-date symlink: /home/awadh/zed_ws/install/zed_interfaces/include/zed_interfaces/zed_interfaces/msg/detail/skeleton3_d__traits.hpp
[4.480s] -- Up-to-date symlink: /home/awadh/zed_ws/install/zed_interfaces/include/zed_interfaces/zed_interfaces/msg/gnss_fusion_status.hpp
[4.480s] -- Up-to-date symlink: /home/awadh/zed_ws/install/zed_interfaces/include/zed_interfaces/zed_interfaces/msg/heartbeat.hpp
[4.481s] -- Up-to-date symlink: /home/awadh/zed_ws/install/zed_interfaces/include/zed_interfaces/zed_interfaces/msg/keypoint2_df.hpp
[4.481s] -- Up-to-date symlink: /home/awadh/zed_ws/install/zed_interfaces/include/zed_interfaces/zed_interfaces/msg/keypoint2_di.hpp
[4.481s] -- Up-to-date symlink: /home/awadh/zed_ws/install/zed_interfaces/include/zed_interfaces/zed_interfaces/msg/keypoint3_d.hpp
[4.481s] -- Up-to-date symlink: /home/awadh/zed_ws/install/zed_interfaces/include/zed_interfaces/zed_interfaces/msg/mag_heading_status.hpp
[4.481s] -- Up-to-date symlink: /home/awadh/zed_ws/install/zed_interfaces/include/zed_interfaces/zed_interfaces/msg/object.hpp
[4.481s] -- Up-to-date symlink: /home/awadh/zed_ws/install/zed_interfaces/include/zed_interfaces/zed_interfaces/msg/objects_stamped.hpp
[4.481s] -- Up-to-date symlink: /home/awadh/zed_ws/install/zed_interfaces/include/zed_interfaces/zed_interfaces/msg/plane_stamped.hpp
[4.482s] -- Up-to-date symlink: /home/awadh/zed_ws/install/zed_interfaces/include/zed_interfaces/zed_interfaces/msg/pos_track_status.hpp
[4.482s] -- Up-to-date symlink: /home/awadh/zed_ws/install/zed_interfaces/include/zed_interfaces/zed_interfaces/msg/skeleton2_d.hpp
[4.482s] -- Up-to-date symlink: /home/awadh/zed_ws/install/zed_interfaces/include/zed_interfaces/zed_interfaces/msg/skeleton3_d.hpp
[4.482s] -- Up-to-date symlink: /home/awadh/zed_ws/install/zed_interfaces/include/zed_interfaces/zed_interfaces/srv/detail/set_pose__builder.hpp
[4.482s] -- Up-to-date symlink: /home/awadh/zed_ws/install/zed_interfaces/include/zed_interfaces/zed_interfaces/srv/detail/set_pose__struct.hpp
[4.482s] -- Up-to-date symlink: /home/awadh/zed_ws/install/zed_interfaces/include/zed_interfaces/zed_interfaces/srv/detail/set_pose__traits.hpp
[4.482s] -- Up-to-date symlink: /home/awadh/zed_ws/install/zed_interfaces/include/zed_interfaces/zed_interfaces/srv/detail/set_roi__builder.hpp
[4.483s] -- Up-to-date symlink: /home/awadh/zed_ws/install/zed_interfaces/include/zed_interfaces/zed_interfaces/srv/detail/set_roi__struct.hpp
[4.483s] -- Up-to-date symlink: /home/awadh/zed_ws/install/zed_interfaces/include/zed_interfaces/zed_interfaces/srv/detail/set_roi__traits.hpp
[4.483s] -- Up-to-date symlink: /home/awadh/zed_ws/install/zed_interfaces/include/zed_interfaces/zed_interfaces/srv/detail/start_svo_rec__builder.hpp
[4.483s] -- Up-to-date symlink: /home/awadh/zed_ws/install/zed_interfaces/include/zed_interfaces/zed_interfaces/srv/detail/start_svo_rec__struct.hpp
[4.483s] -- Up-to-date symlink: /home/awadh/zed_ws/install/zed_interfaces/include/zed_interfaces/zed_interfaces/srv/detail/start_svo_rec__traits.hpp
[4.483s] -- Up-to-date symlink: /home/awadh/zed_ws/install/zed_interfaces/include/zed_interfaces/zed_interfaces/srv/set_pose.hpp
[4.483s] -- Up-to-date symlink: /home/awadh/zed_ws/install/zed_interfaces/include/zed_interfaces/zed_interfaces/srv/set_roi.hpp
[4.484s] -- Up-to-date symlink: /home/awadh/zed_ws/install/zed_interfaces/include/zed_interfaces/zed_interfaces/srv/start_svo_rec.hpp
[4.484s] -- Up-to-date symlink: /home/awadh/zed_ws/install/zed_interfaces/include/zed_interfaces/zed_interfaces/msg/detail/bounding_box2_df__rosidl_typesupport_fastrtps_cpp.hpp
[4.484s] -- Up-to-date symlink: /home/awadh/zed_ws/install/zed_interfaces/include/zed_interfaces/zed_interfaces/msg/detail/bounding_box2_di__rosidl_typesupport_fastrtps_cpp.hpp
[4.485s] -- Up-to-date symlink: /home/awadh/zed_ws/install/zed_interfaces/include/zed_interfaces/zed_interfaces/msg/detail/bounding_box3_d__rosidl_typesupport_fastrtps_cpp.hpp
[4.485s] -- Up-to-date symlink: /home/awadh/zed_ws/install/zed_interfaces/include/zed_interfaces/zed_interfaces/msg/detail/depth_info_stamped__rosidl_typesupport_fastrtps_cpp.hpp
[4.485s] -- Up-to-date symlink: /home/awadh/zed_ws/install/zed_interfaces/include/zed_interfaces/zed_interfaces/msg/detail/gnss_fusion_status__rosidl_typesupport_fastrtps_cpp.hpp
[4.485s] -- Up-to-date symlink: /home/awadh/zed_ws/install/zed_interfaces/include/zed_interfaces/zed_interfaces/msg/detail/heartbeat__rosidl_typesupport_fastrtps_cpp.hpp
[4.485s] -- Up-to-date symlink: /home/awadh/zed_ws/install/zed_interfaces/include/zed_interfaces/zed_interfaces/msg/detail/keypoint2_df__rosidl_typesupport_fastrtps_cpp.hpp
[4.485s] -- Up-to-date symlink: /home/awadh/zed_ws/install/zed_interfaces/include/zed_interfaces/zed_interfaces/msg/detail/keypoint2_di__rosidl_typesupport_fastrtps_cpp.hpp
[4.485s] -- Up-to-date symlink: /home/awadh/zed_ws/install/zed_interfaces/include/zed_interfaces/zed_interfaces/msg/detail/keypoint3_d__rosidl_typesupport_fastrtps_cpp.hpp
[4.486s] -- Up-to-date symlink: /home/awadh/zed_ws/install/zed_interfaces/include/zed_interfaces/zed_interfaces/msg/detail/mag_heading_status__rosidl_typesupport_fastrtps_cpp.hpp
[4.486s] -- Up-to-date symlink: /home/awadh/zed_ws/install/zed_interfaces/include/zed_interfaces/zed_interfaces/msg/detail/object__rosidl_typesupport_fastrtps_cpp.hpp
[4.486s] -- Up-to-date symlink: /home/awadh/zed_ws/install/zed_interfaces/include/zed_interfaces/zed_interfaces/msg/detail/objects_stamped__rosidl_typesupport_fastrtps_cpp.hpp
[4.486s] -- Up-to-date symlink: /home/awadh/zed_ws/install/zed_interfaces/include/zed_interfaces/zed_interfaces/msg/detail/plane_stamped__rosidl_typesupport_fastrtps_cpp.hpp
[4.486s] -- Up-to-date symlink: /home/awadh/zed_ws/install/zed_interfaces/include/zed_interfaces/zed_interfaces/msg/detail/pos_track_status__rosidl_typesupport_fastrtps_cpp.hpp
[4.486s] -- Up-to-date symlink: /home/awadh/zed_ws/install/zed_interfaces/include/zed_interfaces/zed_interfaces/msg/detail/skeleton2_d__rosidl_typesupport_fastrtps_cpp.hpp
[4.486s] -- Up-to-date symlink: /home/awadh/zed_ws/install/zed_interfaces/include/zed_interfaces/zed_interfaces/msg/detail/skeleton3_d__rosidl_typesupport_fastrtps_cpp.hpp
[4.487s] -- Up-to-date symlink: /home/awadh/zed_ws/install/zed_interfaces/include/zed_interfaces/zed_interfaces/msg/rosidl_typesupport_fastrtps_cpp__visibility_control.h
[4.487s] -- Up-to-date symlink: /home/awadh/zed_ws/install/zed_interfaces/include/zed_interfaces/zed_interfaces/srv/detail/set_pose__rosidl_typesupport_fastrtps_cpp.hpp
[4.487s] -- Up-to-date symlink: /home/awadh/zed_ws/install/zed_interfaces/include/zed_interfaces/zed_interfaces/srv/detail/set_roi__rosidl_typesupport_fastrtps_cpp.hpp
[4.487s] -- Up-to-date symlink: /home/awadh/zed_ws/install/zed_interfaces/include/zed_interfaces/zed_interfaces/srv/detail/start_svo_rec__rosidl_typesupport_fastrtps_cpp.hpp
[4.488s] -- Up-to-date symlink: /home/awadh/zed_ws/install/zed_interfaces/include/zed_interfaces/zed_interfaces/msg/detail/bounding_box2_df__rosidl_typesupport_introspection_c.h
[4.488s] -- Up-to-date symlink: /home/awadh/zed_ws/install/zed_interfaces/include/zed_interfaces/zed_interfaces/msg/detail/bounding_box2_di__rosidl_typesupport_introspection_c.h
[4.488s] -- Up-to-date symlink: /home/awadh/zed_ws/install/zed_interfaces/include/zed_interfaces/zed_interfaces/msg/detail/bounding_box3_d__rosidl_typesupport_introspection_c.h
[4.488s] -- Up-to-date symlink: /home/awadh/zed_ws/install/zed_interfaces/include/zed_interfaces/zed_interfaces/msg/detail/depth_info_stamped__rosidl_typesupport_introspection_c.h
[4.488s] -- Up-to-date symlink: /home/awadh/zed_ws/install/zed_interfaces/include/zed_interfaces/zed_interfaces/msg/detail/gnss_fusion_status__rosidl_typesupport_introspection_c.h
[4.488s] -- Up-to-date symlink: /home/awadh/zed_ws/install/zed_interfaces/include/zed_interfaces/zed_interfaces/msg/detail/heartbeat__rosidl_typesupport_introspection_c.h
[4.489s] -- Up-to-date symlink: /home/awadh/zed_ws/install/zed_interfaces/include/zed_interfaces/zed_interfaces/msg/detail/keypoint2_df__rosidl_typesupport_introspection_c.h
[4.489s] -- Up-to-date symlink: /home/awadh/zed_ws/install/zed_interfaces/include/zed_interfaces/zed_interfaces/msg/detail/keypoint2_di__rosidl_typesupport_introspection_c.h
[4.489s] -- Up-to-date symlink: /home/awadh/zed_ws/install/zed_interfaces/include/zed_interfaces/zed_interfaces/msg/detail/keypoint3_d__rosidl_typesupport_introspection_c.h
[4.489s] -- Up-to-date symlink: /home/awadh/zed_ws/install/zed_interfaces/include/zed_interfaces/zed_interfaces/msg/detail/mag_heading_status__rosidl_typesupport_introspection_c.h
[4.489s] -- Up-to-date symlink: /home/awadh/zed_ws/install/zed_interfaces/include/zed_interfaces/zed_interfaces/msg/detail/object__rosidl_typesupport_introspection_c.h
[4.489s] -- Up-to-date symlink: /home/awadh/zed_ws/install/zed_interfaces/include/zed_interfaces/zed_interfaces/msg/detail/objects_stamped__rosidl_typesupport_introspection_c.h
[4.489s] -- Up-to-date symlink: /home/awadh/zed_ws/install/zed_interfaces/include/zed_interfaces/zed_interfaces/msg/detail/plane_stamped__rosidl_typesupport_introspection_c.h
[4.490s] -- Up-to-date symlink: /home/awadh/zed_ws/install/zed_interfaces/include/zed_interfaces/zed_interfaces/msg/detail/pos_track_status__rosidl_typesupport_introspection_c.h
[4.490s] -- Up-to-date symlink: /home/awadh/zed_ws/install/zed_interfaces/include/zed_interfaces/zed_interfaces/msg/detail/skeleton2_d__rosidl_typesupport_introspection_c.h
[4.490s] -- Up-to-date symlink: /home/awadh/zed_ws/install/zed_interfaces/include/zed_interfaces/zed_interfaces/msg/detail/skeleton3_d__rosidl_typesupport_introspection_c.h
[4.490s] -- Up-to-date symlink: /home/awadh/zed_ws/install/zed_interfaces/include/zed_interfaces/zed_interfaces/msg/rosidl_typesupport_introspection_c__visibility_control.h
[4.490s] -- Up-to-date symlink: /home/awadh/zed_ws/install/zed_interfaces/include/zed_interfaces/zed_interfaces/srv/detail/set_pose__rosidl_typesupport_introspection_c.h
[4.490s] -- Up-to-date symlink: /home/awadh/zed_ws/install/zed_interfaces/include/zed_interfaces/zed_interfaces/srv/detail/set_roi__rosidl_typesupport_introspection_c.h
[4.490s] -- Up-to-date symlink: /home/awadh/zed_ws/install/zed_interfaces/include/zed_interfaces/zed_interfaces/srv/detail/start_svo_rec__rosidl_typesupport_introspection_c.h
[4.491s] -- Up-to-date symlink: /home/awadh/zed_ws/install/zed_interfaces/include/zed_interfaces/zed_interfaces/msg/detail/bounding_box2_df__rosidl_typesupport_introspection_cpp.hpp
[4.491s] -- Up-to-date symlink: /home/awadh/zed_ws/install/zed_interfaces/include/zed_interfaces/zed_interfaces/msg/detail/bounding_box2_di__rosidl_typesupport_introspection_cpp.hpp
[4.491s] -- Up-to-date symlink: /home/awadh/zed_ws/install/zed_interfaces/include/zed_interfaces/zed_interfaces/msg/detail/bounding_box3_d__rosidl_typesupport_introspection_cpp.hpp
[4.491s] -- Up-to-date symlink: /home/awadh/zed_ws/install/zed_interfaces/include/zed_interfaces/zed_interfaces/msg/detail/depth_info_stamped__rosidl_typesupport_introspection_cpp.hpp
[4.491s] -- Up-to-date symlink: /home/awadh/zed_ws/install/zed_interfaces/include/zed_interfaces/zed_interfaces/msg/detail/gnss_fusion_status__rosidl_typesupport_introspection_cpp.hpp
[4.492s] -- Up-to-date symlink: /home/awadh/zed_ws/install/zed_interfaces/include/zed_interfaces/zed_interfaces/msg/detail/heartbeat__rosidl_typesupport_introspection_cpp.hpp
[4.492s] -- Up-to-date symlink: /home/awadh/zed_ws/install/zed_interfaces/include/zed_interfaces/zed_interfaces/msg/detail/keypoint2_df__rosidl_typesupport_introspection_cpp.hpp
[4.492s] -- Up-to-date symlink: /home/awadh/zed_ws/install/zed_interfaces/include/zed_interfaces/zed_interfaces/msg/detail/keypoint2_di__rosidl_typesupport_introspection_cpp.hpp
[4.492s] -- Up-to-date symlink: /home/awadh/zed_ws/install/zed_interfaces/include/zed_interfaces/zed_interfaces/msg/detail/keypoint3_d__rosidl_typesupport_introspection_cpp.hpp
[4.492s] -- Up-to-date symlink: /home/awadh/zed_ws/install/zed_interfaces/include/zed_interfaces/zed_interfaces/msg/detail/mag_heading_status__rosidl_typesupport_introspection_cpp.hpp
[4.492s] -- Up-to-date symlink: /home/awadh/zed_ws/install/zed_interfaces/include/zed_interfaces/zed_interfaces/msg/detail/object__rosidl_typesupport_introspection_cpp.hpp
[4.492s] -- Up-to-date symlink: /home/awadh/zed_ws/install/zed_interfaces/include/zed_interfaces/zed_interfaces/msg/detail/objects_stamped__rosidl_typesupport_introspection_cpp.hpp
[4.493s] -- Up-to-date symlink: /home/awadh/zed_ws/install/zed_interfaces/include/zed_interfaces/zed_interfaces/msg/detail/plane_stamped__rosidl_typesupport_introspection_cpp.hpp
[4.493s] -- Up-to-date symlink: /home/awadh/zed_ws/install/zed_interfaces/include/zed_interfaces/zed_interfaces/msg/detail/pos_track_status__rosidl_typesupport_introspection_cpp.hpp
[4.493s] -- Up-to-date symlink: /home/awadh/zed_ws/install/zed_interfaces/include/zed_interfaces/zed_interfaces/msg/detail/skeleton2_d__rosidl_typesupport_introspection_cpp.hpp
[4.493s] -- Up-to-date symlink: /home/awadh/zed_ws/install/zed_interfaces/include/zed_interfaces/zed_interfaces/msg/detail/skeleton3_d__rosidl_typesupport_introspection_cpp.hpp
[4.493s] -- Up-to-date symlink: /home/awadh/zed_ws/install/zed_interfaces/include/zed_interfaces/zed_interfaces/srv/detail/set_pose__rosidl_typesupport_introspection_cpp.hpp
[4.493s] -- Up-to-date symlink: /home/awadh/zed_ws/install/zed_interfaces/include/zed_interfaces/zed_interfaces/srv/detail/set_roi__rosidl_typesupport_introspection_cpp.hpp
[4.493s] -- Up-to-date symlink: /home/awadh/zed_ws/install/zed_interfaces/include/zed_interfaces/zed_interfaces/srv/detail/start_svo_rec__rosidl_typesupport_introspection_cpp.hpp
[4.494s] -- Up-to-date symlink: /home/awadh/zed_ws/install/zed_interfaces/share/zed_interfaces/environment/pythonpath.sh
[4.494s] -- Up-to-date symlink: /home/awadh/zed_ws/install/zed_interfaces/share/zed_interfaces/environment/pythonpath.dsv
[4.494s] -- Up-to-date symlink: /home/awadh/zed_ws/install/zed_interfaces/local/lib/python3.10/dist-packages/zed_interfaces-4.1.0-py3.10.egg-info/PKG-INFO
[4.494s] -- Up-to-date symlink: /home/awadh/zed_ws/install/zed_interfaces/local/lib/python3.10/dist-packages/zed_interfaces-4.1.0-py3.10.egg-info/SOURCES.txt
[4.494s] -- Up-to-date symlink: /home/awadh/zed_ws/install/zed_interfaces/local/lib/python3.10/dist-packages/zed_interfaces-4.1.0-py3.10.egg-info/dependency_links.txt
[4.494s] -- Up-to-date symlink: /home/awadh/zed_ws/install/zed_interfaces/local/lib/python3.10/dist-packages/zed_interfaces-4.1.0-py3.10.egg-info/top_level.txt
[4.495s] -- Up-to-date symlink: /home/awadh/zed_ws/install/zed_interfaces/local/lib/python3.10/dist-packages/zed_interfaces/__init__.py
[4.495s] -- Up-to-date symlink: /home/awadh/zed_ws/install/zed_interfaces/local/lib/python3.10/dist-packages/zed_interfaces/_zed_interfaces_s.ep.rosidl_typesupport_c.c
[4.495s] -- Up-to-date symlink: /home/awadh/zed_ws/install/zed_interfaces/local/lib/python3.10/dist-packages/zed_interfaces/_zed_interfaces_s.ep.rosidl_typesupport_fastrtps_c.c
[4.495s] -- Up-to-date symlink: /home/awadh/zed_ws/install/zed_interfaces/local/lib/python3.10/dist-packages/zed_interfaces/_zed_interfaces_s.ep.rosidl_typesupport_introspection_c.c
[4.495s] -- Up-to-date symlink: /home/awadh/zed_ws/install/zed_interfaces/local/lib/python3.10/dist-packages/zed_interfaces/libzed_interfaces__rosidl_generator_py.so
[4.496s] -- Up-to-date symlink: /home/awadh/zed_ws/install/zed_interfaces/local/lib/python3.10/dist-packages/zed_interfaces/msg/__init__.py
[4.496s] -- Up-to-date symlink: /home/awadh/zed_ws/install/zed_interfaces/local/lib/python3.10/dist-packages/zed_interfaces/msg/_bounding_box2_df.py
[4.496s] -- Up-to-date symlink: /home/awadh/zed_ws/install/zed_interfaces/local/lib/python3.10/dist-packages/zed_interfaces/msg/_bounding_box2_df_s.c
[4.496s] -- Up-to-date symlink: /home/awadh/zed_ws/install/zed_interfaces/local/lib/python3.10/dist-packages/zed_interfaces/msg/_bounding_box2_di.py
[4.496s] -- Up-to-date symlink: /home/awadh/zed_ws/install/zed_interfaces/local/lib/python3.10/dist-packages/zed_interfaces/msg/_bounding_box2_di_s.c
[4.496s] -- Up-to-date symlink: /home/awadh/zed_ws/install/zed_interfaces/local/lib/python3.10/dist-packages/zed_interfaces/msg/_bounding_box3_d.py
[4.497s] -- Up-to-date symlink: /home/awadh/zed_ws/install/zed_interfaces/local/lib/python3.10/dist-packages/zed_interfaces/msg/_bounding_box3_d_s.c
[4.497s] -- Up-to-date symlink: /home/awadh/zed_ws/install/zed_interfaces/local/lib/python3.10/dist-packages/zed_interfaces/msg/_depth_info_stamped.py
[4.497s] -- Up-to-date symlink: /home/awadh/zed_ws/install/zed_interfaces/local/lib/python3.10/dist-packages/zed_interfaces/msg/_depth_info_stamped_s.c
[4.497s] -- Up-to-date symlink: /home/awadh/zed_ws/install/zed_interfaces/local/lib/python3.10/dist-packages/zed_interfaces/msg/_gnss_fusion_status.py
[4.497s] -- Up-to-date symlink: /home/awadh/zed_ws/install/zed_interfaces/local/lib/python3.10/dist-packages/zed_interfaces/msg/_gnss_fusion_status_s.c
[4.497s] -- Up-to-date symlink: /home/awadh/zed_ws/install/zed_interfaces/local/lib/python3.10/dist-packages/zed_interfaces/msg/_heartbeat.py
[4.497s] -- Up-to-date symlink: /home/awadh/zed_ws/install/zed_interfaces/local/lib/python3.10/dist-packages/zed_interfaces/msg/_heartbeat_s.c
[4.497s] -- Up-to-date symlink: /home/awadh/zed_ws/install/zed_interfaces/local/lib/python3.10/dist-packages/zed_interfaces/msg/_keypoint2_df.py
[4.498s] -- Up-to-date symlink: /home/awadh/zed_ws/install/zed_interfaces/local/lib/python3.10/dist-packages/zed_interfaces/msg/_keypoint2_df_s.c
[4.498s] -- Up-to-date symlink: /home/awadh/zed_ws/install/zed_interfaces/local/lib/python3.10/dist-packages/zed_interfaces/msg/_keypoint2_di.py
[4.498s] -- Up-to-date symlink: /home/awadh/zed_ws/install/zed_interfaces/local/lib/python3.10/dist-packages/zed_interfaces/msg/_keypoint2_di_s.c
[4.498s] -- Up-to-date symlink: /home/awadh/zed_ws/install/zed_interfaces/local/lib/python3.10/dist-packages/zed_interfaces/msg/_keypoint3_d.py
[4.498s] -- Up-to-date symlink: /home/awadh/zed_ws/install/zed_interfaces/local/lib/python3.10/dist-packages/zed_interfaces/msg/_keypoint3_d_s.c
[4.498s] -- Up-to-date symlink: /home/awadh/zed_ws/install/zed_interfaces/local/lib/python3.10/dist-packages/zed_interfaces/msg/_mag_heading_status.py
[4.498s] -- Up-to-date symlink: /home/awadh/zed_ws/install/zed_interfaces/local/lib/python3.10/dist-packages/zed_interfaces/msg/_mag_heading_status_s.c
[4.499s] -- Up-to-date symlink: /home/awadh/zed_ws/install/zed_interfaces/local/lib/python3.10/dist-packages/zed_interfaces/msg/_object.py
[4.499s] -- Up-to-date symlink: /home/awadh/zed_ws/install/zed_interfaces/local/lib/python3.10/dist-packages/zed_interfaces/msg/_object_s.c
[4.499s] -- Up-to-date symlink: /home/awadh/zed_ws/install/zed_interfaces/local/lib/python3.10/dist-packages/zed_interfaces/msg/_objects_stamped.py
[4.499s] -- Up-to-date symlink: /home/awadh/zed_ws/install/zed_interfaces/local/lib/python3.10/dist-packages/zed_interfaces/msg/_objects_stamped_s.c
[4.499s] -- Up-to-date symlink: /home/awadh/zed_ws/install/zed_interfaces/local/lib/python3.10/dist-packages/zed_interfaces/msg/_plane_stamped.py
[4.499s] -- Up-to-date symlink: /home/awadh/zed_ws/install/zed_interfaces/local/lib/python3.10/dist-packages/zed_interfaces/msg/_plane_stamped_s.c
[4.499s] -- Up-to-date symlink: /home/awadh/zed_ws/install/zed_interfaces/local/lib/python3.10/dist-packages/zed_interfaces/msg/_pos_track_status.py
[4.500s] -- Up-to-date symlink: /home/awadh/zed_ws/install/zed_interfaces/local/lib/python3.10/dist-packages/zed_interfaces/msg/_pos_track_status_s.c
[4.500s] -- Up-to-date symlink: /home/awadh/zed_ws/install/zed_interfaces/local/lib/python3.10/dist-packages/zed_interfaces/msg/_skeleton2_d.py
[4.500s] -- Up-to-date symlink: /home/awadh/zed_ws/install/zed_interfaces/local/lib/python3.10/dist-packages/zed_interfaces/msg/_skeleton2_d_s.c
[4.500s] -- Up-to-date symlink: /home/awadh/zed_ws/install/zed_interfaces/local/lib/python3.10/dist-packages/zed_interfaces/msg/_skeleton3_d.py
[4.500s] -- Up-to-date symlink: /home/awadh/zed_ws/install/zed_interfaces/local/lib/python3.10/dist-packages/zed_interfaces/msg/_skeleton3_d_s.c
[4.500s] -- Up-to-date symlink: /home/awadh/zed_ws/install/zed_interfaces/local/lib/python3.10/dist-packages/zed_interfaces/srv/__init__.py
[4.500s] -- Up-to-date symlink: /home/awadh/zed_ws/install/zed_interfaces/local/lib/python3.10/dist-packages/zed_interfaces/srv/_set_pose.py
[4.501s] -- Up-to-date symlink: /home/awadh/zed_ws/install/zed_interfaces/local/lib/python3.10/dist-packages/zed_interfaces/srv/_set_pose_s.c
[4.501s] -- Up-to-date symlink: /home/awadh/zed_ws/install/zed_interfaces/local/lib/python3.10/dist-packages/zed_interfaces/srv/_set_roi.py
[4.501s] -- Up-to-date symlink: /home/awadh/zed_ws/install/zed_interfaces/local/lib/python3.10/dist-packages/zed_interfaces/srv/_set_roi_s.c
[4.501s] -- Up-to-date symlink: /home/awadh/zed_ws/install/zed_interfaces/local/lib/python3.10/dist-packages/zed_interfaces/srv/_start_svo_rec.py
[4.501s] -- Up-to-date symlink: /home/awadh/zed_ws/install/zed_interfaces/local/lib/python3.10/dist-packages/zed_interfaces/srv/_start_svo_rec_s.c
[4.501s] -- Up-to-date symlink: /home/awadh/zed_ws/install/zed_interfaces/local/lib/python3.10/dist-packages/zed_interfaces/zed_interfaces_s__rosidl_typesupport_c.cpython-310-x86_64-linux-gnu.so
[4.501s] -- Up-to-date symlink: /home/awadh/zed_ws/install/zed_interfaces/local/lib/python3.10/dist-packages/zed_interfaces/zed_interfaces_s__rosidl_typesupport_fastrtps_c.cpython-310-x86_64-linux-gnu.so
[4.502s] -- Up-to-date symlink: /home/awadh/zed_ws/install/zed_interfaces/local/lib/python3.10/dist-packages/zed_interfaces/zed_interfaces_s__rosidl_typesupport_introspection_c.cpython-310-x86_64-linux-gnu.so
[4.502s] -- Up-to-date symlink: /home/awadh/zed_ws/install/zed_interfaces/local/lib/python3.10/dist-packages/zed_interfaces/zed_interfaces_s__rosidl_typesupport_fastrtps_c.cpython-310-x86_64-linux-gnu.so
[4.502s] -- Up-to-date symlink: /home/awadh/zed_ws/install/zed_interfaces/local/lib/python3.10/dist-packages/zed_interfaces/zed_interfaces_s__rosidl_typesupport_introspection_c.cpython-310-x86_64-linux-gnu.so
[4.502s] -- Up-to-date symlink: /home/awadh/zed_ws/install/zed_interfaces/local/lib/python3.10/dist-packages/zed_interfaces/zed_interfaces_s__rosidl_typesupport_c.cpython-310-x86_64-linux-gnu.so
[4.502s] -- Up-to-date symlink: /home/awadh/zed_ws/install/zed_interfaces/share/zed_interfaces/msg/Object.idl
[4.503s] -- Up-to-date symlink: /home/awadh/zed_ws/install/zed_interfaces/share/zed_interfaces/msg/ObjectsStamped.idl
[4.503s] -- Up-to-date symlink: /home/awadh/zed_ws/install/zed_interfaces/share/zed_interfaces/msg/Keypoint2Di.idl
[4.503s] -- Up-to-date symlink: /home/awadh/zed_ws/install/zed_interfaces/share/zed_interfaces/msg/Keypoint2Df.idl
[4.503s] -- Up-to-date symlink: /home/awadh/zed_ws/install/zed_interfaces/share/zed_interfaces/msg/Keypoint3D.idl
[4.503s] -- Up-to-date symlink: /home/awadh/zed_ws/install/zed_interfaces/share/zed_interfaces/msg/BoundingBox2Di.idl
[4.503s] -- Up-to-date symlink: /home/awadh/zed_ws/install/zed_interfaces/share/zed_interfaces/msg/BoundingBox2Df.idl
[4.504s] -- Up-to-date symlink: /home/awadh/zed_ws/install/zed_interfaces/share/zed_interfaces/msg/BoundingBox3D.idl
[4.504s] -- Up-to-date symlink: /home/awadh/zed_ws/install/zed_interfaces/share/zed_interfaces/msg/Skeleton2D.idl
[4.504s] -- Up-to-date symlink: /home/awadh/zed_ws/install/zed_interfaces/share/zed_interfaces/msg/Skeleton3D.idl
[4.504s] -- Up-to-date symlink: /home/awadh/zed_ws/install/zed_interfaces/share/zed_interfaces/msg/DepthInfoStamped.idl
[4.504s] -- Up-to-date symlink: /home/awadh/zed_ws/install/zed_interfaces/share/zed_interfaces/msg/PlaneStamped.idl
[4.504s] -- Up-to-date symlink: /home/awadh/zed_ws/install/zed_interfaces/share/zed_interfaces/msg/PosTrackStatus.idl
[4.505s] -- Up-to-date symlink: /home/awadh/zed_ws/install/zed_interfaces/share/zed_interfaces/msg/GnssFusionStatus.idl
[4.505s] -- Up-to-date symlink: /home/awadh/zed_ws/install/zed_interfaces/share/zed_interfaces/msg/Heartbeat.idl
[4.505s] -- Up-to-date symlink: /home/awadh/zed_ws/install/zed_interfaces/share/zed_interfaces/msg/MagHeadingStatus.idl
[4.505s] -- Up-to-date symlink: /home/awadh/zed_ws/install/zed_interfaces/share/zed_interfaces/srv/SetPose.idl
[4.505s] -- Up-to-date symlink: /home/awadh/zed_ws/install/zed_interfaces/share/zed_interfaces/srv/StartSvoRec.idl
[4.505s] -- Up-to-date symlink: /home/awadh/zed_ws/install/zed_interfaces/share/zed_interfaces/srv/SetROI.idl
[4.506s] -- Up-to-date symlink: /home/awadh/zed_ws/install/zed_interfaces/share/zed_interfaces/msg/Object.msg
[4.506s] -- Up-to-date symlink: /home/awadh/zed_ws/install/zed_interfaces/share/zed_interfaces/msg/ObjectsStamped.msg
[4.506s] -- Up-to-date symlink: /home/awadh/zed_ws/install/zed_interfaces/share/zed_interfaces/msg/Keypoint2Di.msg
[4.506s] -- Up-to-date symlink: /home/awadh/zed_ws/install/zed_interfaces/share/zed_interfaces/msg/Keypoint2Df.msg
[4.506s] -- Up-to-date symlink: /home/awadh/zed_ws/install/zed_interfaces/share/zed_interfaces/msg/Keypoint3D.msg
[4.506s] -- Up-to-date symlink: /home/awadh/zed_ws/install/zed_interfaces/share/zed_interfaces/msg/BoundingBox2Di.msg
[4.507s] -- Up-to-date symlink: /home/awadh/zed_ws/install/zed_interfaces/share/zed_interfaces/msg/BoundingBox2Df.msg
[4.507s] -- Up-to-date symlink: /home/awadh/zed_ws/install/zed_interfaces/share/zed_interfaces/msg/BoundingBox3D.msg
[4.507s] -- Up-to-date symlink: /home/awadh/zed_ws/install/zed_interfaces/share/zed_interfaces/msg/Skeleton2D.msg
[4.507s] -- Up-to-date symlink: /home/awadh/zed_ws/install/zed_interfaces/share/zed_interfaces/msg/Skeleton3D.msg
[4.507s] -- Up-to-date symlink: /home/awadh/zed_ws/install/zed_interfaces/share/zed_interfaces/msg/DepthInfoStamped.msg
[4.507s] -- Up-to-date symlink: /home/awadh/zed_ws/install/zed_interfaces/share/zed_interfaces/msg/PlaneStamped.msg
[4.507s] -- Up-to-date symlink: /home/awadh/zed_ws/install/zed_interfaces/share/zed_interfaces/msg/PosTrackStatus.msg
[4.508s] -- Up-to-date symlink: /home/awadh/zed_ws/install/zed_interfaces/share/zed_interfaces/msg/GnssFusionStatus.msg
[4.508s] -- Up-to-date symlink: /home/awadh/zed_ws/install/zed_interfaces/share/zed_interfaces/msg/Heartbeat.msg
[4.508s] -- Up-to-date symlink: /home/awadh/zed_ws/install/zed_interfaces/share/zed_interfaces/msg/MagHeadingStatus.msg
[4.508s] -- Up-to-date symlink: /home/awadh/zed_ws/install/zed_interfaces/share/zed_interfaces/srv/SetPose.srv
[4.508s] -- Up-to-date symlink: /home/awadh/zed_ws/install/zed_interfaces/share/zed_interfaces/srv/SetPose_Request.msg
[4.508s] -- Up-to-date symlink: /home/awadh/zed_ws/install/zed_interfaces/share/zed_interfaces/srv/SetPose_Response.msg
[4.509s] -- Up-to-date symlink: /home/awadh/zed_ws/install/zed_interfaces/share/zed_interfaces/srv/StartSvoRec.srv
[4.509s] -- Up-to-date symlink: /home/awadh/zed_ws/install/zed_interfaces/share/zed_interfaces/srv/StartSvoRec_Request.msg
[4.509s] -- Up-to-date symlink: /home/awadh/zed_ws/install/zed_interfaces/share/zed_interfaces/srv/StartSvoRec_Response.msg
[4.509s] -- Up-to-date symlink: /home/awadh/zed_ws/install/zed_interfaces/share/zed_interfaces/srv/SetROI.srv
[4.509s] -- Up-to-date symlink: /home/awadh/zed_ws/install/zed_interfaces/share/zed_interfaces/srv/SetROI_Request.msg
[4.509s] -- Up-to-date symlink: /home/awadh/zed_ws/install/zed_interfaces/share/zed_interfaces/srv/SetROI_Response.msg
[4.510s] -- Up-to-date symlink: /home/awadh/zed_ws/install/zed_interfaces/share/zed_interfaces/meshes/virtual.stl
[4.510s] -- Up-to-date symlink: /home/awadh/zed_ws/install/zed_interfaces/share/zed_interfaces/meshes/zed.stl
[4.510s] -- Up-to-date symlink: /home/awadh/zed_ws/install/zed_interfaces/share/zed_interfaces/meshes/zed2.stl
[4.510s] -- Up-to-date symlink: /home/awadh/zed_ws/install/zed_interfaces/share/zed_interfaces/meshes/zed2i.stl
[4.510s] -- Up-to-date symlink: /home/awadh/zed_ws/install/zed_interfaces/share/zed_interfaces/meshes/zedm.stl
[4.510s] -- Up-to-date symlink: /home/awadh/zed_ws/install/zed_interfaces/share/zed_interfaces/meshes/zedx.stl
[4.511s] -- Up-to-date symlink: /home/awadh/zed_ws/install/zed_interfaces/share/zed_interfaces/meshes/zedxm.stl
[4.511s] -- Up-to-date symlink: /home/awadh/zed_ws/install/zed_interfaces/share/ament_index/resource_index/package_run_dependencies/zed_interfaces
[4.511s] -- Up-to-date symlink: /home/awadh/zed_ws/install/zed_interfaces/share/ament_index/resource_index/parent_prefix_path/zed_interfaces
[4.511s] -- Up-to-date symlink: /home/awadh/zed_ws/install/zed_interfaces/share/zed_interfaces/environment/ament_prefix_path.sh
[4.511s] -- Up-to-date symlink: /home/awadh/zed_ws/install/zed_interfaces/share/zed_interfaces/environment/ament_prefix_path.dsv
[4.511s] -- Up-to-date symlink: /home/awadh/zed_ws/install/zed_interfaces/share/zed_interfaces/environment/path.sh
[4.511s] -- Up-to-date symlink: /home/awadh/zed_ws/install/zed_interfaces/share/zed_interfaces/environment/path.dsv
[4.512s] -- Up-to-date symlink: /home/awadh/zed_ws/install/zed_interfaces/share/zed_interfaces/local_setup.bash
[4.512s] -- Up-to-date symlink: /home/awadh/zed_ws/install/zed_interfaces/share/zed_interfaces/local_setup.sh
[4.512s] -- Up-to-date symlink: /home/awadh/zed_ws/install/zed_interfaces/share/zed_interfaces/local_setup.zsh
[4.512s] -- Up-to-date symlink: /home/awadh/zed_ws/install/zed_interfaces/share/zed_interfaces/local_setup.dsv
[4.512s] -- Symlinking: /home/awadh/zed_ws/install/zed_interfaces/share/zed_interfaces/package.dsv
[4.520s] -- Up-to-date symlink: /home/awadh/zed_ws/install/zed_interfaces/share/ament_index/resource_index/packages/zed_interfaces
[4.520s] -- Up-to-date symlink: /home/awadh/zed_ws/install/zed_interfaces/share/zed_interfaces/cmake/rosidl_cmake-extras.cmake
[4.520s] -- Up-to-date symlink: /home/awadh/zed_ws/install/zed_interfaces/share/zed_interfaces/cmake/ament_cmake_export_dependencies-extras.cmake
[4.520s] -- Up-to-date symlink: /home/awadh/zed_ws/install/zed_interfaces/share/zed_interfaces/cmake/ament_cmake_export_include_directories-extras.cmake
[4.521s] -- Up-to-date symlink: /home/awadh/zed_ws/install/zed_interfaces/share/zed_interfaces/cmake/ament_cmake_export_libraries-extras.cmake
[4.521s] -- Up-to-date symlink: /home/awadh/zed_ws/install/zed_interfaces/share/zed_interfaces/cmake/ament_cmake_export_targets-extras.cmake
[4.521s] -- Up-to-date symlink: /home/awadh/zed_ws/install/zed_interfaces/share/zed_interfaces/cmake/rosidl_cmake_export_typesupport_targets-extras.cmake
[4.521s] -- Up-to-date symlink: /home/awadh/zed_ws/install/zed_interfaces/share/zed_interfaces/cmake/rosidl_cmake_export_typesupport_libraries-extras.cmake
[4.521s] -- Up-to-date symlink: /home/awadh/zed_ws/install/zed_interfaces/share/zed_interfaces/cmake/zed_interfacesConfig.cmake
[4.521s] -- Up-to-date symlink: /home/awadh/zed_ws/install/zed_interfaces/share/zed_interfaces/cmake/zed_interfacesConfig-version.cmake
[4.521s] -- Up-to-date symlink: /home/awadh/zed_ws/install/zed_interfaces/share/zed_interfaces/package.xml
[4.522s] -- Up-to-date: /home/awadh/zed_ws/install/zed_interfaces/lib/libzed_interfaces__rosidl_generator_c.so
[4.522s] -- Installing: /home/awadh/zed_ws/install/zed_interfaces/lib/libzed_interfaces__rosidl_typesupport_fastrtps_c.so
[4.522s] -- Set runtime path of "/home/awadh/zed_ws/install/zed_interfaces/lib/libzed_interfaces__rosidl_typesupport_fastrtps_c.so" to ""
[4.523s] -- Installing: /home/awadh/zed_ws/install/zed_interfaces/lib/libzed_interfaces__rosidl_typesupport_fastrtps_cpp.so
[4.523s] -- Set runtime path of "/home/awadh/zed_ws/install/zed_interfaces/lib/libzed_interfaces__rosidl_typesupport_fastrtps_cpp.so" to ""
[4.523s] -- Up-to-date: /home/awadh/zed_ws/install/zed_interfaces/lib/libzed_interfaces__rosidl_typesupport_introspection_c.so
[4.524s] -- Up-to-date: /home/awadh/zed_ws/install/zed_interfaces/lib/libzed_interfaces__rosidl_typesupport_c.so
[4.524s] -- Installing: /home/awadh/zed_ws/install/zed_interfaces/lib/libzed_interfaces__rosidl_typesupport_introspection_cpp.so
[4.524s] -- Set runtime path of "/home/awadh/zed_ws/install/zed_interfaces/lib/libzed_interfaces__rosidl_typesupport_introspection_cpp.so" to ""
[4.525s] -- Installing: /home/awadh/zed_ws/install/zed_interfaces/lib/libzed_interfaces__rosidl_typesupport_cpp.so
[4.525s] -- Set runtime path of "/home/awadh/zed_ws/install/zed_interfaces/lib/libzed_interfaces__rosidl_typesupport_cpp.so" to ""
[4.552s] Listing '/home/awadh/zed_ws/install/zed_interfaces/local/lib/python3.10/dist-packages/zed_interfaces'...
[4.552s] Listing '/home/awadh/zed_ws/install/zed_interfaces/local/lib/python3.10/dist-packages/zed_interfaces/msg'...
[4.553s] Listing '/home/awadh/zed_ws/install/zed_interfaces/local/lib/python3.10/dist-packages/zed_interfaces/srv'...
[4.556s] -- Installing: /home/awadh/zed_ws/install/zed_interfaces/lib/libzed_interfaces__rosidl_generator_py.so
[4.556s] -- Set runtime path of "/home/awadh/zed_ws/install/zed_interfaces/lib/libzed_interfaces__rosidl_generator_py.so" to ""
[4.557s] -- Up-to-date: /home/awadh/zed_ws/install/zed_interfaces/share/zed_interfaces/cmake/export_zed_interfaces__rosidl_generator_cExport.cmake
[4.557s] -- Up-to-date: /home/awadh/zed_ws/install/zed_interfaces/share/zed_interfaces/cmake/export_zed_interfaces__rosidl_generator_cExport-release.cmake
[4.557s] -- Up-to-date: /home/awadh/zed_ws/install/zed_interfaces/share/zed_interfaces/cmake/export_zed_interfaces__rosidl_typesupport_fastrtps_cExport.cmake
[4.557s] -- Up-to-date: /home/awadh/zed_ws/install/zed_interfaces/share/zed_interfaces/cmake/export_zed_interfaces__rosidl_typesupport_fastrtps_cExport-release.cmake
[4.557s] -- Up-to-date: /home/awadh/zed_ws/install/zed_interfaces/share/zed_interfaces/cmake/export_zed_interfaces__rosidl_generator_cppExport.cmake
[4.557s] -- Up-to-date: /home/awadh/zed_ws/install/zed_interfaces/share/zed_interfaces/cmake/export_zed_interfaces__rosidl_typesupport_fastrtps_cppExport.cmake
[4.558s] -- Up-to-date: /home/awadh/zed_ws/install/zed_interfaces/share/zed_interfaces/cmake/export_zed_interfaces__rosidl_typesupport_fastrtps_cppExport-release.cmake
[4.558s] -- Up-to-date: /home/awadh/zed_ws/install/zed_interfaces/share/zed_interfaces/cmake/zed_interfaces__rosidl_typesupport_introspection_cExport.cmake
[4.558s] -- Up-to-date: /home/awadh/zed_ws/install/zed_interfaces/share/zed_interfaces/cmake/zed_interfaces__rosidl_typesupport_introspection_cExport-release.cmake
[4.558s] -- Up-to-date: /home/awadh/zed_ws/install/zed_interfaces/share/zed_interfaces/cmake/zed_interfaces__rosidl_typesupport_cExport.cmake
[4.558s] -- Up-to-date: /home/awadh/zed_ws/install/zed_interfaces/share/zed_interfaces/cmake/zed_interfaces__rosidl_typesupport_cExport-release.cmake
[4.558s] -- Up-to-date: /home/awadh/zed_ws/install/zed_interfaces/share/zed_interfaces/cmake/zed_interfaces__rosidl_typesupport_introspection_cppExport.cmake
[4.558s] -- Up-to-date: /home/awadh/zed_ws/install/zed_interfaces/share/zed_interfaces/cmake/zed_interfaces__rosidl_typesupport_introspection_cppExport-release.cmake
[4.559s] -- Up-to-date: /home/awadh/zed_ws/install/zed_interfaces/share/zed_interfaces/cmake/zed_interfaces__rosidl_typesupport_cppExport.cmake
[4.559s] -- Up-to-date: /home/awadh/zed_ws/install/zed_interfaces/share/zed_interfaces/cmake/zed_interfaces__rosidl_typesupport_cppExport-release.cmake
[4.559s] -- Up-to-date: /home/awadh/zed_ws/install/zed_interfaces/share/zed_interfaces/cmake/export_zed_interfaces__rosidl_generator_pyExport.cmake
[4.559s] -- Up-to-date: /home/awadh/zed_ws/install/zed_interfaces/share/zed_interfaces/cmake/export_zed_interfaces__rosidl_generator_pyExport-release.cmake
[4.561s] Invoked command in '/home/awadh/zed_ws/build/zed_interfaces' returned '0': CMAKE_PREFIX_PATH=/home/awadh/gazebo_ws/install/yolov8_msgs:/home/awadh/gazebo_ws/install/yolobot_recognition:/home/awadh/gazebo_ws/install/yolobot_gazebo:/home/awadh/gazebo_ws/install/yolobot_description:/home/awadh/gazebo_ws/install/yolobot_control:/home/awadh/gazebo_ws/install/my_robot_bringup:/home/awadh/gazebo_ws/install/my_robot_description:/home/awadh/yolobot/install/yolov8_msgs:/home/awadh/yolobot/install/yolobot_recognition:/home/awadh/yolobot/install/yolobot_gazebo:/home/awadh/yolobot/install/yolobot_description:/home/awadh/yolobot/install/yolobot_control:/home/awadh/test2_ws/install/pcl_object_detection:/home/awadh/zed_ws/install/zed_ros2:/home/awadh/zed_ws/install/zed_robot_integration:/home/awadh/zed_ws/install/zed_multi_camera:/home/awadh/zed_ws/install/zed_display_rviz2:/home/awadh/zed_ws/install/zed_depth_to_laserscan:/home/awadh/zed_ws/install/zed_wrapper:/home/awadh/zed_ws/install/zed_tutorial_video:/home/awadh/zed_ws/install/zed_tutorial_pos_tracking:/home/awadh/zed_ws/install/zed_tutorial_depth:/home/awadh/zed_ws/install/zed_topic_benchmark:/home/awadh/zed_ws/install/zed_topic_benchmark_component:/home/awadh/zed_ws/install/zed_topic_benchmark_interfaces:/home/awadh/zed_ws/install/zed_rgb_convert:/home/awadh/zed_ws/install/zed_aruco_localization:/home/awadh/zed_ws/install/zed_components:/home/awadh/zed_ws/install/rviz_plugin_zed_od:/home/awadh/zed_ws/install/zed_interfaces:/home/awadh/ouster_ws/install/ouster_ros:/home/awadh/ouster_ws/install/ouster_sensor_msgs:/home/awadh/ros2_ws/install/my_robot_bringup:/home/awadh/ros2_ws/install/turtlesim_project_cpp:/home/awadh/ros2_ws/install/my_cpp_pkg:/home/awadh/ros2_ws/install/my_robot_interfaces:/home/awadh/gazebo_ws/install/ultralytics_ros2:/home/awadh/depth_ws/install/depth_estimation:/home/awadh/ros2_ws/install/turtlesim_catch_them_all:/home/awadh/ros2_ws/install/my_py_pkg:/opt/ros/humble:/home/awadh/sick_tim_ws/install/sick_tim /usr/bin/cmake --install /home/awadh/zed_ws/build/zed_interfaces
