[0.010s] Invoking command in '/home/awadh/ouster_ws/build/ouster_sensor_msgs': CMAKE_PREFIX_PATH=/home/awadh/test2_ws/install/pcl_object_detection:/home/awadh/gazebo_ws/install/yolov8_msgs:/home/awadh/gazebo_ws/install/yolobot_recognition:/home/awadh/gazebo_ws/install/yolobot_gazebo:/home/awadh/gazebo_ws/install/yolobot_description:/home/awadh/gazebo_ws/install/yolobot_control:/home/awadh/gazebo_ws/install/my_robot_bringup:/home/awadh/gazebo_ws/install/my_robot_description:/home/awadh/zed_ws/install/zed_ros2:/home/awadh/zed_ws/install/zed_robot_integration:/home/awadh/zed_ws/install/zed_multi_camera:/home/awadh/zed_ws/install/zed_display_rviz2:/home/awadh/zed_ws/install/zed_depth_to_laserscan:/home/awadh/zed_ws/install/zed_wrapper:/home/awadh/zed_ws/install/zed_tutorial_video:/home/awadh/zed_ws/install/zed_tutorial_pos_tracking:/home/awadh/zed_ws/install/zed_tutorial_depth:/home/awadh/zed_ws/install/zed_topic_benchmark:/home/awadh/zed_ws/install/zed_topic_benchmark_component:/home/awadh/zed_ws/install/zed_topic_benchmark_interfaces:/home/awadh/zed_ws/install/zed_rgb_convert:/home/awadh/zed_ws/install/zed_aruco_localization:/home/awadh/zed_ws/install/zed_components:/home/awadh/zed_ws/install/rviz_plugin_zed_od:/home/awadh/zed_ws/install/zed_interfaces:/home/awadh/ouster_ws/install/ouster_ros:/home/awadh/ouster_ws/install/ouster_sensor_msgs:/home/awadh/ros2_ws/install/my_robot_bringup:/home/awadh/ros2_ws/install/turtlesim_project_cpp:/home/awadh/ros2_ws/install/my_cpp_pkg:/home/awadh/ros2_ws/install/my_robot_interfaces:/home/awadh/ros2_ws/install/turtlesim_catch_them_all:/home/awadh/ros2_ws/install/my_py_pkg:/opt/ros/humble:/home/awadh/sick_tim_ws/install/sick_tim /usr/bin/cmake --build /home/awadh/ouster_ws/build/ouster_sensor_msgs -- -j16 -l16
[0.074s] [  1%] Built target ouster_sensor_msgs__cpp
[0.077s] [  3%] [32mBuilding C object CMakeFiles/ouster_sensor_msgs__rosidl_generator_c.dir/rosidl_generator_c/ouster_sensor_msgs/msg/detail/packet_msg__functions.c.o[0m
[0.077s] [  5%] [32mBuilding C object CMakeFiles/ouster_sensor_msgs__rosidl_generator_c.dir/rosidl_generator_c/ouster_sensor_msgs/srv/detail/get_config__functions.c.o[0m
[0.077s] [  7%] [32mBuilding C object CMakeFiles/ouster_sensor_msgs__rosidl_generator_c.dir/rosidl_generator_c/ouster_sensor_msgs/srv/detail/set_config__functions.c.o[0m
[0.078s] [  9%] [32mBuilding C object CMakeFiles/ouster_sensor_msgs__rosidl_generator_c.dir/rosidl_generator_c/ouster_sensor_msgs/srv/detail/get_metadata__functions.c.o[0m
[0.079s] [  9%] Built target ament_cmake_python_symlink_ouster_sensor_msgs
[0.101s] [ 14%] [32mBuilding CXX object CMakeFiles/ouster_sensor_msgs__rosidl_typesupport_cpp.dir/rosidl_typesupport_cpp/ouster_sensor_msgs/msg/packet_msg__type_support.cpp.o[0m
[0.101s] [ 18%] [32mBuilding CXX object CMakeFiles/ouster_sensor_msgs__rosidl_typesupport_introspection_cpp.dir/rosidl_typesupport_introspection_cpp/ouster_sensor_msgs/srv/detail/get_config__type_support.cpp.o[0m
[0.101s] [ 18%] [32mBuilding CXX object CMakeFiles/ouster_sensor_msgs__rosidl_typesupport_introspection_cpp.dir/rosidl_typesupport_introspection_cpp/ouster_sensor_msgs/srv/detail/get_metadata__type_support.cpp.o[0m
[0.101s] [ 21%] [32mBuilding CXX object CMakeFiles/ouster_sensor_msgs__rosidl_typesupport_cpp.dir/rosidl_typesupport_cpp/ouster_sensor_msgs/srv/set_config__type_support.cpp.o[0m
[0.101s] [ 21%] [32mBuilding CXX object CMakeFiles/ouster_sensor_msgs__rosidl_typesupport_introspection_cpp.dir/rosidl_typesupport_introspection_cpp/ouster_sensor_msgs/srv/detail/set_config__type_support.cpp.o[0m
[0.101s] [ 21%] [32mBuilding CXX object CMakeFiles/ouster_sensor_msgs__rosidl_typesupport_fastrtps_cpp.dir/rosidl_typesupport_fastrtps_cpp/ouster_sensor_msgs/msg/detail/dds_fastrtps/packet_msg__type_support.cpp.o[0m
[0.101s] [ 25%] [32mBuilding CXX object CMakeFiles/ouster_sensor_msgs__rosidl_typesupport_cpp.dir/rosidl_typesupport_cpp/ouster_sensor_msgs/srv/get_metadata__type_support.cpp.o[0m
[0.102s] [ 27%] [32mBuilding CXX object CMakeFiles/ouster_sensor_msgs__rosidl_typesupport_fastrtps_cpp.dir/rosidl_typesupport_fastrtps_cpp/ouster_sensor_msgs/srv/detail/dds_fastrtps/get_config__type_support.cpp.o[0m
[0.102s] [ 29%] [32mBuilding CXX object CMakeFiles/ouster_sensor_msgs__rosidl_typesupport_fastrtps_cpp.dir/rosidl_typesupport_fastrtps_cpp/ouster_sensor_msgs/srv/detail/dds_fastrtps/set_config__type_support.cpp.o[0m
[0.102s] [ 25%] [32mBuilding CXX object CMakeFiles/ouster_sensor_msgs__rosidl_typesupport_cpp.dir/rosidl_typesupport_cpp/ouster_sensor_msgs/srv/get_config__type_support.cpp.o[0m
[0.102s] [ 25%] [32mBuilding CXX object CMakeFiles/ouster_sensor_msgs__rosidl_typesupport_introspection_cpp.dir/rosidl_typesupport_introspection_cpp/ouster_sensor_msgs/msg/detail/packet_msg__type_support.cpp.o[0m
[0.190s] [ 30%] [32mBuilding CXX object CMakeFiles/ouster_sensor_msgs__rosidl_typesupport_fastrtps_cpp.dir/rosidl_typesupport_fastrtps_cpp/ouster_sensor_msgs/srv/detail/dds_fastrtps/get_metadata__type_support.cpp.o[0m
[0.244s] [ 32%] [32m[1mLinking C shared library libouster_sensor_msgs__rosidl_generator_c.so[0m
[0.296s] [ 34%] Built target ouster_sensor_msgs__rosidl_generator_c
[0.332s] [ 38%] [32mBuilding CXX object CMakeFiles/ouster_sensor_msgs__rosidl_typesupport_c.dir/rosidl_typesupport_c/ouster_sensor_msgs/msg/packet_msg__type_support.cpp.o[0m
[0.333s] [ 38%] [32mBuilding C object CMakeFiles/ouster_sensor_msgs__rosidl_typesupport_introspection_c.dir/rosidl_typesupport_introspection_c/ouster_sensor_msgs/msg/detail/packet_msg__type_support.c.o[0m
[0.336s] [ 40%] [32mBuilding CXX object CMakeFiles/ouster_sensor_msgs__rosidl_typesupport_fastrtps_c.dir/rosidl_typesupport_fastrtps_c/ouster_sensor_msgs/msg/detail/packet_msg__type_support_c.cpp.o[0m
[0.385s] [ 41%] [32mBuilding CXX object CMakeFiles/ouster_sensor_msgs__rosidl_typesupport_c.dir/rosidl_typesupport_c/ouster_sensor_msgs/srv/get_config__type_support.cpp.o[0m
[0.390s] [ 43%] [32mBuilding C object CMakeFiles/ouster_sensor_msgs__rosidl_typesupport_introspection_c.dir/rosidl_typesupport_introspection_c/ouster_sensor_msgs/srv/detail/get_config__type_support.c.o[0m
[0.403s] [ 45%] [32mBuilding C object CMakeFiles/ouster_sensor_msgs__rosidl_typesupport_introspection_c.dir/rosidl_typesupport_introspection_c/ouster_sensor_msgs/srv/detail/set_config__type_support.c.o[0m
[0.432s] [ 47%] [32mBuilding CXX object CMakeFiles/ouster_sensor_msgs__rosidl_typesupport_c.dir/rosidl_typesupport_c/ouster_sensor_msgs/srv/set_config__type_support.cpp.o[0m
[0.433s] running egg_info
[0.434s] writing ouster_sensor_msgs.egg-info/PKG-INFO
[0.434s] writing dependency_links to ouster_sensor_msgs.egg-info/dependency_links.txt
[0.435s] writing top-level names to ouster_sensor_msgs.egg-info/top_level.txt
[0.437s] [ 49%] [32m[1mLinking CXX shared library libouster_sensor_msgs__rosidl_typesupport_cpp.so[0m
[0.438s] [ 50%] [32mBuilding C object CMakeFiles/ouster_sensor_msgs__rosidl_typesupport_introspection_c.dir/rosidl_typesupport_introspection_c/ouster_sensor_msgs/srv/detail/get_metadata__type_support.c.o[0m
[0.438s] [ 52%] [32mBuilding CXX object CMakeFiles/ouster_sensor_msgs__rosidl_typesupport_c.dir/rosidl_typesupport_c/ouster_sensor_msgs/srv/get_metadata__type_support.cpp.o[0m
[0.440s] reading manifest file 'ouster_sensor_msgs.egg-info/SOURCES.txt'
[0.441s] writing manifest file 'ouster_sensor_msgs.egg-info/SOURCES.txt'
[0.446s] [ 54%] [32mBuilding CXX object CMakeFiles/ouster_sensor_msgs__rosidl_typesupport_fastrtps_c.dir/rosidl_typesupport_fastrtps_c/ouster_sensor_msgs/srv/detail/get_config__type_support_c.cpp.o[0m
[0.459s] [ 56%] [32mBuilding CXX object CMakeFiles/ouster_sensor_msgs__rosidl_typesupport_fastrtps_c.dir/rosidl_typesupport_fastrtps_c/ouster_sensor_msgs/srv/detail/set_config__type_support_c.cpp.o[0m
[0.482s] [ 58%] [32mBuilding CXX object CMakeFiles/ouster_sensor_msgs__rosidl_typesupport_fastrtps_c.dir/rosidl_typesupport_fastrtps_c/ouster_sensor_msgs/srv/detail/get_metadata__type_support_c.cpp.o[0m
[0.489s] [ 58%] Built target ament_cmake_python_build_ouster_sensor_msgs_egg
[0.491s] [ 60%] [32m[1mLinking CXX shared library libouster_sensor_msgs__rosidl_typesupport_c.so[0m
[0.492s] [ 61%] [32m[1mLinking C shared library libouster_sensor_msgs__rosidl_typesupport_introspection_c.so[0m
[0.504s] [ 63%] Built target ouster_sensor_msgs__rosidl_typesupport_cpp
[0.529s] [ 65%] Built target ouster_sensor_msgs__rosidl_typesupport_introspection_c
[0.531s] [ 67%] Built target ouster_sensor_msgs__rosidl_typesupport_c
[0.580s] [ 69%] [32m[1mLinking CXX shared library libouster_sensor_msgs__rosidl_typesupport_introspection_cpp.so[0m
[0.637s] [ 70%] Built target ouster_sensor_msgs__rosidl_typesupport_introspection_cpp
[0.669s] [ 72%] [32m[1mLinking CXX shared library libouster_sensor_msgs__rosidl_typesupport_fastrtps_cpp.so[0m
[0.721s] [ 74%] Built target ouster_sensor_msgs__rosidl_typesupport_fastrtps_cpp
[0.792s] [ 76%] [32m[1mLinking CXX shared library libouster_sensor_msgs__rosidl_typesupport_fastrtps_c.so[0m
[0.844s] [ 78%] Built target ouster_sensor_msgs__rosidl_typesupport_fastrtps_c
[0.869s] [ 78%] Built target ouster_sensor_msgs
[0.909s] [ 80%] Built target ouster_sensor_msgs__py
[0.953s] [ 81%] [32mBuilding C object CMakeFiles/ouster_sensor_msgs__rosidl_generator_py.dir/rosidl_generator_py/ouster_sensor_msgs/msg/_packet_msg_s.c.o[0m
[0.954s] [ 83%] [32mBuilding C object CMakeFiles/ouster_sensor_msgs__rosidl_generator_py.dir/rosidl_generator_py/ouster_sensor_msgs/srv/_get_config_s.c.o[0m
[0.954s] [ 85%] [32mBuilding C object CMakeFiles/ouster_sensor_msgs__rosidl_generator_py.dir/rosidl_generator_py/ouster_sensor_msgs/srv/_set_config_s.c.o[0m
[0.955s] [ 87%] [32mBuilding C object CMakeFiles/ouster_sensor_msgs__rosidl_generator_py.dir/rosidl_generator_py/ouster_sensor_msgs/srv/_get_metadata_s.c.o[0m
[1.064s] [ 89%] [32m[1mLinking C shared library rosidl_generator_py/ouster_sensor_msgs/libouster_sensor_msgs__rosidl_generator_py.so[0m
[1.096s] [ 89%] Built target ouster_sensor_msgs__rosidl_generator_py
[1.116s] [ 92%] [32mBuilding C object CMakeFiles/ouster_sensor_msgs__rosidl_typesupport_introspection_c__pyext.dir/rosidl_generator_py/ouster_sensor_msgs/_ouster_sensor_msgs_s.ep.rosidl_typesupport_introspection_c.c.o[0m
[1.117s] [ 94%] [32mBuilding C object CMakeFiles/ouster_sensor_msgs__rosidl_typesupport_c__pyext.dir/rosidl_generator_py/ouster_sensor_msgs/_ouster_sensor_msgs_s.ep.rosidl_typesupport_c.c.o[0m
[1.117s] [ 94%] [32mBuilding C object CMakeFiles/ouster_sensor_msgs__rosidl_typesupport_fastrtps_c__pyext.dir/rosidl_generator_py/ouster_sensor_msgs/_ouster_sensor_msgs_s.ep.rosidl_typesupport_fastrtps_c.c.o[0m
[1.239s] [100%] [32m[1mLinking C shared library rosidl_generator_py/ouster_sensor_msgs/ouster_sensor_msgs_s__rosidl_typesupport_introspection_c.cpython-310-x86_64-linux-gnu.so[0m
[1.239s] [100%] [32m[1mLinking C shared library rosidl_generator_py/ouster_sensor_msgs/ouster_sensor_msgs_s__rosidl_typesupport_fastrtps_c.cpython-310-x86_64-linux-gnu.so[0m
[1.239s] [100%] [32m[1mLinking C shared library rosidl_generator_py/ouster_sensor_msgs/ouster_sensor_msgs_s__rosidl_typesupport_c.cpython-310-x86_64-linux-gnu.so[0m
[1.267s] [100%] Built target ouster_sensor_msgs__rosidl_typesupport_c__pyext
[1.267s] [100%] Built target ouster_sensor_msgs__rosidl_typesupport_fastrtps_c__pyext
[1.267s] [100%] Built target ouster_sensor_msgs__rosidl_typesupport_introspection_c__pyext
[1.276s] Invoked command in '/home/awadh/ouster_ws/build/ouster_sensor_msgs' returned '0': CMAKE_PREFIX_PATH=/home/awadh/test2_ws/install/pcl_object_detection:/home/awadh/gazebo_ws/install/yolov8_msgs:/home/awadh/gazebo_ws/install/yolobot_recognition:/home/awadh/gazebo_ws/install/yolobot_gazebo:/home/awadh/gazebo_ws/install/yolobot_description:/home/awadh/gazebo_ws/install/yolobot_control:/home/awadh/gazebo_ws/install/my_robot_bringup:/home/awadh/gazebo_ws/install/my_robot_description:/home/awadh/zed_ws/install/zed_ros2:/home/awadh/zed_ws/install/zed_robot_integration:/home/awadh/zed_ws/install/zed_multi_camera:/home/awadh/zed_ws/install/zed_display_rviz2:/home/awadh/zed_ws/install/zed_depth_to_laserscan:/home/awadh/zed_ws/install/zed_wrapper:/home/awadh/zed_ws/install/zed_tutorial_video:/home/awadh/zed_ws/install/zed_tutorial_pos_tracking:/home/awadh/zed_ws/install/zed_tutorial_depth:/home/awadh/zed_ws/install/zed_topic_benchmark:/home/awadh/zed_ws/install/zed_topic_benchmark_component:/home/awadh/zed_ws/install/zed_topic_benchmark_interfaces:/home/awadh/zed_ws/install/zed_rgb_convert:/home/awadh/zed_ws/install/zed_aruco_localization:/home/awadh/zed_ws/install/zed_components:/home/awadh/zed_ws/install/rviz_plugin_zed_od:/home/awadh/zed_ws/install/zed_interfaces:/home/awadh/ouster_ws/install/ouster_ros:/home/awadh/ouster_ws/install/ouster_sensor_msgs:/home/awadh/ros2_ws/install/my_robot_bringup:/home/awadh/ros2_ws/install/turtlesim_project_cpp:/home/awadh/ros2_ws/install/my_cpp_pkg:/home/awadh/ros2_ws/install/my_robot_interfaces:/home/awadh/ros2_ws/install/turtlesim_catch_them_all:/home/awadh/ros2_ws/install/my_py_pkg:/opt/ros/humble:/home/awadh/sick_tim_ws/install/sick_tim /usr/bin/cmake --build /home/awadh/ouster_ws/build/ouster_sensor_msgs -- -j16 -l16
[1.545s] Invoking command in '/home/awadh/ouster_ws/build/ouster_sensor_msgs': CMAKE_PREFIX_PATH=/home/awadh/test2_ws/install/pcl_object_detection:/home/awadh/gazebo_ws/install/yolov8_msgs:/home/awadh/gazebo_ws/install/yolobot_recognition:/home/awadh/gazebo_ws/install/yolobot_gazebo:/home/awadh/gazebo_ws/install/yolobot_description:/home/awadh/gazebo_ws/install/yolobot_control:/home/awadh/gazebo_ws/install/my_robot_bringup:/home/awadh/gazebo_ws/install/my_robot_description:/home/awadh/zed_ws/install/zed_ros2:/home/awadh/zed_ws/install/zed_robot_integration:/home/awadh/zed_ws/install/zed_multi_camera:/home/awadh/zed_ws/install/zed_display_rviz2:/home/awadh/zed_ws/install/zed_depth_to_laserscan:/home/awadh/zed_ws/install/zed_wrapper:/home/awadh/zed_ws/install/zed_tutorial_video:/home/awadh/zed_ws/install/zed_tutorial_pos_tracking:/home/awadh/zed_ws/install/zed_tutorial_depth:/home/awadh/zed_ws/install/zed_topic_benchmark:/home/awadh/zed_ws/install/zed_topic_benchmark_component:/home/awadh/zed_ws/install/zed_topic_benchmark_interfaces:/home/awadh/zed_ws/install/zed_rgb_convert:/home/awadh/zed_ws/install/zed_aruco_localization:/home/awadh/zed_ws/install/zed_components:/home/awadh/zed_ws/install/rviz_plugin_zed_od:/home/awadh/zed_ws/install/zed_interfaces:/home/awadh/ouster_ws/install/ouster_ros:/home/awadh/ouster_ws/install/ouster_sensor_msgs:/home/awadh/ros2_ws/install/my_robot_bringup:/home/awadh/ros2_ws/install/turtlesim_project_cpp:/home/awadh/ros2_ws/install/my_cpp_pkg:/home/awadh/ros2_ws/install/my_robot_interfaces:/home/awadh/ros2_ws/install/turtlesim_catch_them_all:/home/awadh/ros2_ws/install/my_py_pkg:/opt/ros/humble:/home/awadh/sick_tim_ws/install/sick_tim /usr/bin/cmake --install /home/awadh/ouster_ws/build/ouster_sensor_msgs
[1.565s] -- Install configuration: "Release"
[1.566s] -- Execute custom install script
[1.567s] -- Up-to-date symlink: /home/awadh/ouster_ws/install/ouster_sensor_msgs/share/ament_index/resource_index/rosidl_interfaces/ouster_sensor_msgs
[1.569s] -- Up-to-date symlink: /home/awadh/ouster_ws/install/ouster_sensor_msgs/include/ouster_sensor_msgs/ouster_sensor_msgs/msg/detail/packet_msg__functions.h
[1.569s] -- Up-to-date symlink: /home/awadh/ouster_ws/install/ouster_sensor_msgs/include/ouster_sensor_msgs/ouster_sensor_msgs/msg/detail/packet_msg__struct.h
[1.569s] -- Up-to-date symlink: /home/awadh/ouster_ws/install/ouster_sensor_msgs/include/ouster_sensor_msgs/ouster_sensor_msgs/msg/detail/packet_msg__type_support.h
[1.569s] -- Up-to-date symlink: /home/awadh/ouster_ws/install/ouster_sensor_msgs/include/ouster_sensor_msgs/ouster_sensor_msgs/msg/packet_msg.h
[1.570s] -- Up-to-date symlink: /home/awadh/ouster_ws/install/ouster_sensor_msgs/include/ouster_sensor_msgs/ouster_sensor_msgs/msg/rosidl_generator_c__visibility_control.h
[1.570s] -- Up-to-date symlink: /home/awadh/ouster_ws/install/ouster_sensor_msgs/include/ouster_sensor_msgs/ouster_sensor_msgs/srv/detail/get_config__functions.h
[1.570s] -- Up-to-date symlink: /home/awadh/ouster_ws/install/ouster_sensor_msgs/include/ouster_sensor_msgs/ouster_sensor_msgs/srv/detail/get_config__struct.h
[1.570s] -- Up-to-date symlink: /home/awadh/ouster_ws/install/ouster_sensor_msgs/include/ouster_sensor_msgs/ouster_sensor_msgs/srv/detail/get_config__type_support.h
[1.571s] -- Up-to-date symlink: /home/awadh/ouster_ws/install/ouster_sensor_msgs/include/ouster_sensor_msgs/ouster_sensor_msgs/srv/detail/get_metadata__functions.h
[1.571s] -- Up-to-date symlink: /home/awadh/ouster_ws/install/ouster_sensor_msgs/include/ouster_sensor_msgs/ouster_sensor_msgs/srv/detail/get_metadata__struct.h
[1.571s] -- Up-to-date symlink: /home/awadh/ouster_ws/install/ouster_sensor_msgs/include/ouster_sensor_msgs/ouster_sensor_msgs/srv/detail/get_metadata__type_support.h
[1.571s] -- Up-to-date symlink: /home/awadh/ouster_ws/install/ouster_sensor_msgs/include/ouster_sensor_msgs/ouster_sensor_msgs/srv/detail/set_config__functions.h
[1.571s] -- Up-to-date symlink: /home/awadh/ouster_ws/install/ouster_sensor_msgs/include/ouster_sensor_msgs/ouster_sensor_msgs/srv/detail/set_config__struct.h
[1.572s] -- Up-to-date symlink: /home/awadh/ouster_ws/install/ouster_sensor_msgs/include/ouster_sensor_msgs/ouster_sensor_msgs/srv/detail/set_config__type_support.h
[1.572s] -- Up-to-date symlink: /home/awadh/ouster_ws/install/ouster_sensor_msgs/include/ouster_sensor_msgs/ouster_sensor_msgs/srv/get_config.h
[1.572s] -- Up-to-date symlink: /home/awadh/ouster_ws/install/ouster_sensor_msgs/include/ouster_sensor_msgs/ouster_sensor_msgs/srv/get_metadata.h
[1.572s] -- Up-to-date symlink: /home/awadh/ouster_ws/install/ouster_sensor_msgs/include/ouster_sensor_msgs/ouster_sensor_msgs/srv/set_config.h
[1.573s] -- Up-to-date symlink: /home/awadh/ouster_ws/install/ouster_sensor_msgs/share/ouster_sensor_msgs/environment/library_path.sh
[1.573s] -- Up-to-date symlink: /home/awadh/ouster_ws/install/ouster_sensor_msgs/share/ouster_sensor_msgs/environment/library_path.dsv
[1.574s] -- Up-to-date symlink: /home/awadh/ouster_ws/install/ouster_sensor_msgs/include/ouster_sensor_msgs/ouster_sensor_msgs/msg/detail/packet_msg__rosidl_typesupport_fastrtps_c.h
[1.574s] -- Up-to-date symlink: /home/awadh/ouster_ws/install/ouster_sensor_msgs/include/ouster_sensor_msgs/ouster_sensor_msgs/msg/rosidl_typesupport_fastrtps_c__visibility_control.h
[1.574s] -- Up-to-date symlink: /home/awadh/ouster_ws/install/ouster_sensor_msgs/include/ouster_sensor_msgs/ouster_sensor_msgs/srv/detail/get_config__rosidl_typesupport_fastrtps_c.h
[1.575s] -- Up-to-date symlink: /home/awadh/ouster_ws/install/ouster_sensor_msgs/include/ouster_sensor_msgs/ouster_sensor_msgs/srv/detail/get_metadata__rosidl_typesupport_fastrtps_c.h
[1.575s] -- Up-to-date symlink: /home/awadh/ouster_ws/install/ouster_sensor_msgs/include/ouster_sensor_msgs/ouster_sensor_msgs/srv/detail/set_config__rosidl_typesupport_fastrtps_c.h
[1.575s] -- Up-to-date symlink: /home/awadh/ouster_ws/install/ouster_sensor_msgs/include/ouster_sensor_msgs/ouster_sensor_msgs/msg/detail/packet_msg__builder.hpp
[1.575s] -- Up-to-date symlink: /home/awadh/ouster_ws/install/ouster_sensor_msgs/include/ouster_sensor_msgs/ouster_sensor_msgs/msg/detail/packet_msg__struct.hpp
[1.575s] -- Up-to-date symlink: /home/awadh/ouster_ws/install/ouster_sensor_msgs/include/ouster_sensor_msgs/ouster_sensor_msgs/msg/detail/packet_msg__traits.hpp
[1.575s] -- Up-to-date symlink: /home/awadh/ouster_ws/install/ouster_sensor_msgs/include/ouster_sensor_msgs/ouster_sensor_msgs/msg/packet_msg.hpp
[1.576s] -- Up-to-date symlink: /home/awadh/ouster_ws/install/ouster_sensor_msgs/include/ouster_sensor_msgs/ouster_sensor_msgs/srv/detail/get_config__builder.hpp
[1.576s] -- Up-to-date symlink: /home/awadh/ouster_ws/install/ouster_sensor_msgs/include/ouster_sensor_msgs/ouster_sensor_msgs/srv/detail/get_config__struct.hpp
[1.576s] -- Up-to-date symlink: /home/awadh/ouster_ws/install/ouster_sensor_msgs/include/ouster_sensor_msgs/ouster_sensor_msgs/srv/detail/get_config__traits.hpp
[1.576s] -- Up-to-date symlink: /home/awadh/ouster_ws/install/ouster_sensor_msgs/include/ouster_sensor_msgs/ouster_sensor_msgs/srv/detail/get_metadata__builder.hpp
[1.576s] -- Up-to-date symlink: /home/awadh/ouster_ws/install/ouster_sensor_msgs/include/ouster_sensor_msgs/ouster_sensor_msgs/srv/detail/get_metadata__struct.hpp
[1.576s] -- Up-to-date symlink: /home/awadh/ouster_ws/install/ouster_sensor_msgs/include/ouster_sensor_msgs/ouster_sensor_msgs/srv/detail/get_metadata__traits.hpp
[1.576s] -- Up-to-date symlink: /home/awadh/ouster_ws/install/ouster_sensor_msgs/include/ouster_sensor_msgs/ouster_sensor_msgs/srv/detail/set_config__builder.hpp
[1.577s] -- Up-to-date symlink: /home/awadh/ouster_ws/install/ouster_sensor_msgs/include/ouster_sensor_msgs/ouster_sensor_msgs/srv/detail/set_config__struct.hpp
[1.577s] -- Up-to-date symlink: /home/awadh/ouster_ws/install/ouster_sensor_msgs/include/ouster_sensor_msgs/ouster_sensor_msgs/srv/detail/set_config__traits.hpp
[1.577s] -- Up-to-date symlink: /home/awadh/ouster_ws/install/ouster_sensor_msgs/include/ouster_sensor_msgs/ouster_sensor_msgs/srv/get_config.hpp
[1.577s] -- Up-to-date symlink: /home/awadh/ouster_ws/install/ouster_sensor_msgs/include/ouster_sensor_msgs/ouster_sensor_msgs/srv/get_metadata.hpp
[1.577s] -- Up-to-date symlink: /home/awadh/ouster_ws/install/ouster_sensor_msgs/include/ouster_sensor_msgs/ouster_sensor_msgs/srv/set_config.hpp
[1.578s] -- Up-to-date symlink: /home/awadh/ouster_ws/install/ouster_sensor_msgs/include/ouster_sensor_msgs/ouster_sensor_msgs/msg/detail/packet_msg__rosidl_typesupport_fastrtps_cpp.hpp
[1.578s] -- Up-to-date symlink: /home/awadh/ouster_ws/install/ouster_sensor_msgs/include/ouster_sensor_msgs/ouster_sensor_msgs/msg/rosidl_typesupport_fastrtps_cpp__visibility_control.h
[1.578s] -- Up-to-date symlink: /home/awadh/ouster_ws/install/ouster_sensor_msgs/include/ouster_sensor_msgs/ouster_sensor_msgs/srv/detail/get_config__rosidl_typesupport_fastrtps_cpp.hpp
[1.578s] -- Up-to-date symlink: /home/awadh/ouster_ws/install/ouster_sensor_msgs/include/ouster_sensor_msgs/ouster_sensor_msgs/srv/detail/get_metadata__rosidl_typesupport_fastrtps_cpp.hpp
[1.578s] -- Up-to-date symlink: /home/awadh/ouster_ws/install/ouster_sensor_msgs/include/ouster_sensor_msgs/ouster_sensor_msgs/srv/detail/set_config__rosidl_typesupport_fastrtps_cpp.hpp
[1.579s] -- Up-to-date symlink: /home/awadh/ouster_ws/install/ouster_sensor_msgs/include/ouster_sensor_msgs/ouster_sensor_msgs/msg/detail/packet_msg__rosidl_typesupport_introspection_c.h
[1.579s] -- Up-to-date symlink: /home/awadh/ouster_ws/install/ouster_sensor_msgs/include/ouster_sensor_msgs/ouster_sensor_msgs/msg/rosidl_typesupport_introspection_c__visibility_control.h
[1.579s] -- Up-to-date symlink: /home/awadh/ouster_ws/install/ouster_sensor_msgs/include/ouster_sensor_msgs/ouster_sensor_msgs/srv/detail/get_config__rosidl_typesupport_introspection_c.h
[1.579s] -- Up-to-date symlink: /home/awadh/ouster_ws/install/ouster_sensor_msgs/include/ouster_sensor_msgs/ouster_sensor_msgs/srv/detail/get_metadata__rosidl_typesupport_introspection_c.h
[1.579s] -- Up-to-date symlink: /home/awadh/ouster_ws/install/ouster_sensor_msgs/include/ouster_sensor_msgs/ouster_sensor_msgs/srv/detail/set_config__rosidl_typesupport_introspection_c.h
[1.580s] -- Up-to-date symlink: /home/awadh/ouster_ws/install/ouster_sensor_msgs/include/ouster_sensor_msgs/ouster_sensor_msgs/msg/detail/packet_msg__rosidl_typesupport_introspection_cpp.hpp
[1.580s] -- Up-to-date symlink: /home/awadh/ouster_ws/install/ouster_sensor_msgs/include/ouster_sensor_msgs/ouster_sensor_msgs/srv/detail/get_config__rosidl_typesupport_introspection_cpp.hpp
[1.580s] -- Up-to-date symlink: /home/awadh/ouster_ws/install/ouster_sensor_msgs/include/ouster_sensor_msgs/ouster_sensor_msgs/srv/detail/get_metadata__rosidl_typesupport_introspection_cpp.hpp
[1.580s] -- Up-to-date symlink: /home/awadh/ouster_ws/install/ouster_sensor_msgs/include/ouster_sensor_msgs/ouster_sensor_msgs/srv/detail/set_config__rosidl_typesupport_introspection_cpp.hpp
[1.580s] -- Up-to-date symlink: /home/awadh/ouster_ws/install/ouster_sensor_msgs/share/ouster_sensor_msgs/environment/pythonpath.sh
[1.580s] -- Up-to-date symlink: /home/awadh/ouster_ws/install/ouster_sensor_msgs/share/ouster_sensor_msgs/environment/pythonpath.dsv
[1.580s] -- Up-to-date symlink: /home/awadh/ouster_ws/install/ouster_sensor_msgs/local/lib/python3.10/dist-packages/ouster_sensor_msgs-0.12.2-py3.10.egg-info/PKG-INFO
[1.581s] -- Up-to-date symlink: /home/awadh/ouster_ws/install/ouster_sensor_msgs/local/lib/python3.10/dist-packages/ouster_sensor_msgs-0.12.2-py3.10.egg-info/SOURCES.txt
[1.581s] -- Up-to-date symlink: /home/awadh/ouster_ws/install/ouster_sensor_msgs/local/lib/python3.10/dist-packages/ouster_sensor_msgs-0.12.2-py3.10.egg-info/dependency_links.txt
[1.581s] -- Up-to-date symlink: /home/awadh/ouster_ws/install/ouster_sensor_msgs/local/lib/python3.10/dist-packages/ouster_sensor_msgs-0.12.2-py3.10.egg-info/top_level.txt
[1.581s] -- Up-to-date symlink: /home/awadh/ouster_ws/install/ouster_sensor_msgs/local/lib/python3.10/dist-packages/ouster_sensor_msgs/__init__.py
[1.582s] -- Up-to-date symlink: /home/awadh/ouster_ws/install/ouster_sensor_msgs/local/lib/python3.10/dist-packages/ouster_sensor_msgs/_ouster_sensor_msgs_s.ep.rosidl_typesupport_c.c
[1.582s] -- Up-to-date symlink: /home/awadh/ouster_ws/install/ouster_sensor_msgs/local/lib/python3.10/dist-packages/ouster_sensor_msgs/_ouster_sensor_msgs_s.ep.rosidl_typesupport_fastrtps_c.c
[1.582s] -- Up-to-date symlink: /home/awadh/ouster_ws/install/ouster_sensor_msgs/local/lib/python3.10/dist-packages/ouster_sensor_msgs/_ouster_sensor_msgs_s.ep.rosidl_typesupport_introspection_c.c
[1.582s] -- Up-to-date symlink: /home/awadh/ouster_ws/install/ouster_sensor_msgs/local/lib/python3.10/dist-packages/ouster_sensor_msgs/libouster_sensor_msgs__rosidl_generator_py.so
[1.582s] -- Up-to-date symlink: /home/awadh/ouster_ws/install/ouster_sensor_msgs/local/lib/python3.10/dist-packages/ouster_sensor_msgs/msg/__init__.py
[1.582s] -- Up-to-date symlink: /home/awadh/ouster_ws/install/ouster_sensor_msgs/local/lib/python3.10/dist-packages/ouster_sensor_msgs/msg/_packet_msg.py
[1.583s] -- Up-to-date symlink: /home/awadh/ouster_ws/install/ouster_sensor_msgs/local/lib/python3.10/dist-packages/ouster_sensor_msgs/msg/_packet_msg_s.c
[1.583s] -- Up-to-date symlink: /home/awadh/ouster_ws/install/ouster_sensor_msgs/local/lib/python3.10/dist-packages/ouster_sensor_msgs/ouster_sensor_msgs_s__rosidl_typesupport_c.cpython-310-x86_64-linux-gnu.so
[1.583s] -- Up-to-date symlink: /home/awadh/ouster_ws/install/ouster_sensor_msgs/local/lib/python3.10/dist-packages/ouster_sensor_msgs/ouster_sensor_msgs_s__rosidl_typesupport_fastrtps_c.cpython-310-x86_64-linux-gnu.so
[1.583s] -- Up-to-date symlink: /home/awadh/ouster_ws/install/ouster_sensor_msgs/local/lib/python3.10/dist-packages/ouster_sensor_msgs/ouster_sensor_msgs_s__rosidl_typesupport_introspection_c.cpython-310-x86_64-linux-gnu.so
[1.583s] -- Up-to-date symlink: /home/awadh/ouster_ws/install/ouster_sensor_msgs/local/lib/python3.10/dist-packages/ouster_sensor_msgs/srv/__init__.py
[1.583s] -- Up-to-date symlink: /home/awadh/ouster_ws/install/ouster_sensor_msgs/local/lib/python3.10/dist-packages/ouster_sensor_msgs/srv/_get_config.py
[1.583s] -- Up-to-date symlink: /home/awadh/ouster_ws/install/ouster_sensor_msgs/local/lib/python3.10/dist-packages/ouster_sensor_msgs/srv/_get_config_s.c
[1.584s] -- Up-to-date symlink: /home/awadh/ouster_ws/install/ouster_sensor_msgs/local/lib/python3.10/dist-packages/ouster_sensor_msgs/srv/_get_metadata.py
[1.584s] -- Up-to-date symlink: /home/awadh/ouster_ws/install/ouster_sensor_msgs/local/lib/python3.10/dist-packages/ouster_sensor_msgs/srv/_get_metadata_s.c
[1.584s] -- Up-to-date symlink: /home/awadh/ouster_ws/install/ouster_sensor_msgs/local/lib/python3.10/dist-packages/ouster_sensor_msgs/srv/_set_config.py
[1.584s] -- Up-to-date symlink: /home/awadh/ouster_ws/install/ouster_sensor_msgs/local/lib/python3.10/dist-packages/ouster_sensor_msgs/srv/_set_config_s.c
[1.584s] -- Up-to-date symlink: /home/awadh/ouster_ws/install/ouster_sensor_msgs/local/lib/python3.10/dist-packages/ouster_sensor_msgs/ouster_sensor_msgs_s__rosidl_typesupport_fastrtps_c.cpython-310-x86_64-linux-gnu.so
[1.584s] -- Up-to-date symlink: /home/awadh/ouster_ws/install/ouster_sensor_msgs/local/lib/python3.10/dist-packages/ouster_sensor_msgs/ouster_sensor_msgs_s__rosidl_typesupport_introspection_c.cpython-310-x86_64-linux-gnu.so
[1.585s] -- Up-to-date symlink: /home/awadh/ouster_ws/install/ouster_sensor_msgs/local/lib/python3.10/dist-packages/ouster_sensor_msgs/ouster_sensor_msgs_s__rosidl_typesupport_c.cpython-310-x86_64-linux-gnu.so
[1.585s] -- Up-to-date symlink: /home/awadh/ouster_ws/install/ouster_sensor_msgs/share/ouster_sensor_msgs/msg/PacketMsg.idl
[1.585s] -- Up-to-date symlink: /home/awadh/ouster_ws/install/ouster_sensor_msgs/share/ouster_sensor_msgs/srv/GetConfig.idl
[1.585s] -- Up-to-date symlink: /home/awadh/ouster_ws/install/ouster_sensor_msgs/share/ouster_sensor_msgs/srv/SetConfig.idl
[1.585s] -- Up-to-date symlink: /home/awadh/ouster_ws/install/ouster_sensor_msgs/share/ouster_sensor_msgs/srv/GetMetadata.idl
[1.585s] -- Up-to-date symlink: /home/awadh/ouster_ws/install/ouster_sensor_msgs/share/ouster_sensor_msgs/msg/PacketMsg.msg
[1.585s] -- Up-to-date symlink: /home/awadh/ouster_ws/install/ouster_sensor_msgs/share/ouster_sensor_msgs/srv/GetConfig.srv
[1.585s] -- Up-to-date symlink: /home/awadh/ouster_ws/install/ouster_sensor_msgs/share/ouster_sensor_msgs/srv/GetConfig_Request.msg
[1.585s] -- Up-to-date symlink: /home/awadh/ouster_ws/install/ouster_sensor_msgs/share/ouster_sensor_msgs/srv/GetConfig_Response.msg
[1.585s] -- Up-to-date symlink: /home/awadh/ouster_ws/install/ouster_sensor_msgs/share/ouster_sensor_msgs/srv/SetConfig.srv
[1.586s] -- Up-to-date symlink: /home/awadh/ouster_ws/install/ouster_sensor_msgs/share/ouster_sensor_msgs/srv/SetConfig_Request.msg
[1.586s] -- Up-to-date symlink: /home/awadh/ouster_ws/install/ouster_sensor_msgs/share/ouster_sensor_msgs/srv/SetConfig_Response.msg
[1.586s] -- Up-to-date symlink: /home/awadh/ouster_ws/install/ouster_sensor_msgs/share/ouster_sensor_msgs/srv/GetMetadata.srv
[1.586s] -- Up-to-date symlink: /home/awadh/ouster_ws/install/ouster_sensor_msgs/share/ouster_sensor_msgs/srv/GetMetadata_Request.msg
[1.586s] -- Up-to-date symlink: /home/awadh/ouster_ws/install/ouster_sensor_msgs/share/ouster_sensor_msgs/srv/GetMetadata_Response.msg
[1.586s] -- Up-to-date symlink: /home/awadh/ouster_ws/install/ouster_sensor_msgs/share/ament_index/resource_index/package_run_dependencies/ouster_sensor_msgs
[1.586s] -- Up-to-date symlink: /home/awadh/ouster_ws/install/ouster_sensor_msgs/share/ament_index/resource_index/parent_prefix_path/ouster_sensor_msgs
[1.586s] -- Up-to-date symlink: /home/awadh/ouster_ws/install/ouster_sensor_msgs/share/ouster_sensor_msgs/environment/ament_prefix_path.sh
[1.586s] -- Up-to-date symlink: /home/awadh/ouster_ws/install/ouster_sensor_msgs/share/ouster_sensor_msgs/environment/ament_prefix_path.dsv
[1.586s] -- Up-to-date symlink: /home/awadh/ouster_ws/install/ouster_sensor_msgs/share/ouster_sensor_msgs/environment/path.sh
[1.587s] -- Up-to-date symlink: /home/awadh/ouster_ws/install/ouster_sensor_msgs/share/ouster_sensor_msgs/environment/path.dsv
[1.587s] -- Up-to-date symlink: /home/awadh/ouster_ws/install/ouster_sensor_msgs/share/ouster_sensor_msgs/local_setup.bash
[1.587s] -- Up-to-date symlink: /home/awadh/ouster_ws/install/ouster_sensor_msgs/share/ouster_sensor_msgs/local_setup.sh
[1.587s] -- Up-to-date symlink: /home/awadh/ouster_ws/install/ouster_sensor_msgs/share/ouster_sensor_msgs/local_setup.zsh
[1.587s] -- Up-to-date symlink: /home/awadh/ouster_ws/install/ouster_sensor_msgs/share/ouster_sensor_msgs/local_setup.dsv
[1.587s] -- Symlinking: /home/awadh/ouster_ws/install/ouster_sensor_msgs/share/ouster_sensor_msgs/package.dsv
[1.594s] -- Up-to-date symlink: /home/awadh/ouster_ws/install/ouster_sensor_msgs/share/ament_index/resource_index/packages/ouster_sensor_msgs
[1.594s] -- Up-to-date symlink: /home/awadh/ouster_ws/install/ouster_sensor_msgs/share/ouster_sensor_msgs/cmake/rosidl_cmake-extras.cmake
[1.594s] -- Up-to-date symlink: /home/awadh/ouster_ws/install/ouster_sensor_msgs/share/ouster_sensor_msgs/cmake/ament_cmake_export_dependencies-extras.cmake
[1.594s] -- Up-to-date symlink: /home/awadh/ouster_ws/install/ouster_sensor_msgs/share/ouster_sensor_msgs/cmake/ament_cmake_export_include_directories-extras.cmake
[1.594s] -- Up-to-date symlink: /home/awadh/ouster_ws/install/ouster_sensor_msgs/share/ouster_sensor_msgs/cmake/ament_cmake_export_libraries-extras.cmake
[1.594s] -- Up-to-date symlink: /home/awadh/ouster_ws/install/ouster_sensor_msgs/share/ouster_sensor_msgs/cmake/ament_cmake_export_targets-extras.cmake
[1.595s] -- Up-to-date symlink: /home/awadh/ouster_ws/install/ouster_sensor_msgs/share/ouster_sensor_msgs/cmake/rosidl_cmake_export_typesupport_targets-extras.cmake
[1.595s] -- Up-to-date symlink: /home/awadh/ouster_ws/install/ouster_sensor_msgs/share/ouster_sensor_msgs/cmake/rosidl_cmake_export_typesupport_libraries-extras.cmake
[1.595s] -- Up-to-date symlink: /home/awadh/ouster_ws/install/ouster_sensor_msgs/share/ouster_sensor_msgs/cmake/ouster_sensor_msgsConfig.cmake
[1.595s] -- Up-to-date symlink: /home/awadh/ouster_ws/install/ouster_sensor_msgs/share/ouster_sensor_msgs/cmake/ouster_sensor_msgsConfig-version.cmake
[1.595s] -- Up-to-date symlink: /home/awadh/ouster_ws/install/ouster_sensor_msgs/share/ouster_sensor_msgs/package.xml
[1.596s] -- Installing: /home/awadh/ouster_ws/install/ouster_sensor_msgs/lib/libouster_sensor_msgs__rosidl_generator_c.so
[1.596s] -- Set runtime path of "/home/awadh/ouster_ws/install/ouster_sensor_msgs/lib/libouster_sensor_msgs__rosidl_generator_c.so" to ""
[1.596s] -- Installing: /home/awadh/ouster_ws/install/ouster_sensor_msgs/lib/libouster_sensor_msgs__rosidl_typesupport_fastrtps_c.so
[1.597s] -- Set runtime path of "/home/awadh/ouster_ws/install/ouster_sensor_msgs/lib/libouster_sensor_msgs__rosidl_typesupport_fastrtps_c.so" to ""
[1.597s] -- Installing: /home/awadh/ouster_ws/install/ouster_sensor_msgs/lib/libouster_sensor_msgs__rosidl_typesupport_fastrtps_cpp.so
[1.597s] -- Set runtime path of "/home/awadh/ouster_ws/install/ouster_sensor_msgs/lib/libouster_sensor_msgs__rosidl_typesupport_fastrtps_cpp.so" to ""
[1.597s] -- Installing: /home/awadh/ouster_ws/install/ouster_sensor_msgs/lib/libouster_sensor_msgs__rosidl_typesupport_introspection_c.so
[1.598s] -- Set runtime path of "/home/awadh/ouster_ws/install/ouster_sensor_msgs/lib/libouster_sensor_msgs__rosidl_typesupport_introspection_c.so" to ""
[1.598s] -- Installing: /home/awadh/ouster_ws/install/ouster_sensor_msgs/lib/libouster_sensor_msgs__rosidl_typesupport_c.so
[1.598s] -- Set runtime path of "/home/awadh/ouster_ws/install/ouster_sensor_msgs/lib/libouster_sensor_msgs__rosidl_typesupport_c.so" to ""
[1.598s] -- Installing: /home/awadh/ouster_ws/install/ouster_sensor_msgs/lib/libouster_sensor_msgs__rosidl_typesupport_introspection_cpp.so
[1.598s] -- Set runtime path of "/home/awadh/ouster_ws/install/ouster_sensor_msgs/lib/libouster_sensor_msgs__rosidl_typesupport_introspection_cpp.so" to ""
[1.599s] -- Installing: /home/awadh/ouster_ws/install/ouster_sensor_msgs/lib/libouster_sensor_msgs__rosidl_typesupport_cpp.so
[1.599s] -- Set runtime path of "/home/awadh/ouster_ws/install/ouster_sensor_msgs/lib/libouster_sensor_msgs__rosidl_typesupport_cpp.so" to ""
[1.621s] Listing '/home/awadh/ouster_ws/install/ouster_sensor_msgs/local/lib/python3.10/dist-packages/ouster_sensor_msgs'...
[1.622s] Listing '/home/awadh/ouster_ws/install/ouster_sensor_msgs/local/lib/python3.10/dist-packages/ouster_sensor_msgs/msg'...
[1.622s] Listing '/home/awadh/ouster_ws/install/ouster_sensor_msgs/local/lib/python3.10/dist-packages/ouster_sensor_msgs/srv'...
[1.624s] -- Installing: /home/awadh/ouster_ws/install/ouster_sensor_msgs/lib/libouster_sensor_msgs__rosidl_generator_py.so
[1.624s] -- Set runtime path of "/home/awadh/ouster_ws/install/ouster_sensor_msgs/lib/libouster_sensor_msgs__rosidl_generator_py.so" to ""
[1.625s] -- Up-to-date: /home/awadh/ouster_ws/install/ouster_sensor_msgs/share/ouster_sensor_msgs/cmake/export_ouster_sensor_msgs__rosidl_generator_cExport.cmake
[1.625s] -- Up-to-date: /home/awadh/ouster_ws/install/ouster_sensor_msgs/share/ouster_sensor_msgs/cmake/export_ouster_sensor_msgs__rosidl_generator_cExport-release.cmake
[1.625s] -- Up-to-date: /home/awadh/ouster_ws/install/ouster_sensor_msgs/share/ouster_sensor_msgs/cmake/export_ouster_sensor_msgs__rosidl_typesupport_fastrtps_cExport.cmake
[1.625s] -- Up-to-date: /home/awadh/ouster_ws/install/ouster_sensor_msgs/share/ouster_sensor_msgs/cmake/export_ouster_sensor_msgs__rosidl_typesupport_fastrtps_cExport-release.cmake
[1.625s] -- Up-to-date: /home/awadh/ouster_ws/install/ouster_sensor_msgs/share/ouster_sensor_msgs/cmake/export_ouster_sensor_msgs__rosidl_generator_cppExport.cmake
[1.626s] -- Up-to-date: /home/awadh/ouster_ws/install/ouster_sensor_msgs/share/ouster_sensor_msgs/cmake/export_ouster_sensor_msgs__rosidl_typesupport_fastrtps_cppExport.cmake
[1.626s] -- Up-to-date: /home/awadh/ouster_ws/install/ouster_sensor_msgs/share/ouster_sensor_msgs/cmake/export_ouster_sensor_msgs__rosidl_typesupport_fastrtps_cppExport-release.cmake
[1.626s] -- Up-to-date: /home/awadh/ouster_ws/install/ouster_sensor_msgs/share/ouster_sensor_msgs/cmake/ouster_sensor_msgs__rosidl_typesupport_introspection_cExport.cmake
[1.626s] -- Up-to-date: /home/awadh/ouster_ws/install/ouster_sensor_msgs/share/ouster_sensor_msgs/cmake/ouster_sensor_msgs__rosidl_typesupport_introspection_cExport-release.cmake
[1.626s] -- Up-to-date: /home/awadh/ouster_ws/install/ouster_sensor_msgs/share/ouster_sensor_msgs/cmake/ouster_sensor_msgs__rosidl_typesupport_cExport.cmake
[1.626s] -- Up-to-date: /home/awadh/ouster_ws/install/ouster_sensor_msgs/share/ouster_sensor_msgs/cmake/ouster_sensor_msgs__rosidl_typesupport_cExport-release.cmake
[1.626s] -- Up-to-date: /home/awadh/ouster_ws/install/ouster_sensor_msgs/share/ouster_sensor_msgs/cmake/ouster_sensor_msgs__rosidl_typesupport_introspection_cppExport.cmake
[1.626s] -- Up-to-date: /home/awadh/ouster_ws/install/ouster_sensor_msgs/share/ouster_sensor_msgs/cmake/ouster_sensor_msgs__rosidl_typesupport_introspection_cppExport-release.cmake
[1.627s] -- Up-to-date: /home/awadh/ouster_ws/install/ouster_sensor_msgs/share/ouster_sensor_msgs/cmake/ouster_sensor_msgs__rosidl_typesupport_cppExport.cmake
[1.627s] -- Up-to-date: /home/awadh/ouster_ws/install/ouster_sensor_msgs/share/ouster_sensor_msgs/cmake/ouster_sensor_msgs__rosidl_typesupport_cppExport-release.cmake
[1.627s] -- Up-to-date: /home/awadh/ouster_ws/install/ouster_sensor_msgs/share/ouster_sensor_msgs/cmake/export_ouster_sensor_msgs__rosidl_generator_pyExport.cmake
[1.627s] -- Up-to-date: /home/awadh/ouster_ws/install/ouster_sensor_msgs/share/ouster_sensor_msgs/cmake/export_ouster_sensor_msgs__rosidl_generator_pyExport-release.cmake
[1.629s] Invoked command in '/home/awadh/ouster_ws/build/ouster_sensor_msgs' returned '0': CMAKE_PREFIX_PATH=/home/awadh/test2_ws/install/pcl_object_detection:/home/awadh/gazebo_ws/install/yolov8_msgs:/home/awadh/gazebo_ws/install/yolobot_recognition:/home/awadh/gazebo_ws/install/yolobot_gazebo:/home/awadh/gazebo_ws/install/yolobot_description:/home/awadh/gazebo_ws/install/yolobot_control:/home/awadh/gazebo_ws/install/my_robot_bringup:/home/awadh/gazebo_ws/install/my_robot_description:/home/awadh/zed_ws/install/zed_ros2:/home/awadh/zed_ws/install/zed_robot_integration:/home/awadh/zed_ws/install/zed_multi_camera:/home/awadh/zed_ws/install/zed_display_rviz2:/home/awadh/zed_ws/install/zed_depth_to_laserscan:/home/awadh/zed_ws/install/zed_wrapper:/home/awadh/zed_ws/install/zed_tutorial_video:/home/awadh/zed_ws/install/zed_tutorial_pos_tracking:/home/awadh/zed_ws/install/zed_tutorial_depth:/home/awadh/zed_ws/install/zed_topic_benchmark:/home/awadh/zed_ws/install/zed_topic_benchmark_component:/home/awadh/zed_ws/install/zed_topic_benchmark_interfaces:/home/awadh/zed_ws/install/zed_rgb_convert:/home/awadh/zed_ws/install/zed_aruco_localization:/home/awadh/zed_ws/install/zed_components:/home/awadh/zed_ws/install/rviz_plugin_zed_od:/home/awadh/zed_ws/install/zed_interfaces:/home/awadh/ouster_ws/install/ouster_ros:/home/awadh/ouster_ws/install/ouster_sensor_msgs:/home/awadh/ros2_ws/install/my_robot_bringup:/home/awadh/ros2_ws/install/turtlesim_project_cpp:/home/awadh/ros2_ws/install/my_cpp_pkg:/home/awadh/ros2_ws/install/my_robot_interfaces:/home/awadh/ros2_ws/install/turtlesim_catch_them_all:/home/awadh/ros2_ws/install/my_py_pkg:/opt/ros/humble:/home/awadh/sick_tim_ws/install/sick_tim /usr/bin/cmake --install /home/awadh/ouster_ws/build/ouster_sensor_msgs
